{"v":1,"ts":"2026-09-23T17:03:24.435Z","level":"debug","origin":"framework","boundary":"instance","component":"core.socket.stream","instance":"echoserver","role":"server","message":"Initiating listen"}
{"v":1,"ts":"2026-09-23T17:03:24.436Z","level":"info","origin":"framework","boundary":"instance","component":"core.socket.stream","instance":"echoserver","role":"server","message":"listener started"}
{"v":1,"ts":"2026-09-23T17:03:24.436Z","level":"info","origin":"application","boundary":"application","component":"echo","message":"echoserver: listening on '127.0.0.1:38925'"}
{"v":1,"ts":"2026-09-23T17:03:24.453Z","level":"info","origin":"framework","boundary":"connection","component":"core.socket.stream","instance":"echoserver","role":"server","connection":"1","message":"transport connected"}
{"v":1,"ts":"2026-09-23T17:03:24.453Z","level":"debug","origin":"framework","boundary":"instance","component":"core.socket.stream","instance":"echoserver","role":"server","message":"Connection 1 connecting"}
{"v":1,"ts":"2026-09-23T17:03:24.453Z","level":"debug","origin":"framework","boundary":"instance","component":"core.socket.stream","instance":"echoserver","role":"server","message":"Local: localhost:38925"}
{"v":1,"ts":"2026-09-23T17:03:24.453Z","level":"debug","origin":"framework","boundary":"instance","component":"core.socket.stream","instance":"echoserver","role":"server","message":"Peer: localhost:46720"}
{"v":1,"ts":"2026-09-23T17:03:24.453Z","level":"debug","origin":"framework","boundary":"instance","component":"core.socket.stream","instance":"echoserver","role":"server","message":"Connection 1 connected"}
{"v":1,"ts":"2026-09-23T17:03:24.453Z","level":"debug","origin":"framework","boundary":"instance","component":"core.socket.stream","instance":"echoserver","role":"server","message":"Local: localhost:38925"}
{"v":1,"ts":"2026-09-23T17:03:24.453Z","level":"debug","origin":"framework","boundary":"instance","component":"core.socket.stream","instance":"echoserver","role":"server","message":"Peer: localhost:46720"}
{"v":1,"ts":"2026-09-23T17:03:24.453Z","level":"debug","origin":"framework","boundary":"connection","component":"core.socket.stream","instance":"echoserver","role":"server","connection":"1","message":"SocketContext created successful"}
{"v":1,"ts":"2026-09-23T17:03:24.453Z","level":"debug","origin":"framework","boundary":"context","component":"core.socket.context","instance":"echoserver","connection":"1","message":"Context attached"}
{"v":1,"ts":"2026-09-23T17:03:24.453Z","level":"info","origin":"application","boundary":"context","component":"core.socket.context","instance":"echoserver","connection":"1","message":"Echo context attached"}
{"v":1,"ts":"2026-09-23T17:03:24.453Z","level":"debug","origin":"application","boundary":"context","component":"core.socket.context","instance":"echoserver","connection":"1","message":"Data to reflect: part-v-checkpoint"}
{"v":1,"ts":"2026-09-23T17:03:24.454Z","level":"debug","origin":"framework","boundary":"context","component":"core.socket.context","instance":"echoserver","connection":"1","message":"SocketContext: EOF received"}
{"v":1,"ts":"2026-09-23T17:03:24.454Z","level":"debug","origin":"framework","boundary":"connection","component":"core.socket.stream","instance":"echoserver","role":"server","connection":"1","message":"Shutdown (WR): success"}
{"v":1,"ts":"2026-09-23T17:03:24.454Z","level":"info","origin":"application","boundary":"context","component":"core.socket.context","instance":"echoserver","connection":"1","message":"Echo context detached: connection close"}
{"v":1,"ts":"2026-09-23T17:03:24.454Z","level":"debug","origin":"framework","boundary":"context","component":"core.socket.context","instance":"echoserver","connection":"1","message":"Context detached for connection close"}
{"v":1,"ts":"2026-09-23T17:03:24.454Z","level":"debug","origin":"framework","boundary":"instance","component":"core.socket.stream","instance":"echoserver","role":"server","message":"Connection 1 disconnected"}
{"v":1,"ts":"2026-09-23T17:03:24.454Z","level":"debug","origin":"framework","boundary":"instance","component":"core.socket.stream","instance":"echoserver","role":"server","message":"Local: localhost:38925"}
{"v":1,"ts":"2026-09-23T17:03:24.454Z","level":"debug","origin":"framework","boundary":"instance","component":"core.socket.stream","instance":"echoserver","role":"server","message":"Peer: localhost:46720"}
{"v":1,"ts":"2026-09-23T17:03:24.454Z","level":"debug","origin":"framework","boundary":"instance","component":"core.socket.stream","instance":"echoserver","role":"server","message":"Online Since: 2026-09-23 17:03:24 UTC"}
{"v":1,"ts":"2026-09-23T17:03:24.454Z","level":"debug","origin":"framework","boundary":"instance","component":"core.socket.stream","instance":"echoserver","role":"server","message":"Online Duration: 00:00:00"}
{"v":1,"ts":"2026-09-23T17:03:24.454Z","level":"debug","origin":"framework","boundary":"instance","component":"core.socket.stream","instance":"echoserver","role":"server","message":"Total Queued: 17"}
{"v":1,"ts":"2026-09-23T17:03:24.454Z","level":"debug","origin":"framework","boundary":"instance","component":"core.socket.stream","instance":"echoserver","role":"server","message":"Total Sent: 17"}
{"v":1,"ts":"2026-09-23T17:03:24.454Z","level":"debug","origin":"framework","boundary":"instance","component":"core.socket.stream","instance":"echoserver","role":"server","message":"Write Delta: 0"}
{"v":1,"ts":"2026-09-23T17:03:24.454Z","level":"debug","origin":"framework","boundary":"instance","component":"core.socket.stream","instance":"echoserver","role":"server","message":"Total Read: 17"}
{"v":1,"ts":"2026-09-23T17:03:24.454Z","level":"debug","origin":"framework","boundary":"instance","component":"core.socket.stream","instance":"echoserver","role":"server","message":"Total Processed: 17"}
{"v":1,"ts":"2026-09-23T17:03:24.454Z","level":"debug","origin":"framework","boundary":"instance","component":"core.socket.stream","instance":"echoserver","role":"server","message":"Read Delta: 0"}
{"v":1,"ts":"2026-09-23T17:03:24.454Z","level":"info","origin":"framework","boundary":"connection","component":"core.socket.stream","instance":"echoserver","role":"server","connection":"1","message":"transport disconnected"}
{"v":1,"ts":"2026-09-23T17:03:24.455Z","level":"info","origin":"framework","boundary":"instance","component":"core.socket.stream","instance":"echoserver","role":"server","message":"listener stopped"}
