2026-09-23T12:28:56.427Z DBG framework/system core.mux inst=epoll — Core::multiplexer: epoll
2026-09-23T12:28:56.427Z TRC framework/system core.event-loop — SNode.C: Starting ... HELLO
2026-09-23T12:28:56.431Z TRC framework/system core.event-loop — Core::EventLoop: started
2026-09-23T12:28:56.431Z DBG framework/instance core.socket.stream role=server inst=echoserver — Initiating listen
2026-09-23T12:28:56.432Z DBG framework/connection core.socket — echoserver Listen: starting
2026-09-23T12:28:56.432Z DBG framework/connection core.socket — echoserver open 127.0.0.1:48253 (127.0.0.1): success
2026-09-23T12:28:56.432Z DBG framework/connection core.socket — echoserver bind 127.0.0.1:48253 (127.0.0.1) (effective: 127.0.0.1:48253): success
2026-09-23T12:28:56.432Z DBG framework/connection core.socket — echoserver listen 127.0.0.1:48253: success
2026-09-23T12:28:56.432Z TRC framework/system core.eventreceiver inst="echoserver SocketAcceptor accept" — READ descriptor enabled
2026-09-23T12:28:56.432Z DBG framework/connection core.socket — echoserver enable 127.0.0.1:48253: success
2026-09-23T12:28:56.432Z INF framework/instance core.socket.stream role=server inst=echoserver — listener started
2026-09-23T12:28:56.432Z INF application/application echo — echoserver: listening on '127.0.0.1:48253'
2026-09-23T12:28:56.449Z TRC framework/connection core.socket.stream role=server inst=echoserver conn=1 — PeerAddress (local): localhost:48253
2026-09-23T12:28:56.449Z TRC framework/connection core.socket.stream role=server inst=echoserver conn=1 — PeerAddress (remote): localhost:56718
2026-09-23T12:28:56.449Z TRC framework/connection core.socket.stream role=server inst=echoserver conn=1 — READ descriptor enabled
2026-09-23T12:28:56.449Z TRC framework/connection core.socket.stream role=server inst=echoserver conn=1 — WRITE descriptor enabled
2026-09-23T12:28:56.449Z INF framework/connection core.socket.stream role=server inst=echoserver conn=1 — transport connected
2026-09-23T12:28:56.449Z DBG framework/connection core.socket — echoserver accept 127.0.0.1:48253: success
2026-09-23T12:28:56.450Z DBG framework/connection core.socket —   localhost:56718 -> localhost:48253
2026-09-23T12:28:56.450Z DBG framework/instance core.socket.stream role=server inst=echoserver — Connection 1 connecting
2026-09-23T12:28:56.450Z DBG framework/instance core.socket.stream role=server inst=echoserver — Local: localhost:48253
2026-09-23T12:28:56.450Z DBG framework/instance core.socket.stream role=server inst=echoserver — Peer: localhost:56718
2026-09-23T12:28:56.450Z DBG framework/instance core.socket.stream role=server inst=echoserver — Connection 1 connected
2026-09-23T12:28:56.450Z DBG framework/instance core.socket.stream role=server inst=echoserver — Local: localhost:48253
2026-09-23T12:28:56.450Z DBG framework/instance core.socket.stream role=server inst=echoserver — Peer: localhost:56718
2026-09-23T12:28:56.450Z DBG framework/connection core.socket.stream role=server inst=echoserver conn=1 — SocketContext created successful
2026-09-23T12:28:56.450Z DBG framework/context core.socket.context inst=echoserver conn=1 — Context attached
2026-09-23T12:28:56.450Z INF application/context core.socket.context inst=echoserver conn=1 — Echo context attached
2026-09-23T12:28:56.651Z DBG application/context core.socket.context inst=echoserver conn=1 — Data to reflect: diagnosis
2026-09-23T12:28:56.654Z TRC framework/system core.event-loop — Core: Received signal 'Interrupt' (SIGINT = 2)
2026-09-23T12:28:56.654Z TRC framework/connection core.socket.stream role=server inst=echoserver conn=1 — OnReadError: EOF received
2026-09-23T12:28:56.654Z TRC framework/connection core.socket.stream role=server inst=echoserver conn=1 — READ descriptor disabled
2026-09-23T12:28:56.654Z DBG framework/context core.socket.context inst=echoserver conn=1 — SocketContext: EOF received
2026-09-23T12:28:56.654Z TRC framework/connection core.socket.stream role=server inst=echoserver conn=1 — Stop writing
2026-09-23T12:28:56.654Z TRC framework/connection core.socket.stream role=server inst=echoserver conn=1 — Write shutdown started
2026-09-23T12:28:56.654Z TRC framework/connection core.socket.stream role=server inst=echoserver conn=1 — Shutdown (WR)
2026-09-23T12:28:56.655Z DBG framework/connection core.socket.stream role=server inst=echoserver conn=1 — Shutdown (WR): success
2026-09-23T12:28:56.655Z TRC framework/connection core.socket.stream role=server inst=echoserver conn=1 — WRITE descriptor disabled
2026-09-23T12:28:56.655Z INF application/context core.socket.context inst=echoserver conn=1 — Echo context detached: connection close
2026-09-23T12:28:56.655Z DBG framework/context core.socket.context inst=echoserver conn=1 — Context detached for connection close
2026-09-23T12:28:56.655Z DBG framework/instance core.socket.stream role=server inst=echoserver — Connection 1 disconnected
2026-09-23T12:28:56.656Z DBG framework/instance core.socket.stream role=server inst=echoserver — Local: localhost:48253
2026-09-23T12:28:56.656Z DBG framework/instance core.socket.stream role=server inst=echoserver — Peer: localhost:56718
2026-09-23T12:28:56.656Z DBG framework/instance core.socket.stream role=server inst=echoserver — Online Since: 2026-09-23 12:28:56 UTC
2026-09-23T12:28:56.656Z DBG framework/instance core.socket.stream role=server inst=echoserver — Online Duration: 00:00:00
2026-09-23T12:28:56.656Z DBG framework/instance core.socket.stream role=server inst=echoserver — Total Queued: 9
2026-09-23T12:28:56.656Z DBG framework/instance core.socket.stream role=server inst=echoserver — Total Sent: 9
2026-09-23T12:28:56.656Z DBG framework/instance core.socket.stream role=server inst=echoserver — Write Delta: 0
2026-09-23T12:28:56.656Z DBG framework/instance core.socket.stream role=server inst=echoserver — Total Read: 9
2026-09-23T12:28:56.656Z DBG framework/instance core.socket.stream role=server inst=echoserver — Total Processed: 9
2026-09-23T12:28:56.656Z DBG framework/instance core.socket.stream role=server inst=echoserver — Read Delta: 0
2026-09-23T12:28:56.656Z INF framework/connection core.socket.stream role=server inst=echoserver conn=1 — transport disconnected
2026-09-23T12:28:56.656Z TRC framework/system core.event-loop — Core::EventLoop: Stopped
2026-09-23T12:28:56.656Z TRC framework/system core.event-loop — Core: Graceful shutdown after signal SIGINT
2026-09-23T12:28:56.656Z TRC framework/system core.eventreceiver inst="echoserver SocketAcceptor accept" — READ descriptor disabled
2026-09-23T12:28:56.657Z INF framework/instance core.socket.stream role=server inst=echoserver — listener stopped
2026-09-23T12:28:56.657Z TRC framework/system core.event-loop — Core: Terminate remaining DescriptorEventReceivers and timers
2026-09-23T12:28:56.657Z TRC framework/system core.event-loop — Core: Shutdown config system
2026-09-23T12:28:56.658Z TRC framework/system core.event-loop — Core: All resources released
2026-09-23T12:28:56.658Z TRC framework/system core.event-loop — SNode.C: Ended ... BYE
