2026-09-23T12:28:55.186Z DBG framework/system core.mux inst=epoll — Core::multiplexer: epoll
2026-09-23T12:28:55.186Z TRC framework/system core.event-loop — SNode.C: Starting ... HELLO
2026-09-23T12:28:55.190Z TRC framework/system core.event-loop — Core::EventLoop: started
2026-09-23T12:28:55.190Z DBG framework/instance core.socket.stream role=server inst=echoserver — Initiating listen
2026-09-23T12:28:55.191Z DBG framework/connection core.socket — echoserver Listen: starting
2026-09-23T12:28:55.191Z DBG framework/connection core.socket — echoserver open 127.0.0.1:45161 (127.0.0.1): success
2026-09-23T12:28:55.191Z DBG framework/connection core.socket — echoserver bind 127.0.0.1:45161 (127.0.0.1) (effective: 127.0.0.1:45161): success
2026-09-23T12:28:55.191Z DBG framework/connection core.socket — echoserver listen 127.0.0.1:45161: success
2026-09-23T12:28:55.191Z TRC framework/system core.eventreceiver inst="echoserver SocketAcceptor accept" — READ descriptor enabled
2026-09-23T12:28:55.191Z DBG framework/connection core.socket — echoserver enable 127.0.0.1:45161: success
2026-09-23T12:28:55.191Z INF framework/instance core.socket.stream role=server inst=echoserver — listener started
2026-09-23T12:28:55.191Z INF application/application echo — echoserver: listening on '127.0.0.1:45161'
2026-09-23T12:28:55.208Z TRC framework/connection core.socket.stream role=server inst=echoserver conn=1 — PeerAddress (local): localhost:45161
2026-09-23T12:28:55.208Z TRC framework/connection core.socket.stream role=server inst=echoserver conn=1 — PeerAddress (remote): localhost:59242
2026-09-23T12:28:55.208Z TRC framework/connection core.socket.stream role=server inst=echoserver conn=1 — READ descriptor enabled
2026-09-23T12:28:55.208Z TRC framework/connection core.socket.stream role=server inst=echoserver conn=1 — WRITE descriptor enabled
2026-09-23T12:28:55.208Z INF framework/connection core.socket.stream role=server inst=echoserver conn=1 — transport connected
2026-09-23T12:28:55.208Z DBG framework/connection core.socket — echoserver accept 127.0.0.1:45161: success
2026-09-23T12:28:55.208Z DBG framework/connection core.socket —   localhost:59242 -> localhost:45161
2026-09-23T12:28:55.208Z DBG framework/instance core.socket.stream role=server inst=echoserver — Connection 1 connecting
2026-09-23T12:28:55.208Z DBG framework/instance core.socket.stream role=server inst=echoserver — Local: localhost:45161
2026-09-23T12:28:55.208Z DBG framework/instance core.socket.stream role=server inst=echoserver — Peer: localhost:59242
2026-09-23T12:28:55.208Z DBG framework/instance core.socket.stream role=server inst=echoserver — Connection 1 connected
2026-09-23T12:28:55.208Z DBG framework/instance core.socket.stream role=server inst=echoserver — Local: localhost:45161
2026-09-23T12:28:55.208Z DBG framework/instance core.socket.stream role=server inst=echoserver — Peer: localhost:59242
2026-09-23T12:28:55.208Z DBG framework/connection core.socket.stream role=server inst=echoserver conn=1 — SocketContext created successful
2026-09-23T12:28:55.208Z DBG framework/context core.socket.context inst=echoserver conn=1 — Context attached
2026-09-23T12:28:55.208Z INF application/context core.socket.context inst=echoserver conn=1 — Echo context attached
2026-09-23T12:28:55.410Z DBG application/context core.socket.context inst=echoserver conn=1 — Data to reflect: diagnosis
2026-09-23T12:28:55.412Z TRC framework/system core.event-loop — Core: Received signal 'Interrupt' (SIGINT = 2)
2026-09-23T12:28:55.412Z TRC framework/connection core.socket.stream role=server inst=echoserver conn=1 — OnReadError: EOF received
2026-09-23T12:28:55.412Z TRC framework/connection core.socket.stream role=server inst=echoserver conn=1 — READ descriptor disabled
2026-09-23T12:28:55.412Z DBG framework/context core.socket.context inst=echoserver conn=1 — SocketContext: EOF received
2026-09-23T12:28:55.412Z TRC framework/connection core.socket.stream role=server inst=echoserver conn=1 — Stop writing
2026-09-23T12:28:55.412Z TRC framework/connection core.socket.stream role=server inst=echoserver conn=1 — Write shutdown started
2026-09-23T12:28:55.412Z TRC framework/connection core.socket.stream role=server inst=echoserver conn=1 — Shutdown (WR)
2026-09-23T12:28:55.412Z DBG framework/connection core.socket.stream role=server inst=echoserver conn=1 — Shutdown (WR): success
2026-09-23T12:28:55.412Z TRC framework/connection core.socket.stream role=server inst=echoserver conn=1 — WRITE descriptor disabled
2026-09-23T12:28:55.413Z INF application/context core.socket.context inst=echoserver conn=1 — Echo context detached: connection close
2026-09-23T12:28:55.413Z DBG framework/context core.socket.context inst=echoserver conn=1 — Context detached for connection close
2026-09-23T12:28:55.413Z DBG framework/instance core.socket.stream role=server inst=echoserver — Connection 1 disconnected
2026-09-23T12:28:55.413Z DBG framework/instance core.socket.stream role=server inst=echoserver — Local: localhost:45161
2026-09-23T12:28:55.413Z DBG framework/instance core.socket.stream role=server inst=echoserver — Peer: localhost:59242
2026-09-23T12:28:55.413Z DBG framework/instance core.socket.stream role=server inst=echoserver — Online Since: 2026-09-23 12:28:55 UTC
2026-09-23T12:28:55.413Z DBG framework/instance core.socket.stream role=server inst=echoserver — Online Duration: 00:00:00
2026-09-23T12:28:55.413Z DBG framework/instance core.socket.stream role=server inst=echoserver — Total Queued: 9
2026-09-23T12:28:55.413Z DBG framework/instance core.socket.stream role=server inst=echoserver — Total Sent: 9
2026-09-23T12:28:55.413Z DBG framework/instance core.socket.stream role=server inst=echoserver — Write Delta: 0
2026-09-23T12:28:55.413Z DBG framework/instance core.socket.stream role=server inst=echoserver — Total Read: 9
2026-09-23T12:28:55.413Z DBG framework/instance core.socket.stream role=server inst=echoserver — Total Processed: 9
2026-09-23T12:28:55.413Z DBG framework/instance core.socket.stream role=server inst=echoserver — Read Delta: 0
2026-09-23T12:28:55.413Z INF framework/connection core.socket.stream role=server inst=echoserver conn=1 — transport disconnected
2026-09-23T12:28:55.413Z TRC framework/system core.event-loop — Core::EventLoop: Stopped
2026-09-23T12:28:55.413Z TRC framework/system core.event-loop — Core: Graceful shutdown after signal SIGINT
2026-09-23T12:28:55.413Z TRC framework/system core.eventreceiver inst="echoserver SocketAcceptor accept" — READ descriptor disabled
2026-09-23T12:28:55.413Z INF framework/instance core.socket.stream role=server inst=echoserver — listener stopped
2026-09-23T12:28:55.414Z TRC framework/system core.event-loop — Core: Terminate remaining DescriptorEventReceivers and timers
2026-09-23T12:28:55.414Z TRC framework/system core.event-loop — Core: Shutdown config system
2026-09-23T12:28:55.414Z TRC framework/system core.event-loop — Core: All resources released
2026-09-23T12:28:55.414Z TRC framework/system core.event-loop — SNode.C: Ended ... BYE
