UpdateCTestConfiguration  from :/home/voc/projects/snodec/publications/book/build/rebaseline-R2-07ca9a29-followup11/examples-P3/DartConfiguration.tcl
Test project /home/voc/projects/snodec/publications/book/build/rebaseline-R2-07ca9a29-followup11/examples-P3
Constructing a list of tests
Done constructing a list of tests
Updating test list for fixtures
Added 0 tests to meet fixture requirements
Checking test dependency graph...
Checking test dependency graph end
test 1
      Start  1: exercise-ch01

1: Test command: /usr/bin/python3 "/home/voc/projects/snodec/publications/book/companion/exercises/ch01/solution.py" "/home/voc/projects/snodec/publications/book/build/rebaseline-R2-07ca9a29-followup11/examples-P3/companion/examples/EchoPair/echoserver" "/home/voc/projects/snodec/publications/book/build/rebaseline-R2-07ca9a29-followup11/examples-P3/companion/examples/Comparison-AsioEcho/asio-echo"
1: Working Directory: /home/voc/projects/snodec/publications/book/build/rebaseline-R2-07ca9a29-followup11/examples-P3/companion/exercises/ch01
1: Test timeout computed to be: 40
1: PASS: snodec: 20480 binary bytes unchanged; next connection also works
1: PASS: asio: 20480 binary bytes unchanged; next connection also works
 1/66 Test  #1: exercise-ch01 ...........................   Passed    0.21 sec
test 2
      Start  2: exercise-ch01-independent-peers

2: Test command: /usr/bin/python3 "/home/voc/projects/snodec/publications/book/companion/exercises/ch01/independent-peers.py" "/home/voc/projects/snodec/publications/book/build/rebaseline-R2-07ca9a29-followup11/examples-P3/companion/examples/EchoPair/echoserver" "/home/voc/projects/snodec/publications/book/build/rebaseline-R2-07ca9a29-followup11/examples-P3/companion/examples/Comparison-AsioEcho/asio-echo"
2: Working Directory: /home/voc/projects/snodec/publications/book/build/rebaseline-R2-07ca9a29-followup11/examples-P3/companion/exercises/ch01
2: Test timeout computed to be: 40
2: PASS: snodec: active peer works while another is idle and after it closes
2: PASS: asio: active peer works while another is idle and after it closes
 2/66 Test  #2: exercise-ch01-independent-peers .........   Passed    0.14 sec
test 3
      Start  3: exercise-ch02-consumer

3: Test command: /usr/bin/python3 "/home/voc/projects/snodec/publications/book/companion/exercises/ch02/solution.py" "consumer"
3: Working Directory: /home/voc/projects/snodec/publications/book/build/rebaseline-R2-07ca9a29-followup11/examples-P3/companion/exercises/ch02
3: Test timeout computed to be: 180
3: -- The CXX compiler identification is GNU 16.2.0
3: -- Detecting CXX compiler ABI info
3: -- Detecting CXX compiler ABI info - done
3: -- Check for working CXX compiler: /usr/bin/c++ - skipped
3: -- Detecting CXX compile features
3: -- Detecting CXX compile features - done
3: net-in-stream-legacy: loading dependencies 'net-in-stream, core-socket-stream-legacy'
3:   net-in-stream: loading dependencies 'net-in-phy-stream'
3:     net-in-phy-stream: loading dependencies 'net-in-phy'
3:       net-in-phy: loading dependencies 'net-in'
3:         net-in: loading dependencies 'net'
3:           net: loading dependencies 'core-socket'
3:             core-socket: loading dependencies 'core'
3:               core: loading dependencies 'mux-epoll, utils'
3:                 mux-epoll: loaded
3:                 utils: loading dependencies 'logger'
3:                   logger: loaded
3:                 utils: loaded
3:               core: loaded
3:             core-socket: loaded
3:           net: loaded
3:         net-in: loaded
3:       net-in-phy: loaded
3:     net-in-phy-stream: loaded
3:   net-in-stream: loaded
3:   core-socket-stream-legacy: loading dependencies 'core-socket-stream'
3:     core-socket-stream: loading dependencies 'core-socket'
3:       core-socket: already loaded
3:     core-socket-stream: loaded
3:   core-socket-stream-legacy: loaded
3: net-in-stream-legacy: loaded
3: -- Configuring done (0.2s)
3: -- Generating done (0.0s)
3: -- Build files have been written to: /tmp/snodec-environment-lab-yjv98y9b/build
3: [ 16%] Building CXX object CMakeFiles/echosocketcontext.dir/EchoSocketContext.cpp.o
3: [ 33%] Linking CXX static library libechosocketcontext.a
3: [ 33%] Built target echosocketcontext
3: [ 66%] Building CXX object CMakeFiles/echoserver.dir/echoserver.cpp.o
3: [ 66%] Building CXX object CMakeFiles/echoclient.dir/echoclient.cpp.o
3: [ 83%] Linking CXX executable echoserver
3: [100%] Linking CXX executable echoclient
3: [100%] Built target echoserver
3: [100%] Built target echoclient
3: PASS: snodec_DIR selects the requested installation: /home/voc/projects/snodec/publications/book/build/rebaseline-R2-07ca9a29-followup11/install-gcc/lib/cmake/snodec
3: PASS: canonical EchoPair builds and its server reflects environment-ready unchanged
 3/66 Test  #3: exercise-ch02-consumer ..................   Passed    4.01 sec
test 4
      Start  4: exercise-ch02-component

4: Test command: /usr/bin/python3 "/home/voc/projects/snodec/publications/book/companion/exercises/ch02/solution.py" "component"
4: Working Directory: /home/voc/projects/snodec/publications/book/build/rebaseline-R2-07ca9a29-followup11/examples-P3/companion/exercises/ch02
4: Test timeout computed to be: 180
4: net-in-stream-legacy: loading dependencies 'net-in-stream, core-socket-stream-legacy'
4:   net-in-stream: loading dependencies 'net-in-phy-stream'
4:     net-in-phy-stream: loading dependencies 'net-in-phy'
4:       net-in-phy: loading dependencies 'net-in'
4:         net-in: loading dependencies 'net'
4:           net: loading dependencies 'core-socket'
4:             core-socket: loading dependencies 'core'
4:               core: loading dependencies 'mux-epoll, utils'
4:                 mux-epoll: loaded
4:                 utils: loading dependencies 'logger'
4:                   logger: loaded
4:                 utils: loaded
4:               core: loaded
4:             core-socket: loaded
4:           net: loaded
4:         net-in: loaded
4:       net-in-phy: loaded
4:     net-in-phy-stream: loaded
4:   net-in-stream: loaded
4:   core-socket-stream-legacy: loading dependencies 'core-socket-stream'
4:     core-socket-stream: loading dependencies 'core-socket'
4:       core-socket: already loaded
4:     core-socket-stream: loaded
4:   core-socket-stream-legacy: loaded
4: net-in-stream-legacy: loaded
4: -- Configuring done (0.0s)
4: -- Generating done (0.0s)
4: -- Build files have been written to: /tmp/snodec-environment-lab-66uqv60t/build
4: [ 16%] Building CXX object CMakeFiles/echosocketcontext.dir/EchoSocketContext.cpp.o
4: [ 33%] Linking CXX static library libechosocketcontext.a
4: [ 33%] Built target echosocketcontext
4: [ 66%] Building CXX object CMakeFiles/echoserver.dir/echoserver.cpp.o
4: [ 66%] Building CXX object CMakeFiles/echoclient.dir/echoclient.cpp.o
4: [ 83%] Linking CXX executable echoserver
4: [100%] Linking CXX executable echoclient
4: [100%] Built target echoserver
4: [100%] Built target echoclient
4: -- The CXX compiler identification is GNU 16.2.0
4: -- Detecting CXX compiler ABI info
4: -- Detecting CXX compiler ABI info - done
4: -- Check for working CXX compiler: /usr/bin/c++ - skipped
4: -- Detecting CXX compile features
4: -- Detecting CXX compile features - done
4: CMake Error at CMakeLists.txt:9 (find_package):
4:   Found package configuration file:
4: 
4:     /home/voc/projects/snodec/publications/book/build/rebaseline-R2-07ca9a29-followup11/install-gcc/lib/cmake/snodec/snodecConfig.cmake
4: 
4:   but it set snodec_FOUND to FALSE so package "snodec" is considered to be
4:   NOT FOUND.  Reason given by package:
4: 
4:   Unsupported SNode.C component requested: net-in-stream-missing
4: 
4: 
4: 
4: -- Configuring incomplete, errors occurred!
4: 
4: PASS: missing component stops configuration before any runtime endpoint exists
4: PASS: snodec_DIR selects the requested installation: /home/voc/projects/snodec/publications/book/build/rebaseline-R2-07ca9a29-followup11/install-gcc/lib/cmake/snodec
4: PASS: canonical EchoPair builds and its server reflects environment-ready unchanged
 4/66 Test  #4: exercise-ch02-component .................   Passed    4.04 sec
test 5
      Start  5: exercise-ch03

5: Test command: /usr/bin/python3 "/home/voc/projects/snodec/publications/book/companion/exercises/ch03/solution.py" "/home/voc/projects/snodec/publications/book/build/rebaseline-R2-07ca9a29-followup11/examples-P3/companion/examples/EchoPair/echoserver" "/home/voc/projects/snodec/publications/book/build/rebaseline-R2-07ca9a29-followup11/examples-P3/companion/exercises/ch03/greeting-client"
5: Working Directory: /home/voc/projects/snodec/publications/book/build/rebaseline-R2-07ca9a29-followup11/examples-P3/companion/exercises/ch03
5: Test timeout computed to be: 40
5: PASS: EchoPair receives Learning by echo
5: PASS: independent measurement peers reflect even invalid values; closing one leaves the other usable
5: PASS: changed greeting and unchanged binary reflection with a controlled peer
 5/66 Test  #5: exercise-ch03 ...........................   Passed    0.16 sec
test 6
      Start  6: exercise-ch03-occupied-port

6: Test command: /usr/bin/python3 "/home/voc/projects/snodec/publications/book/companion/exercises/ch03/occupied-port.py" "/home/voc/projects/snodec/publications/book/build/rebaseline-R2-07ca9a29-followup11/examples-P3/companion/examples/EchoPair/echoserver"
6: Working Directory: /home/voc/projects/snodec/publications/book/build/rebaseline-R2-07ca9a29-followup11/examples-P3/companion/exercises/ch03
6: Test timeout computed to be: 40
6: PASS: second listener reports occupied endpoint; original owner still reflects bytes
 6/66 Test  #6: exercise-ch03-occupied-port .............   Passed    0.11 sec
test 7
      Start  7: exercise-ch04-model-instances

7: Test command: /home/voc/projects/snodec/publications/book/build/rebaseline-R2-07ca9a29-followup11/examples-P3/companion/exercises/ch32/model-instances
7: Working Directory: /home/voc/projects/snodec/publications/book/build/rebaseline-R2-07ca9a29-followup11/examples-P3/companion/exercises/ch04
7: Test timeout computed to be: 40
7: PASS: shared inputs accept 1,2; separate model instances each accept 1
 7/66 Test  #7: exercise-ch04-model-instances ...........   Passed    0.00 sec
test 8
      Start  8: exercise-ch04-independent-peers

8: Test command: /usr/bin/python3 "/home/voc/projects/snodec/publications/book/companion/exercises/ch04/../ch01/independent-peers.py" "/home/voc/projects/snodec/publications/book/build/rebaseline-R2-07ca9a29-followup11/examples-P3/companion/examples/EchoPair/echoserver"
8: Working Directory: /home/voc/projects/snodec/publications/book/build/rebaseline-R2-07ca9a29-followup11/examples-P3/companion/exercises/ch04
8: Test timeout computed to be: 40
8: PASS: snodec: active peer works while another is idle and after it closes
 8/66 Test  #8: exercise-ch04-independent-peers .........   Passed    0.09 sec
test 9
      Start  9: exercise-ch05-layer-families

9: Test command: /usr/bin/python3 "/home/voc/projects/snodec/publications/book/companion/exercises/ch05/../ch07/families.py" "ipv4" "/home/voc/projects/snodec/publications/book/build/rebaseline-R2-07ca9a29-followup11/examples-P3/companion/exercises/ch07/endpoint-in" "unix" "/home/voc/projects/snodec/publications/book/build/rebaseline-R2-07ca9a29-followup11/examples-P3/companion/exercises/ch07/endpoint-un"
9: Working Directory: /home/voc/projects/snodec/publications/book/build/rebaseline-R2-07ca9a29-followup11/examples-P3/companion/exercises/ch05
9: Test timeout computed to be: 40
9: IDENTITY	localhost:46239	localhost:40292
9: ipv4: producer local=('127.0.0.1', 40292), service=('127.0.0.1', 46239)
9: PASS: ipv4: exact measurement bytes, matching identities, owned cleanup
9: IDENTITY	/tmp/endpoint-lab-xy8pb574/service.sock	/tmp/endpoint-lab-xy8pb574/producer.sock
9: unix: producer local=/tmp/endpoint-lab-xy8pb574/producer.sock, service=/tmp/endpoint-lab-xy8pb574/service.sock
9: PASS: unix: exact measurement bytes, matching identities, owned cleanup
 9/66 Test  #9: exercise-ch05-layer-families ............   Passed    0.15 sec
test 10
      Start 10: exercise-ch05-layer-component

10: Test command: /usr/bin/python3 "/home/voc/projects/snodec/publications/book/companion/exercises/ch05/../ch02/solution.py" "component"
10: Working Directory: /home/voc/projects/snodec/publications/book/build/rebaseline-R2-07ca9a29-followup11/examples-P3/companion/exercises/ch05
10: Test timeout computed to be: 180
10: net-in-stream-legacy: loading dependencies 'net-in-stream, core-socket-stream-legacy'
10:   net-in-stream: loading dependencies 'net-in-phy-stream'
10:     net-in-phy-stream: loading dependencies 'net-in-phy'
10:       net-in-phy: loading dependencies 'net-in'
10:         net-in: loading dependencies 'net'
10:           net: loading dependencies 'core-socket'
10:             core-socket: loading dependencies 'core'
10:               core: loading dependencies 'mux-epoll, utils'
10:                 mux-epoll: loaded
10:                 utils: loading dependencies 'logger'
10:                   logger: loaded
10:                 utils: loaded
10:               core: loaded
10:             core-socket: loaded
10:           net: loaded
10:         net-in: loaded
10:       net-in-phy: loaded
10:     net-in-phy-stream: loaded
10:   net-in-stream: loaded
10:   core-socket-stream-legacy: loading dependencies 'core-socket-stream'
10:     core-socket-stream: loading dependencies 'core-socket'
10:       core-socket: already loaded
10:     core-socket-stream: loaded
10:   core-socket-stream-legacy: loaded
10: net-in-stream-legacy: loaded
10: -- Configuring done (0.0s)
10: -- Generating done (0.0s)
10: -- Build files have been written to: /tmp/snodec-environment-lab-4lb3896s/build
10: [ 16%] Building CXX object CMakeFiles/echosocketcontext.dir/EchoSocketContext.cpp.o
10: [ 33%] Linking CXX static library libechosocketcontext.a
10: [ 33%] Built target echosocketcontext
10: [ 50%] Building CXX object CMakeFiles/echoserver.dir/echoserver.cpp.o
10: [ 66%] Building CXX object CMakeFiles/echoclient.dir/echoclient.cpp.o
10: [ 83%] Linking CXX executable echoserver
10: [100%] Linking CXX executable echoclient
10: [100%] Built target echoserver
10: [100%] Built target echoclient
10: -- The CXX compiler identification is GNU 16.2.0
10: -- Detecting CXX compiler ABI info
10: -- Detecting CXX compiler ABI info - done
10: -- Check for working CXX compiler: /usr/bin/c++ - skipped
10: -- Detecting CXX compile features
10: -- Detecting CXX compile features - done
10: CMake Error at CMakeLists.txt:9 (find_package):
10:   Found package configuration file:
10: 
10:     /home/voc/projects/snodec/publications/book/build/rebaseline-R2-07ca9a29-followup11/install-gcc/lib/cmake/snodec/snodecConfig.cmake
10: 
10:   but it set snodec_FOUND to FALSE so package "snodec" is considered to be
10:   NOT FOUND.  Reason given by package:
10: 
10:   Unsupported SNode.C component requested: net-in-stream-missing
10: 
10: 
10: 
10: -- Configuring incomplete, errors occurred!
10: 
10: PASS: missing component stops configuration before any runtime endpoint exists
10: PASS: snodec_DIR selects the requested installation: /home/voc/projects/snodec/publications/book/build/rebaseline-R2-07ca9a29-followup11/install-gcc/lib/cmake/snodec
10: PASS: canonical EchoPair builds and its server reflects environment-ready unchanged
10/66 Test #10: exercise-ch05-layer-component ...........   Passed    3.97 sec
test 11
      Start 11: exercise-ch06-deferred-work

11: Test command: /home/voc/projects/snodec/publications/book/build/rebaseline-R2-07ca9a29-followup11/examples-P3/companion/exercises/ch06/deferred-work
11: Working Directory: /home/voc/projects/snodec/publications/book/build/rebaseline-R2-07ca9a29-followup11/examples-P3/companion/exercises/ch06
11: Environment variables: 
11:  XDG_CONFIG_HOME=/home/voc/projects/snodec/publications/book/build/rebaseline-R2-07ca9a29-followup11/examples-P3/companion/exercises/ch06/config
11: Test timeout computed to be: 10
11: PASS: empty trace before start; RUNNING dispatch gives 1,2,3; child sees first callback returned
11/66 Test #11: exercise-ch06-deferred-work .............   Passed    0.01 sec
test 12
      Start 12: exercise-ch06-model-checkpoint

12: Test command: /home/voc/projects/snodec/publications/book/build/rebaseline-R2-07ca9a29-followup11/examples-P3/companion/exercises/ch32/model-ownership
12: Working Directory: /home/voc/projects/snodec/publications/book/build/rebaseline-R2-07ca9a29-followup11/examples-P3/companion/exercises/ch06
12: Test timeout computed to be: 10
12: PASS: input 900,2,1 -> accepted 1,2,3; detached observer sees only 1,2
12/66 Test #12: exercise-ch06-model-checkpoint ..........   Passed    0.00 sec
test 13
      Start 13: exercise-ch07-ip-families

13: Test command: /usr/bin/python3 "/home/voc/projects/snodec/publications/book/companion/exercises/ch07/families.py" "ipv4" "/home/voc/projects/snodec/publications/book/build/rebaseline-R2-07ca9a29-followup11/examples-P3/companion/exercises/ch07/endpoint-in" "ipv6" "/home/voc/projects/snodec/publications/book/build/rebaseline-R2-07ca9a29-followup11/examples-P3/companion/exercises/ch07/endpoint-in6"
13: Working Directory: /home/voc/projects/snodec/publications/book/build/rebaseline-R2-07ca9a29-followup11/examples-P3/companion/exercises/ch07
13: Test timeout computed to be: 40
13: IDENTITY	localhost:55837	localhost:47282
13: ipv4: producer local=('127.0.0.1', 47282), service=('127.0.0.1', 55837)
13: PASS: ipv4: exact measurement bytes, matching identities, owned cleanup
13: IDENTITY	localhost:59871	localhost:35024
13: ipv6: producer local=('::1', 35024, 0, 0), service=('::1', 59871, 0, 0)
13: PASS: ipv6: exact measurement bytes, matching identities, owned cleanup
13/66 Test #13: exercise-ch07-ip-families ...............   Passed    0.14 sec
test 14
      Start 14: exercise-ch07-unix-path

14: Test command: /usr/bin/python3 "/home/voc/projects/snodec/publications/book/companion/exercises/ch07/families.py" "unix" "/home/voc/projects/snodec/publications/book/build/rebaseline-R2-07ca9a29-followup11/examples-P3/companion/exercises/ch07/endpoint-un"
14: Working Directory: /home/voc/projects/snodec/publications/book/build/rebaseline-R2-07ca9a29-followup11/examples-P3/companion/exercises/ch07
14: Test timeout computed to be: 40
14: IDENTITY	/tmp/endpoint-lab-rtaly5gk/service.sock	/tmp/endpoint-lab-rtaly5gk/producer.sock
14: unix: producer local=/tmp/endpoint-lab-rtaly5gk/producer.sock, service=/tmp/endpoint-lab-rtaly5gk/service.sock
14: PASS: unix: exact measurement bytes, matching identities, owned cleanup
14/66 Test #14: exercise-ch07-unix-path .................   Passed    0.10 sec
test 15
      Start 15: exercise-ch08-independent-peers

15: Test command: /usr/bin/python3 "/home/voc/projects/snodec/publications/book/companion/exercises/ch08/../ch01/independent-peers.py" "/home/voc/projects/snodec/publications/book/build/rebaseline-R2-07ca9a29-followup11/examples-P3/companion/examples/EchoPair/echoserver"
15: Working Directory: /home/voc/projects/snodec/publications/book/build/rebaseline-R2-07ca9a29-followup11/examples-P3/companion/exercises/ch08
15: Test timeout computed to be: 40
15: PASS: snodec: active peer works while another is idle and after it closes
15/66 Test #15: exercise-ch08-independent-peers .........   Passed    0.09 sec
test 16
      Start 16: exercise-ch08-occupied-endpoint

16: Test command: /usr/bin/python3 "/home/voc/projects/snodec/publications/book/companion/exercises/ch08/../ch03/occupied-port.py" "/home/voc/projects/snodec/publications/book/build/rebaseline-R2-07ca9a29-followup11/examples-P3/companion/examples/EchoPair/echoserver"
16: Working Directory: /home/voc/projects/snodec/publications/book/build/rebaseline-R2-07ca9a29-followup11/examples-P3/companion/exercises/ch08
16: Test timeout computed to be: 40
16: PASS: second listener reports occupied endpoint; original owner still reflects bytes
16/66 Test #16: exercise-ch08-occupied-endpoint .........   Passed    0.10 sec
test 17
      Start 17: exercise-ch09-selectors

17: Test command: /home/voc/projects/snodec/publications/book/build/rebaseline-R2-07ca9a29-followup11/examples-P3/companion/exercises/ch09/bluetooth-selectors
17: Working Directory: /home/voc/projects/snodec/publications/book/build/rebaseline-R2-07ca9a29-followup11/examples-P3/companion/exercises/ch09
17: Test timeout computed to be: 40
17: Default: empty configured device string, zero selectors
17: RFCOMM 10:3D:1C:AC:BA:9C:16
17: L2CAP 10:3D:1C:AC:BA:9C:4097
17: PASS: one device; channel 16 and PSM 4097 (0x1001); no radio operation
17/66 Test #17: exercise-ch09-selectors .................   Passed    0.01 sec
test 18
      Start 18: exercise-ch09-part-checkpoint

18: Test command: /usr/bin/python3 "/home/voc/projects/snodec/publications/book/companion/exercises/ch09/../ch07/families.py" "ipv4" "/home/voc/projects/snodec/publications/book/build/rebaseline-R2-07ca9a29-followup11/examples-P3/companion/exercises/ch07/endpoint-in" "unix" "/home/voc/projects/snodec/publications/book/build/rebaseline-R2-07ca9a29-followup11/examples-P3/companion/exercises/ch07/endpoint-un"
18: Working Directory: /home/voc/projects/snodec/publications/book/build/rebaseline-R2-07ca9a29-followup11/examples-P3/companion/exercises/ch09
18: Test timeout computed to be: 40
18: IDENTITY	localhost:40365	localhost:51436
18: ipv4: producer local=('127.0.0.1', 51436), service=('127.0.0.1', 40365)
18: PASS: ipv4: exact measurement bytes, matching identities, owned cleanup
18: IDENTITY	/tmp/endpoint-lab-y33seo0p/service.sock	/tmp/endpoint-lab-y33seo0p/producer.sock
18: unix: producer local=/tmp/endpoint-lab-y33seo0p/producer.sock, service=/tmp/endpoint-lab-y33seo0p/service.sock
18: PASS: unix: exact measurement bytes, matching identities, owned cleanup
18/66 Test #18: exercise-ch09-part-checkpoint ...........   Passed    0.12 sec
test 19
      Start 19: exercise-ch10-framing

19: Test command: /usr/bin/python3 "/home/voc/projects/snodec/publications/book/companion/exercises/ch10/protocol.py" "framing" "/home/voc/projects/snodec/publications/book/build/rebaseline-R2-07ca9a29-followup11/examples-P3/companion/examples/LineProtocol-Server/line-protocol-server"
19: Working Directory: /home/voc/projects/snodec/publications/book/build/rebaseline-R2-07ca9a29-followup11/examples-P3/companion/exercises/ch10
19: Test timeout computed to be: 40
19: PASS: 26 segmentations, CRLF/empty/unknown commands, QUIT, partial-prefix silence
19/66 Test #19: exercise-ch10-framing ...................   Passed    0.19 sec
test 20
      Start 20: exercise-ch10-limits

20: Test command: /usr/bin/python3 "/home/voc/projects/snodec/publications/book/companion/exercises/ch10/protocol.py" "limits" "/home/voc/projects/snodec/publications/book/build/rebaseline-R2-07ca9a29-followup11/examples-P3/companion/examples/LineProtocol-Server/line-protocol-server"
20: Working Directory: /home/voc/projects/snodec/publications/book/build/rebaseline-R2-07ca9a29-followup11/examples-P3/companion/exercises/ch10
20: Test timeout computed to be: 40
20: Overlong input: closed; diagnostic bytes delivered=0
20: Overlong input: closed; diagnostic bytes delivered=0
20: PASS: 4096 bytes accepted including optional CR; 4097 closes with or without delimiter
20/66 Test #20: exercise-ch10-limits ....................   Passed    0.28 sec
test 21
      Start 21: exercise-ch11-isolation

21: Test command: /usr/bin/python3 "/home/voc/projects/snodec/publications/book/companion/exercises/ch11/../ch10/protocol.py" "isolation" "/home/voc/projects/snodec/publications/book/build/rebaseline-R2-07ca9a29-followup11/examples-P3/companion/examples/LineProtocol-Server/line-protocol-server"
21: Working Directory: /home/voc/projects/snodec/publications/book/build/rebaseline-R2-07ca9a29-followup11/examples-P3/companion/exercises/ch11
21: Test timeout computed to be: 40
21: PASS: independent pending buffers; replacement starts fresh; surviving peer progresses
21/66 Test #21: exercise-ch11-isolation .................   Passed    0.19 sec
test 22
      Start 22: exercise-ch11-refusal

22: Test command: /usr/bin/python3 "/home/voc/projects/snodec/publications/book/companion/exercises/ch11/../ch10/protocol.py" "refusal" "/home/voc/projects/snodec/publications/book/build/rebaseline-R2-07ca9a29-followup11/examples-P3/companion/exercises/ch11/line-refusal"
22: Working Directory: /home/voc/projects/snodec/publications/book/build/rebaseline-R2-07ca9a29-followup11/examples-P3/companion/exercises/ch11
22: Test timeout computed to be: 40
22: PASS: null factory result closes before READY; later valid context replies
22/66 Test #22: exercise-ch11-refusal ...................   Passed    0.08 sec
test 23
      Start 23: exercise-ch12-part-checkpoint

23: Test command: /usr/bin/python3 "/home/voc/projects/snodec/publications/book/companion/exercises/ch12/../ch10/protocol.py" "transfer" "/home/voc/projects/snodec/publications/book/build/rebaseline-R2-07ca9a29-followup11/examples-P3/companion/examples/LineProtocol-Server/line-protocol-server" "/home/voc/projects/snodec/publications/book/build/rebaseline-R2-07ca9a29-followup11/examples-P3/companion/exercises/ch12/line-unix"
23: Working Directory: /home/voc/projects/snodec/publications/book/build/rebaseline-R2-07ca9a29-followup11/examples-P3/companion/exercises/ch12
23: Test timeout computed to be: 40
23: PASS: 26 segmentations, CRLF/empty/unknown commands, QUIT, partial-prefix silence
23: Observed ip: 55385
23: PASS: 26 segmentations, CRLF/empty/unknown commands, QUIT, partial-prefix silence
23: Observed unix: /tmp/line-lab-5fvq6nq5/line.sock
23: PASS: Part IV checkpoint: identical reconstructed replies over IPv4 and Unix; owned cleanup
23/66 Test #23: exercise-ch12-part-checkpoint ...........   Passed    0.34 sec
test 24
      Start 24: exercise-ch12-endpoint-failure

24: Test command: /usr/bin/python3 "/home/voc/projects/snodec/publications/book/companion/exercises/ch12/../ch10/protocol.py" "endpoint-failure" "/home/voc/projects/snodec/publications/book/build/rebaseline-R2-07ca9a29-followup11/examples-P3/companion/exercises/ch12/line-unix"
24: Working Directory: /home/voc/projects/snodec/publications/book/build/rebaseline-R2-07ca9a29-followup11/examples-P3/companion/exercises/ch12
24: Test timeout computed to be: 40
24: PASS: missing path fails before protocol; valid peer reports command error and remains usable
24/66 Test #24: exercise-ch12-endpoint-failure ..........   Passed    0.09 sec
test 25
      Start 25: exercise-ch13-precedence

25: Test command: /usr/bin/python3 "/home/voc/projects/snodec/publications/book/companion/exercises/ch13/configuration.py" "precedence" "/home/voc/projects/snodec/publications/book/build/rebaseline-R2-07ca9a29-followup11/examples-P3/companion/examples/EchoPair/echoserver"
25: Working Directory: /home/voc/projects/snodec/publications/book/build/rebaseline-R2-07ca9a29-followup11/examples-P3/companion/exercises/ch13
25: Test timeout computed to be: 40
25: PASS: source/file/CLI ports [8080, 18091, 18092]; file unchanged; inspection status 2
25/66 Test #25: exercise-ch13-precedence ................   Passed    0.09 sec
test 26
      Start 26: exercise-ch13-discovery

26: Test command: /usr/bin/python3 "/home/voc/projects/snodec/publications/book/companion/exercises/ch13/configuration.py" "discovery" "/home/voc/projects/snodec/publications/book/build/rebaseline-R2-07ca9a29-followup11/examples-P3/companion/examples/EchoPair/echoserver"
26: Working Directory: /home/voc/projects/snodec/publications/book/build/rebaseline-R2-07ca9a29-followup11/examples-P3/companion/exercises/ch13
26: Test timeout computed to be: 40
26: PASS: help narrows application/instance/local; invalid --port rejected; local help identifies its scope
26/66 Test #26: exercise-ch13-discovery .................   Passed    0.12 sec
test 27
      Start 27: exercise-ch14-records

27: Test command: /usr/bin/python3 "/home/voc/projects/snodec/publications/book/companion/exercises/ch14/records.py" "/home/voc/projects/snodec/publications/book/build/rebaseline-R2-07ca9a29-followup11/examples-P3/companion/examples/SemanticLogging/semantic-logging"
27: Working Directory: /home/voc/projects/snodec/publications/book/build/rebaseline-R2-07ca9a29-followup11/examples-P3/companion/exercises/ch14
27: Test timeout computed to be: 40
27: PASS: four semantic records; component Debug overrides global Info; event and typed error; no invented peer
27: {"v":1,"ts":"2026-09-23T18:23:00.592Z","level":"info","origin":"application","boundary":"application","component":"gateway.measurements","instance":"measurement-input","message":"Measurement example initialized"}
27: {"v":1,"ts":"2026-09-23T18:23:00.592Z","level":"info","origin":"application","boundary":"application","component":"gateway.measurements","instance":"measurement-input","event":"measurement.accepted","message":"Accepted measurement sequence 1"}
27: {"v":1,"ts":"2026-09-23T18:23:00.592Z","level":"debug","origin":"application","boundary":"application","component":"gateway.measurements","instance":"measurement-input","message":"Diagnostic sequence 1"}
27: {"v":1,"ts":"2026-09-23T18:23:00.592Z","level":"warn","origin":"application","boundary":"application","component":"gateway.measurements","instance":"measurement-input","message":"Demonstration error; no file operation was attempted","error":{"code":13,"text":"Permission denied"}}
27/66 Test #27: exercise-ch14-records ...................   Passed    0.05 sec
test 28
      Start 28: exercise-ch14-part-checkpoint

28: Test command: /usr/bin/python3 "/home/voc/projects/snodec/publications/book/companion/exercises/ch14/../ch13/configuration.py" "checkpoint" "/home/voc/projects/snodec/publications/book/build/rebaseline-R2-07ca9a29-followup11/examples-P3/companion/examples/EchoPair/echoserver"
28: Working Directory: /home/voc/projects/snodec/publications/book/build/rebaseline-R2-07ca9a29-followup11/examples-P3/companion/exercises/ch14
28: Test timeout computed to be: 40
28: PASS: source/file/CLI ports [8080, 18091, 45573]; file unchanged; inspection status 2
28: PASS: help narrows application/instance/local; invalid --port rejected; local help identifies its scope
28: PASS: Part V checkpoint: CLI-selected listener echoes; narrow overrides reveal role/context records
28: Global Error run: 0 records; scoped run: [{"boundary": "instance", "component": "core.socket.stream", "instance": "echoserver", "level": "debug", "message": "Initiating listen", "origin": "framework", "role": "server", "ts": "2026-09-23T18:23:00.760Z", "v": 1}, {"boundary": "instance", "component": "core.socket.stream", "instance": "echoserver", "level": "info", "message": "listener started", "origin": "framework", "role": "server", "ts": "2026-09-23T18:23:00.760Z", "v": 1}, {"boundary": "application", "component": "echo", "level": "info", "message": "echoserver: listening on '127.0.0.1:45573'", "origin": "application", "ts": "2026-09-23T18:23:00.760Z", "v": 1}, {"boundary": "connection", "component": "core.socket.stream", "connection": "1", "instance": "echoserver", "level": "info", "message": "transport connected", "origin": "framework", "role": "server", "ts": "2026-09-23T18:23:00.785Z", "v": 1}, {"boundary": "instance", "component": "core.socket.stream", "instance": "echoserver", "level": "debug", "message": "Connection 1 connecting", "origin": "framework", "role": "server", "ts": "2026-09-23T18:23:00.785Z", "v": 1}, {"boundary": "instance", "component": "core.socket.stream", "instance": "echoserver", "level": "debug", "message": "Local: localhost:45573", "origin": "framework", "role": "server", "ts": "2026-09-23T18:23:00.785Z", "v": 1}, {"boundary": "instance", "component": "core.socket.stream", "instance": "echoserver", "level": "debug", "message": "Peer: localhost:57260", "origin": "framework", "role": "server", "ts": "2026-09-23T18:23:00.785Z", "v": 1}, {"boundary": "instance", "component": "core.socket.stream", "instance": "echoserver", "level": "debug", "message": "Connection 1 connected", "origin": "framework", "role": "server", "ts": "2026-09-23T18:23:00.785Z", "v": 1}, {"boundary": "instance", "component": "core.socket.stream", "instance": "echoserver", "level": "debug", "message": "Local: localhost:45573", "origin": "framework", "role": "server", "ts": "2026-09-23T18:23:00.785Z", "v": 1}, {"boundary": "instance", "component": "core.socket.stream", "instance": "echoserver", "level": "debug", "message": "Peer: localhost:57260", "origin": "framework", "role": "server", "ts": "2026-09-23T18:23:00.785Z", "v": 1}, {"boundary": "connection", "component": "core.socket.stream", "connection": "1", "instance": "echoserver", "level": "debug", "message": "SocketContext created successful", "origin": "framework", "role": "server", "ts": "2026-09-23T18:23:00.785Z", "v": 1}, {"boundary": "context", "component": "core.socket.context", "connection": "1", "instance": "echoserver", "level": "debug", "message": "Context attached", "origin": "framework", "ts": "2026-09-23T18:23:00.785Z", "v": 1}, {"boundary": "context", "component": "core.socket.context", "connection": "1", "instance": "echoserver", "level": "info", "message": "Echo context attached", "origin": "application", "ts": "2026-09-23T18:23:00.785Z", "v": 1}, {"boundary": "context", "component": "core.socket.context", "connection": "1", "instance": "echoserver", "level": "debug", "message": "Data to reflect: part-v-checkpoint", "origin": "application", "ts": "2026-09-23T18:23:00.785Z", "v": 1}, {"boundary": "context", "component": "core.socket.context", "connection": "1", "instance": "echoserver", "level": "debug", "message": "SocketContext: EOF received", "origin": "framework", "ts": "2026-09-23T18:23:00.785Z", "v": 1}, {"boundary": "connection", "component": "core.socket.stream", "connection": "1", "instance": "echoserver", "level": "debug", "message": "Shutdown (WR): success", "origin": "framework", "role": "server", "ts": "2026-09-23T18:23:00.786Z", "v": 1}, {"boundary": "context", "component": "core.socket.context", "connection": "1", "instance": "echoserver", "level": "info", "message": "Echo context detached: connection close", "origin": "application", "ts": "2026-09-23T18:23:00.786Z", "v": 1}, {"boundary": "context", "component": "core.socket.context", "connection": "1", "instance": "echoserver", "level": "debug", "message": "Context detached for connection close", "origin": "framework", "ts": "2026-09-23T18:23:00.786Z", "v": 1}, {"boundary": "instance", "component": "core.socket.stream", "instance": "echoserver", "level": "debug", "message": "Connection 1 disconnected", "origin": "framework", "role": "server", "ts": "2026-09-23T18:23:00.786Z", "v": 1}, {"boundary": "instance", "component": "core.socket.stream", "instance": "echoserver", "level": "debug", "message": "Local: localhost:45573", "origin": "framework", "role": "server", "ts": "2026-09-23T18:23:00.786Z", "v": 1}, {"boundary": "instance", "component": "core.socket.stream", "instance": "echoserver", "level": "debug", "message": "Peer: localhost:57260", "origin": "framework", "role": "server", "ts": "2026-09-23T18:23:00.786Z", "v": 1}, {"boundary": "instance", "component": "core.socket.stream", "instance": "echoserver", "level": "debug", "message": "Online Since: 2026-09-23 18:23:00 UTC", "origin": "framework", "role": "server", "ts": "2026-09-23T18:23:00.786Z", "v": 1}, {"boundary": "instance", "component": "core.socket.stream", "instance": "echoserver", "level": "debug", "message": "Online Duration: 00:00:00", "origin": "framework", "role": "server", "ts": "2026-09-23T18:23:00.786Z", "v": 1}, {"boundary": "instance", "component": "core.socket.stream", "instance": "echoserver", "level": "debug", "message": "Total Queued: 17", "origin": "framework", "role": "server", "ts": "2026-09-23T18:23:00.786Z", "v": 1}, {"boundary": "instance", "component": "core.socket.stream", "instance": "echoserver", "level": "debug", "message": "Total Sent: 17", "origin": "framework", "role": "server", "ts": "2026-09-23T18:23:00.786Z", "v": 1}, {"boundary": "instance", "component": "core.socket.stream", "instance": "echoserver", "level": "debug", "message": "Write Delta: 0", "origin": "framework", "role": "server", "ts": "2026-09-23T18:23:00.786Z", "v": 1}, {"boundary": "instance", "component": "core.socket.stream", "instance": "echoserver", "level": "debug", "message": "Total Read: 17", "origin": "framework", "role": "server", "ts": "2026-09-23T18:23:00.786Z", "v": 1}, {"boundary": "instance", "component": "core.socket.stream", "instance": "echoserver", "level": "debug", "message": "Total Processed: 17", "origin": "framework", "role": "server", "ts": "2026-09-23T18:23:00.786Z", "v": 1}, {"boundary": "instance", "component": "core.socket.stream", "instance": "echoserver", "level": "debug", "message": "Read Delta: 0", "origin": "framework", "role": "server", "ts": "2026-09-23T18:23:00.786Z", "v": 1}, {"boundary": "connection", "component": "core.socket.stream", "connection": "1", "instance": "echoserver", "level": "info", "message": "transport disconnected", "origin": "framework", "role": "server", "ts": "2026-09-23T18:23:00.786Z", "v": 1}, {"boundary": "instance", "component": "core.socket.stream", "instance": "echoserver", "level": "info", "message": "listener stopped", "origin": "framework", "role": "server", "ts": "2026-09-23T18:23:00.786Z", "v": 1}]
28/66 Test #28: exercise-ch14-part-checkpoint ...........   Passed    0.20 sec
test 29
      Start 29: exercise-ch15-trust-identity

29: Test command: /usr/bin/python3 "/home/voc/projects/snodec/publications/book/companion/exercises/ch15/tls.py" "policy" "/home/voc/projects/snodec/publications/book/build/rebaseline-R2-07ca9a29-followup11/examples-P3/companion/exercises/ch15/tls-policy-lab" "/usr/bin/openssl"
29: Working Directory: /home/voc/projects/snodec/publications/book/build/rebaseline-R2-07ca9a29-followup11/examples-P3/companion/exercises/ch15
29: Test timeout computed to be: 60
29: PASS: trusted matching name; early SSL is null; ready=1
29: PASS: trusted wrong name; early SSL is null; ready=0
29: PASS: untrusted matching name; early SSL is null; ready=0
29/66 Test #29: exercise-ch15-trust-identity ............   Passed    0.27 sec
test 30
      Start 30: exercise-ch15-secure-echo

30: Test command: /usr/bin/python3 "/home/voc/projects/snodec/publications/book/companion/exercises/ch15/tls.py" "echo" "/home/voc/projects/snodec/publications/book/build/rebaseline-R2-07ca9a29-followup11/examples-P3/companion/exercises/ch15/tls-echo" "/usr/bin/openssl"
30: Working Directory: /home/voc/projects/snodec/publications/book/build/rebaseline-R2-07ca9a29-followup11/examples-P3/companion/exercises/ch15
30: Test timeout computed to be: 60
30: PASS: trusted sensor.example; exact binary echo; reciprocal close_notify
30/66 Test #30: exercise-ch15-secure-echo ...............   Passed    0.19 sec
test 31
      Start 31: exercise-ch16-bounded-retry

31: Test command: /usr/bin/python3 "/home/voc/projects/snodec/publications/book/companion/exercises/ch16/recovery.py" "retry" "/home/voc/projects/snodec/publications/book/build/rebaseline-R2-07ca9a29-followup11/examples-P3/companion/examples/EchoPair/echoclient"
31: Working Directory: /home/voc/projects/snodec/publications/book/build/rebaseline-R2-07ca9a29-followup11/examples-P3/companion/exercises/ch16
31: Test timeout computed to be: 80
31: PASS: initial attempt plus one retry; two error statuses; no context attachment; natural exit
31: {"v": 1, "ts": "2026-09-23T18:23:01.319Z", "level": "error", "origin": "application", "boundary": "application", "component": "echo", "message": "echoclient: 127.0.0.1:57669 (127.0.0.1): Connection refused [111]"}
31: {"v": 1, "ts": "2026-09-23T18:23:01.520Z", "level": "error", "origin": "application", "boundary": "application", "component": "echo", "message": "echoclient: 127.0.0.1:57669 (127.0.0.1): Connection refused [111]"}
31/66 Test #31: exercise-ch16-bounded-retry .............   Passed    0.27 sec
test 32
      Start 32: exercise-ch16-part-checkpoint

32: Test command: /usr/bin/python3 "/home/voc/projects/snodec/publications/book/companion/exercises/ch16/recovery.py" "checkpoint" "/home/voc/projects/snodec/publications/book/build/rebaseline-R2-07ca9a29-followup11/examples-P3/companion/examples/EchoPair/echoclient" "/home/voc/projects/snodec/publications/book/build/rebaseline-R2-07ca9a29-followup11/examples-P3/companion/exercises/ch15/tls-policy-lab"
32: Working Directory: /home/voc/projects/snodec/publications/book/build/rebaseline-R2-07ca9a29-followup11/examples-P3/companion/exercises/ch16
32: Test timeout computed to be: 80
32: PASS: trusted matching name; early SSL is null; ready=1
32: PASS: trusted wrong name; early SSL is null; ready=0
32: PASS: untrusted matching name; early SSL is null; ready=0
32: PASS: retry before first attachment; peer stop/restart; two connection identities; fresh greeting and exact echo
32: {"v": 1, "ts": "2026-09-23T18:23:02.860Z", "level": "error", "origin": "application", "boundary": "application", "component": "echo", "message": "echoclient: 127.0.0.1:32931 (127.0.0.1): Connection refused [111]"}
32: {"v": 1, "ts": "2026-09-23T18:23:03.062Z", "level": "info", "origin": "application", "boundary": "context", "component": "core.socket.context", "instance": "echoclient", "connection": "1", "message": "Echo context attached"}
32: {"v": 1, "ts": "2026-09-23T18:23:03.093Z", "level": "info", "origin": "application", "boundary": "context", "component": "core.socket.context", "instance": "echoclient", "connection": "1", "message": "Echo context detached: connection close"}
32: {"v": 1, "ts": "2026-09-23T18:23:03.093Z", "level": "debug", "origin": "framework", "boundary": "context", "component": "core.socket.context", "instance": "echoclient", "connection": "1", "message": "Context detached for connection close"}
32: {"v": 1, "ts": "2026-09-23T18:23:03.295Z", "level": "error", "origin": "application", "boundary": "application", "component": "echo", "message": "echoclient: 127.0.0.1:32931 (127.0.0.1): Connection refused [111]"}
32: {"v": 1, "ts": "2026-09-23T18:23:03.496Z", "level": "info", "origin": "application", "boundary": "context", "component": "core.socket.context", "instance": "echoclient", "connection": "2", "message": "Echo context attached"}
32/66 Test #32: exercise-ch16-part-checkpoint ...........   Passed    1.97 sec
test 33
      Start 33: exercise-ch17-framing

33: Test command: /usr/bin/python3 "/home/voc/projects/snodec/publications/book/companion/exercises/ch17/../ch18/dispatch.py" "framing" "/home/voc/projects/snodec/publications/book/build/rebaseline-R2-07ca9a29-followup11/examples-P3/companion/exercises/ch18/dispatch-lab"
33: Working Directory: /home/voc/projects/snodec/publications/book/build/rebaseline-R2-07ca9a29-followup11/examples-P3/companion/exercises/ch17
33: Test timeout computed to be: 30
33: PASS: incomplete headers produce no handler/response; completing headers produces one 200
33/66 Test #33: exercise-ch17-framing ...................   Passed    0.30 sec
test 34
      Start 34: exercise-ch17-limits

34: Test command: /usr/bin/python3 "/home/voc/projects/snodec/publications/book/companion/exercises/ch17/../ch18/dispatch.py" "limits" "/home/voc/projects/snodec/publications/book/build/rebaseline-R2-07ca9a29-followup11/examples-P3/companion/exercises/ch18/dispatch-lab"
34: Working Directory: /home/voc/projects/snodec/publications/book/build/rebaseline-R2-07ca9a29-followup11/examples-P3/companion/exercises/ch17
34: Test timeout computed to be: 30
34: PASS: rejected input returns 405
34: PASS: rejected input returns 431
34: PASS: only valid request entered application dispatch
34/66 Test #34: exercise-ch17-limits ....................   Passed    0.10 sec
test 35
      Start 35: exercise-ch18-order

35: Test command: /usr/bin/python3 "/home/voc/projects/snodec/publications/book/companion/exercises/ch18/dispatch.py" "order" "/home/voc/projects/snodec/publications/book/build/rebaseline-R2-07ca9a29-followup11/examples-P3/companion/exercises/ch18/dispatch-lab"
35: Working Directory: /home/voc/projects/snodec/publications/book/build/rebaseline-R2-07ca9a29-followup11/examples-P3/companion/exercises/ch18
35: Test timeout computed to be: 30
35: PASS: mounted route visits app,router,handler; outside path visits only app and returns 404
35/66 Test #35: exercise-ch18-order .....................   Passed    0.09 sec
test 36
      Start 36: exercise-ch18-stop

36: Test command: /usr/bin/python3 "/home/voc/projects/snodec/publications/book/companion/exercises/ch18/dispatch.py" "stop" "/home/voc/projects/snodec/publications/book/build/rebaseline-R2-07ca9a29-followup11/examples-P3/companion/exercises/ch18/dispatch-lab"
36: Working Directory: /home/voc/projects/snodec/publications/book/build/rebaseline-R2-07ca9a29-followup11/examples-P3/companion/exercises/ch18
36: Test timeout computed to be: 30
36: PASS: middleware returns 403 and ends dispatch; following handler never runs
36/66 Test #36: exercise-ch18-stop ......................   Passed    0.09 sec
test 37
      Start 37: exercise-ch19

37: Test command: /usr/bin/python3 "/home/voc/projects/snodec/publications/book/companion/exercises/ch19/solution.py" "/home/voc/projects/snodec/publications/book/build/rebaseline-R2-07ca9a29-followup11/examples-P3/companion/examples/SSE-Server/sse-server"
37: Working Directory: /home/voc/projects/snodec/publications/book/build/rebaseline-R2-07ca9a29-followup11/examples-P3/companion/exercises/ch19
37: Test timeout computed to be: 40
37: PASS: 406 on restricted Accept; two matching live events; reconnect starts at current state
37/66 Test #37: exercise-ch19 ...........................   Passed    0.09 sec
test 38
      Start 38: exercise-ch19-observers

38: Test command: /usr/bin/python3 "/home/voc/projects/snodec/publications/book/companion/exercises/ch19/observers.py" "/home/voc/projects/snodec/publications/book/build/rebaseline-R2-07ca9a29-followup11/examples-P3/companion/examples/SSE-Server/sse-server"
38: Working Directory: /home/voc/projects/snodec/publications/book/build/rebaseline-R2-07ca9a29-followup11/examples-P3/companion/exercises/ch19
38: Test timeout computed to be: 40
38: PASS: both observers see the same acceptance; remaining observer continues after peer closes
38/66 Test #38: exercise-ch19-observers .................   Passed    0.10 sec
test 39
      Start 39: exercise-ch20-negotiation

39: Test command: /usr/bin/python3 "/home/voc/projects/snodec/publications/book/companion/exercises/ch20/solution.py" "negotiation" "/home/voc/projects/snodec/publications/book/build/rebaseline-R2-07ca9a29-followup11/examples-P3/companion/exercises/ch20/ws-lab-server" "/home/voc/projects/snodec/publications/book/build/rebaseline-R2-07ca9a29-followup11/examples-P3/companion/exercises/ch20/ws-lab-client"
39: Working Directory: /home/voc/projects/snodec/publications/book/build/rebaseline-R2-07ca9a29-followup11/examples-P3/companion/exercises/ch20
39: Test timeout computed to be: 60
39: PASS: unsupported subprotocol rejected: HTTP/1.1 404 Not Found
39: PASS: canonical client negotiates echo, receives hello and closes; unsupported name never attaches echo
39/66 Test #39: exercise-ch20-negotiation ...............   Passed    0.11 sec
test 40
      Start 40: exercise-ch20-part-checkpoint

40: Test command: /usr/bin/python3 "/home/voc/projects/snodec/publications/book/companion/exercises/ch20/solution.py" "checkpoint" "/home/voc/projects/snodec/publications/book/build/rebaseline-R2-07ca9a29-followup11/examples-P3/companion/exercises/ch20/ws-lab-server" "/home/voc/projects/snodec/publications/book/build/rebaseline-R2-07ca9a29-followup11/examples-P3/companion/examples/SSE-Server/sse-server"
40: Working Directory: /home/voc/projects/snodec/publications/book/build/rebaseline-R2-07ca9a29-followup11/examples-P3/companion/exercises/ch20
40: Test timeout computed to be: 60
40: PASS: both observers see the same acceptance; remaining observer continues after peer closes
40: PASS: Part VII checkpoint: shared accepted SSE state survives one observer disconnect; separate WebSocket type/bytes/fragment/control/close checks pass
40/66 Test #40: exercise-ch20-part-checkpoint ...........   Passed    0.32 sec
test 41
      Start 41: exercise-ch21-wire

41: Test command: /usr/bin/python3 "/home/voc/projects/snodec/publications/book/companion/exercises/ch21/mqtt.py" "wire" "/home/voc/projects/snodec/publications/book/build/rebaseline-R2-07ca9a29-followup11/examples-P3/companion/exercises/ch21/mqtt-role-lab" "/home/voc/projects/snodec/publications/book/build/rebaseline-R2-07ca9a29-followup11/examples-P3/companion/exercises/ch21/mqtt-broker-lab"
41: Working Directory: /home/voc/projects/snodec/publications/book/build/rebaseline-R2-07ca9a29-followup11/examples-P3/companion/exercises/ch21
41: Test timeout computed to be: 40
41: PASS: CONNECT first; no subscription/publication before acceptance; accepted session produces SUBSCRIBE/PUBLISH and receives command
41/66 Test #41: exercise-ch21-wire ......................   Passed    0.34 sec
test 42
      Start 42: exercise-ch21-delivery

42: Test command: /usr/bin/python3 "/home/voc/projects/snodec/publications/book/companion/exercises/ch21/mqtt.py" "delivery" "/home/voc/projects/snodec/publications/book/build/rebaseline-R2-07ca9a29-followup11/examples-P3/companion/exercises/ch21/mqtt-role-lab" "/home/voc/projects/snodec/publications/book/build/rebaseline-R2-07ca9a29-followup11/examples-P3/companion/exercises/ch21/mqtt-broker-lab"
42: Working Directory: /home/voc/projects/snodec/publications/book/build/rebaseline-R2-07ca9a29-followup11/examples-P3/companion/exercises/ch21
42: Test timeout computed to be: 40
42: PASS: observer session accepted by CONNACK
42: PASS: subscriber receives SUBACK granting QoS 0
42: PASS: independent subscriber receives exact topic sensors/temperature/value and payload 23.5
42: PASS: broker routes command to canonical client role
42/66 Test #42: exercise-ch21-delivery ..................   Passed    0.15 sec
test 43
      Start 43: exercise-ch22-binary

43: Test command: /usr/bin/python3 "/home/voc/projects/snodec/publications/book/companion/exercises/ch22/adapter.py" "binary" "/home/voc/projects/snodec/publications/book/build/rebaseline-R2-07ca9a29-followup11/examples-P3/companion/exercises/ch22/mqtt-ws-lab"
43: Working Directory: /home/voc/projects/snodec/publications/book/build/rebaseline-R2-07ca9a29-followup11/examples-P3/companion/exercises/ch22
43: Test timeout computed to be: 40
43: PASS: HTTP 101, mqtt selection and binary MQTT CONNECT observed
43: PASS: fragmented binary CONNACK admits MQTT flow; binary command reaches canonical role
43/66 Test #43: exercise-ch22-binary ....................   Passed    0.20 sec
test 44
      Start 44: exercise-ch22-text

44: Test command: /usr/bin/python3 "/home/voc/projects/snodec/publications/book/companion/exercises/ch22/adapter.py" "text" "/home/voc/projects/snodec/publications/book/build/rebaseline-R2-07ca9a29-followup11/examples-P3/companion/exercises/ch22/mqtt-ws-lab"
44: Working Directory: /home/voc/projects/snodec/publications/book/build/rebaseline-R2-07ca9a29-followup11/examples-P3/companion/exercises/ch22
44: Test timeout computed to be: 40
44: PASS: HTTP 101, mqtt selection and binary MQTT CONNECT observed
44: PASS: same packet bytes in text trigger protocol-error close 1002
44/66 Test #44: exercise-ch22-text ......................   Passed    0.08 sec
test 45
      Start 45: exercise-ch23-unavailable-output

45: Test command: /usr/bin/python3 "/home/voc/projects/snodec/publications/book/companion/exercises/ch23/../ch30/solution.py" "/home/voc/projects/snodec/publications/book/build/rebaseline-R2-07ca9a29-followup11/examples-P3/companion/examples/MiniGateway/minigateway"
45: Working Directory: /home/voc/projects/snodec/publications/book/build/rebaseline-R2-07ca9a29-followup11/examples-P3/companion/exercises/ch23
45: Test timeout computed to be: 60
45: PASS: HTTP/status/SSE agree without MQTT; restart resets sequence to zero
45/66 Test #45: exercise-ch23-unavailable-output ........   Passed    0.15 sec
test 46
      Start 46: exercise-ch23-part-checkpoint

46: Test command: /usr/bin/python3 "/home/voc/projects/snodec/publications/book/companion/exercises/ch23/../ch21/mqtt.py" "checkpoint" "/home/voc/projects/snodec/publications/book/build/rebaseline-R2-07ca9a29-followup11/examples-P3/companion/exercises/ch21/mqtt-role-lab" "/home/voc/projects/snodec/publications/book/build/rebaseline-R2-07ca9a29-followup11/examples-P3/companion/exercises/ch21/mqtt-broker-lab" "/home/voc/projects/snodec/publications/book/build/rebaseline-R2-07ca9a29-followup11/examples-P3/companion/examples/MiniGateway/minigateway"
46: Working Directory: /home/voc/projects/snodec/publications/book/build/rebaseline-R2-07ca9a29-followup11/examples-P3/companion/exercises/ch23
46: Test timeout computed to be: 60
46: PASS: observer session accepted by CONNACK
46: PASS: subscriber receives SUBACK granting QoS 0
46: PASS: independent subscriber receives exact topic sensors/temperature/value and payload 23.5
46: PASS: broker routes command to canonical client role
46: PASS: HTTP/status/SSE agree without MQTT; restart resets sequence to zero
46: PASS: Part VIII checkpoint: broker-delivery evidence and separate HTTP/status/SSE acceptance with unavailable MQTT; see README boundary map
46/66 Test #46: exercise-ch23-part-checkpoint ...........   Passed    0.36 sec
test 47
      Start 47: exercise-ch24-durable

47: Test command: /usr/bin/python3 "/home/voc/projects/snodec/publications/book/companion/exercises/ch24/database.py" "durable" "/home/voc/projects/snodec/publications/book/build/rebaseline-R2-07ca9a29-followup11/examples-P3/companion/exercises/ch24/persistence-lab"
47: Working Directory: /home/voc/projects/snodec/publications/book/build/rebaseline-R2-07ca9a29-followup11/examples-P3/companion/exercises/ch24
47: Test timeout computed to be: 90
47: PASS: autocommitted insert survives client shutdown; independent query reads temperature=23.5
47: PASS: restarted canonical client reads the same row without adding another; committed state outlives the client
47/66 Test #47: exercise-ch24-durable ...................   Passed    1.41 sec
test 48
      Start 48: exercise-ch24-error

48: Test command: /usr/bin/python3 "/home/voc/projects/snodec/publications/book/companion/exercises/ch24/database.py" "error" "/home/voc/projects/snodec/publications/book/build/rebaseline-R2-07ca9a29-followup11/examples-P3/companion/exercises/ch24/persistence-lab"
48: Working Directory: /home/voc/projects/snodec/publications/book/build/rebaseline-R2-07ca9a29-followup11/examples-P3/companion/exercises/ch24
48: Test timeout computed to be: 90
48: PASS: SQL error 1146 leaves the connection usable; the chained query completes and independent row count stays zero
48/66 Test #48: exercise-ch24-error .....................   Passed    1.17 sec
test 49
      Start 49: exercise-ch25-composition

49: Test command: /usr/bin/python3 "/home/voc/projects/snodec/publications/book/companion/exercises/ch25/../ch18/dispatch.py" "framing" "/home/voc/projects/snodec/publications/book/build/rebaseline-R2-07ca9a29-followup11/examples-P3/companion/exercises/ch18/dispatch-lab"
49: Working Directory: /home/voc/projects/snodec/publications/book/build/rebaseline-R2-07ca9a29-followup11/examples-P3/companion/exercises/ch25
49: Test timeout computed to be: 30
49: PASS: incomplete headers produce no handler/response; completing headers produces one 200
49/66 Test #49: exercise-ch25-composition ...............   Passed    0.28 sec
test 50
      Start 50: exercise-ch25-consumer-trace

50: Test command: /usr/bin/python3 "/home/voc/projects/snodec/publications/book/companion/exercises/ch25/../ch02/solution.py" "consumer"
50: Working Directory: /home/voc/projects/snodec/publications/book/build/rebaseline-R2-07ca9a29-followup11/examples-P3/companion/exercises/ch25
50: Test timeout computed to be: 180
50: -- The CXX compiler identification is GNU 16.2.0
50: -- Detecting CXX compiler ABI info
50: -- Detecting CXX compiler ABI info - done
50: -- Check for working CXX compiler: /usr/bin/c++ - skipped
50: -- Detecting CXX compile features
50: -- Detecting CXX compile features - done
50: net-in-stream-legacy: loading dependencies 'net-in-stream, core-socket-stream-legacy'
50:   net-in-stream: loading dependencies 'net-in-phy-stream'
50:     net-in-phy-stream: loading dependencies 'net-in-phy'
50:       net-in-phy: loading dependencies 'net-in'
50:         net-in: loading dependencies 'net'
50:           net: loading dependencies 'core-socket'
50:             core-socket: loading dependencies 'core'
50:               core: loading dependencies 'mux-epoll, utils'
50:                 mux-epoll: loaded
50:                 utils: loading dependencies 'logger'
50:                   logger: loaded
50:                 utils: loaded
50:               core: loaded
50:             core-socket: loaded
50:           net: loaded
50:         net-in: loaded
50:       net-in-phy: loaded
50:     net-in-phy-stream: loaded
50:   net-in-stream: loaded
50:   core-socket-stream-legacy: loading dependencies 'core-socket-stream'
50:     core-socket-stream: loading dependencies 'core-socket'
50:       core-socket: already loaded
50:     core-socket-stream: loaded
50:   core-socket-stream-legacy: loaded
50: net-in-stream-legacy: loaded
50: -- Configuring done (0.2s)
50: -- Generating done (0.0s)
50: -- Build files have been written to: /tmp/snodec-environment-lab-5d11k47b/build
50: [ 16%] Building CXX object CMakeFiles/echosocketcontext.dir/EchoSocketContext.cpp.o
50: [ 33%] Linking CXX static library libechosocketcontext.a
50: [ 33%] Built target echosocketcontext
50: [ 50%] Building CXX object CMakeFiles/echoserver.dir/echoserver.cpp.o
50: [ 66%] Building CXX object CMakeFiles/echoclient.dir/echoclient.cpp.o
50: [ 83%] Linking CXX executable echoserver
50: [100%] Linking CXX executable echoclient
50: [100%] Built target echoserver
50: [100%] Built target echoclient
50: PASS: snodec_DIR selects the requested installation: /home/voc/projects/snodec/publications/book/build/rebaseline-R2-07ca9a29-followup11/install-gcc/lib/cmake/snodec
50: PASS: canonical EchoPair builds and its server reflects environment-ready unchanged
50/66 Test #50: exercise-ch25-consumer-trace ............   Passed    3.98 sec
test 51
      Start 51: exercise-ch26-part-checkpoint

51: Test command: /usr/bin/python3 "/home/voc/projects/snodec/publications/book/companion/exercises/ch26/../ch24/database.py" "checkpoint" "/home/voc/projects/snodec/publications/book/build/rebaseline-R2-07ca9a29-followup11/examples-P3/companion/exercises/ch24/persistence-lab" "/home/voc/projects/snodec/publications/book/build/rebaseline-R2-07ca9a29-followup11/examples-P3/companion/examples/MiniGateway/minigateway"
51: Working Directory: /home/voc/projects/snodec/publications/book/build/rebaseline-R2-07ca9a29-followup11/examples-P3/companion/exercises/ch26
51: Test timeout computed to be: 120
51: PASS: autocommitted insert survives client shutdown; independent query reads temperature=23.5
51: PASS: restarted canonical client reads the same row without adding another; committed state outlives the client
51: PASS: HTTP/status/SSE agree without MQTT; restart resets sequence to zero
51: PASS: Part IX checkpoint contrasts database read-back with the separate in-memory gateway restart; apply the README MQTTStore outcome map
51/66 Test #51: exercise-ch26-part-checkpoint ...........   Passed    1.45 sec
test 52
      Start 52: exercise-ch26-publication-trace

52: Test command: /usr/bin/python3 "/home/voc/projects/snodec/publications/book/companion/exercises/ch26/../ch21/mqtt.py" "delivery" "/home/voc/projects/snodec/publications/book/build/rebaseline-R2-07ca9a29-followup11/examples-P3/companion/exercises/ch21/mqtt-role-lab" "/home/voc/projects/snodec/publications/book/build/rebaseline-R2-07ca9a29-followup11/examples-P3/companion/exercises/ch21/mqtt-broker-lab"
52: Working Directory: /home/voc/projects/snodec/publications/book/build/rebaseline-R2-07ca9a29-followup11/examples-P3/companion/exercises/ch26
52: Test timeout computed to be: 40
52: PASS: observer session accepted by CONNACK
52: PASS: subscriber receives SUBACK granting QoS 0
52: PASS: independent subscriber receives exact topic sensors/temperature/value and payload 23.5
52: PASS: broker routes command to canonical client role
52/66 Test #52: exercise-ch26-publication-trace .........   Passed    0.16 sec
test 53
      Start 53: exercise-ch27-consumer

53: Test command: /usr/bin/python3 "/home/voc/projects/snodec/publications/book/companion/exercises/ch27/../ch02/solution.py" "consumer"
53: Working Directory: /home/voc/projects/snodec/publications/book/build/rebaseline-R2-07ca9a29-followup11/examples-P3/companion/exercises/ch27
53: Test timeout computed to be: 180
53: -- The CXX compiler identification is GNU 16.2.0
53: -- Detecting CXX compiler ABI info
53: -- Detecting CXX compiler ABI info - done
53: -- Check for working CXX compiler: /usr/bin/c++ - skipped
53: -- Detecting CXX compile features
53: -- Detecting CXX compile features - done
53: net-in-stream-legacy: loading dependencies 'net-in-stream, core-socket-stream-legacy'
53:   net-in-stream: loading dependencies 'net-in-phy-stream'
53:     net-in-phy-stream: loading dependencies 'net-in-phy'
53:       net-in-phy: loading dependencies 'net-in'
53:         net-in: loading dependencies 'net'
53:           net: loading dependencies 'core-socket'
53:             core-socket: loading dependencies 'core'
53:               core: loading dependencies 'mux-epoll, utils'
53:                 mux-epoll: loaded
53:                 utils: loading dependencies 'logger'
53:                   logger: loaded
53:                 utils: loaded
53:               core: loaded
53:             core-socket: loaded
53:           net: loaded
53:         net-in: loaded
53:       net-in-phy: loaded
53:     net-in-phy-stream: loaded
53:   net-in-stream: loaded
53:   core-socket-stream-legacy: loading dependencies 'core-socket-stream'
53:     core-socket-stream: loading dependencies 'core-socket'
53:       core-socket: already loaded
53:     core-socket-stream: loaded
53:   core-socket-stream-legacy: loaded
53: net-in-stream-legacy: loaded
53: -- Configuring done (0.2s)
53: -- Generating done (0.0s)
53: -- Build files have been written to: /tmp/snodec-environment-lab-oojlasgd/build
53: [ 16%] Building CXX object CMakeFiles/echosocketcontext.dir/EchoSocketContext.cpp.o
53: [ 33%] Linking CXX static library libechosocketcontext.a
53: [ 33%] Built target echosocketcontext
53: [ 50%] Building CXX object CMakeFiles/echoserver.dir/echoserver.cpp.o
53: [ 66%] Building CXX object CMakeFiles/echoclient.dir/echoclient.cpp.o
53: [ 83%] Linking CXX executable echoserver
53: [100%] Linking CXX executable echoclient
53: [100%] Built target echoserver
53: [100%] Built target echoclient
53: PASS: snodec_DIR selects the requested installation: /home/voc/projects/snodec/publications/book/build/rebaseline-R2-07ca9a29-followup11/install-gcc/lib/cmake/snodec
53: PASS: canonical EchoPair builds and its server reflects environment-ready unchanged
53/66 Test #53: exercise-ch27-consumer ..................   Passed    4.04 sec
test 54
      Start 54: exercise-ch27-component

54: Test command: /usr/bin/python3 "/home/voc/projects/snodec/publications/book/companion/exercises/ch27/../ch02/solution.py" "component"
54: Working Directory: /home/voc/projects/snodec/publications/book/build/rebaseline-R2-07ca9a29-followup11/examples-P3/companion/exercises/ch27
54: Test timeout computed to be: 180
54: net-in-stream-legacy: loading dependencies 'net-in-stream, core-socket-stream-legacy'
54:   net-in-stream: loading dependencies 'net-in-phy-stream'
54:     net-in-phy-stream: loading dependencies 'net-in-phy'
54:       net-in-phy: loading dependencies 'net-in'
54:         net-in: loading dependencies 'net'
54:           net: loading dependencies 'core-socket'
54:             core-socket: loading dependencies 'core'
54:               core: loading dependencies 'mux-epoll, utils'
54:                 mux-epoll: loaded
54:                 utils: loading dependencies 'logger'
54:                   logger: loaded
54:                 utils: loaded
54:               core: loaded
54:             core-socket: loaded
54:           net: loaded
54:         net-in: loaded
54:       net-in-phy: loaded
54:     net-in-phy-stream: loaded
54:   net-in-stream: loaded
54:   core-socket-stream-legacy: loading dependencies 'core-socket-stream'
54:     core-socket-stream: loading dependencies 'core-socket'
54:       core-socket: already loaded
54:     core-socket-stream: loaded
54:   core-socket-stream-legacy: loaded
54: net-in-stream-legacy: loaded
54: -- Configuring done (0.0s)
54: -- Generating done (0.0s)
54: -- Build files have been written to: /tmp/snodec-environment-lab-92x5jh7y/build
54: [ 16%] Building CXX object CMakeFiles/echosocketcontext.dir/EchoSocketContext.cpp.o
54: [ 33%] Linking CXX static library libechosocketcontext.a
54: [ 33%] Built target echosocketcontext
54: [ 50%] Building CXX object CMakeFiles/echoclient.dir/echoclient.cpp.o
54: [ 66%] Building CXX object CMakeFiles/echoserver.dir/echoserver.cpp.o
54: [ 83%] Linking CXX executable echoserver
54: [100%] Linking CXX executable echoclient
54: [100%] Built target echoserver
54: [100%] Built target echoclient
54: -- The CXX compiler identification is GNU 16.2.0
54: -- Detecting CXX compiler ABI info
54: -- Detecting CXX compiler ABI info - done
54: -- Check for working CXX compiler: /usr/bin/c++ - skipped
54: -- Detecting CXX compile features
54: -- Detecting CXX compile features - done
54: CMake Error at CMakeLists.txt:9 (find_package):
54:   Found package configuration file:
54: 
54:     /home/voc/projects/snodec/publications/book/build/rebaseline-R2-07ca9a29-followup11/install-gcc/lib/cmake/snodec/snodecConfig.cmake
54: 
54:   but it set snodec_FOUND to FALSE so package "snodec" is considered to be
54:   NOT FOUND.  Reason given by package:
54: 
54:   Unsupported SNode.C component requested: net-in-stream-missing
54: 
54: 
54: 
54: -- Configuring incomplete, errors occurred!
54: 
54: PASS: missing component stops configuration before any runtime endpoint exists
54: PASS: snodec_DIR selects the requested installation: /home/voc/projects/snodec/publications/book/build/rebaseline-R2-07ca9a29-followup11/install-gcc/lib/cmake/snodec
54: PASS: canonical EchoPair builds and its server reflects environment-ready unchanged
54/66 Test #54: exercise-ch27-component .................   Passed    3.94 sec
test 55
      Start 55: exercise-ch28-lifecycle

55: Test command: /usr/bin/python3 "/home/voc/projects/snodec/publications/book/companion/exercises/ch28/installed.py" "lifecycle"
55: Working Directory: /home/voc/projects/snodec/publications/book/build/rebaseline-R2-07ca9a29-followup11/examples-P3/companion/exercises/ch28
55: Test timeout computed to be: 180
55: -- The CXX compiler identification is GNU 16.2.0
55: -- Detecting CXX compiler ABI info
55: -- Detecting CXX compiler ABI info - done
55: -- Check for working CXX compiler: /usr/bin/c++ - skipped
55: -- Detecting CXX compile features
55: -- Detecting CXX compile features - done
55: net-in-stream-legacy: loading dependencies 'net-in-stream, core-socket-stream-legacy'
55:   net-in-stream: loading dependencies 'net-in-phy-stream'
55:     net-in-phy-stream: loading dependencies 'net-in-phy'
55:       net-in-phy: loading dependencies 'net-in'
55:         net-in: loading dependencies 'net'
55:           net: loading dependencies 'core-socket'
55:             core-socket: loading dependencies 'core'
55:               core: loading dependencies 'mux-epoll, utils'
55:                 mux-epoll: loaded
55:                 utils: loading dependencies 'logger'
55:                   logger: loaded
55:                 utils: loaded
55:               core: loaded
55:             core-socket: loaded
55:           net: loaded
55:         net-in: loaded
55:       net-in-phy: loaded
55:     net-in-phy-stream: loaded
55:   net-in-stream: loaded
55:   core-socket-stream-legacy: loading dependencies 'core-socket-stream'
55:     core-socket-stream: loading dependencies 'core-socket'
55:       core-socket: already loaded
55:     core-socket-stream: loaded
55:   core-socket-stream-legacy: loaded
55: net-in-stream-legacy: loaded
55: -- Configuring done (0.2s)
55: -- Generating done (0.0s)
55: -- Build files have been written to: /tmp/installed-echo-1y5mx01l/build
55: [ 16%] Building CXX object CMakeFiles/echosocketcontext.dir/EchoSocketContext.cpp.o
55: [ 33%] Linking CXX static library libechosocketcontext.a
55: [ 33%] Built target echosocketcontext
55: [ 50%] Building CXX object CMakeFiles/echoserver.dir/echoserver.cpp.o
55: [ 66%] Building CXX object CMakeFiles/echoclient.dir/echoclient.cpp.o
55: [ 83%] Linking CXX executable echoserver
55: [ 83%] Built target echoserver
55: [100%] Linking CXX executable echoclient
55: [100%] Built target echoclient
55: -- Install configuration: "Release"
55: -- Installing: /tmp/installed-echo-1y5mx01l/install/bin/echoserver
55: -- Set non-toolchain portion of runtime path of "/tmp/installed-echo-1y5mx01l/install/bin/echoserver" to "/tmp/installed-echo-1y5mx01l/install/:/home/voc/projects/snodec/publications/book/build/rebaseline-R2-07ca9a29-followup11/install-gcc/lib"
55: -- Installing: /tmp/installed-echo-1y5mx01l/install/bin/echoclient
55: -- Set non-toolchain portion of runtime path of "/tmp/installed-echo-1y5mx01l/install/bin/echoclient" to "/tmp/installed-echo-1y5mx01l/install/:/home/voc/projects/snodec/publications/book/build/rebaseline-R2-07ca9a29-followup11/install-gcc/lib"
55: PASS: fresh external Release consumer installed at /tmp/installed-echo-1y5mx01l/install/bin/echoserver; snodec_DIR=/home/voc/projects/snodec/publications/book/build/rebaseline-R2-07ca9a29-followup11/install-gcc/lib/cmake/snodec
55: PASS: installed process 1196974 echoed exact binary bytes and stopped; new connection refused
55: PASS: installed process 1196976 echoed exact binary bytes and stopped; new connection refused
55: PASS: restart changes process identity and preserves the configured echo contract; no loader environment override
55/66 Test #55: exercise-ch28-lifecycle .................   Passed    6.57 sec
test 56
      Start 56: exercise-ch28-configuration

56: Test command: /usr/bin/python3 "/home/voc/projects/snodec/publications/book/companion/exercises/ch28/installed.py" "configuration"
56: Working Directory: /home/voc/projects/snodec/publications/book/build/rebaseline-R2-07ca9a29-followup11/examples-P3/companion/exercises/ch28
56: Test timeout computed to be: 180
56: -- The CXX compiler identification is GNU 16.2.0
56: -- Detecting CXX compiler ABI info
56: -- Detecting CXX compiler ABI info - done
56: -- Check for working CXX compiler: /usr/bin/c++ - skipped
56: -- Detecting CXX compile features
56: -- Detecting CXX compile features - done
56: net-in-stream-legacy: loading dependencies 'net-in-stream, core-socket-stream-legacy'
56:   net-in-stream: loading dependencies 'net-in-phy-stream'
56:     net-in-phy-stream: loading dependencies 'net-in-phy'
56:       net-in-phy: loading dependencies 'net-in'
56:         net-in: loading dependencies 'net'
56:           net: loading dependencies 'core-socket'
56:             core-socket: loading dependencies 'core'
56:               core: loading dependencies 'mux-epoll, utils'
56:                 mux-epoll: loaded
56:                 utils: loading dependencies 'logger'
56:                   logger: loaded
56:                 utils: loaded
56:               core: loaded
56:             core-socket: loaded
56:           net: loaded
56:         net-in: loaded
56:       net-in-phy: loaded
56:     net-in-phy-stream: loaded
56:   net-in-stream: loaded
56:   core-socket-stream-legacy: loading dependencies 'core-socket-stream'
56:     core-socket-stream: loading dependencies 'core-socket'
56:       core-socket: already loaded
56:     core-socket-stream: loaded
56:   core-socket-stream-legacy: loaded
56: net-in-stream-legacy: loaded
56: -- Configuring done (0.2s)
56: -- Generating done (0.0s)
56: -- Build files have been written to: /tmp/installed-echo-v1i69f85/build
56: [ 16%] Building CXX object CMakeFiles/echosocketcontext.dir/EchoSocketContext.cpp.o
56: [ 33%] Linking CXX static library libechosocketcontext.a
56: [ 33%] Built target echosocketcontext
56: [ 50%] Building CXX object CMakeFiles/echoserver.dir/echoserver.cpp.o
56: [ 66%] Building CXX object CMakeFiles/echoclient.dir/echoclient.cpp.o
56: [ 83%] Linking CXX executable echoserver
56: [100%] Linking CXX executable echoclient
56: [100%] Built target echoserver
56: [100%] Built target echoclient
56: -- Install configuration: "Release"
56: -- Installing: /tmp/installed-echo-v1i69f85/install/bin/echoserver
56: -- Set non-toolchain portion of runtime path of "/tmp/installed-echo-v1i69f85/install/bin/echoserver" to "/tmp/installed-echo-v1i69f85/install/:/home/voc/projects/snodec/publications/book/build/rebaseline-R2-07ca9a29-followup11/install-gcc/lib"
56: -- Installing: /tmp/installed-echo-v1i69f85/install/bin/echoclient
56: -- Set non-toolchain portion of runtime path of "/tmp/installed-echo-v1i69f85/install/bin/echoclient" to "/tmp/installed-echo-v1i69f85/install/:/home/voc/projects/snodec/publications/book/build/rebaseline-R2-07ca9a29-followup11/install-gcc/lib"
56: PASS: fresh external Release consumer installed at /tmp/installed-echo-v1i69f85/install/bin/echoserver; snodec_DIR=/home/voc/projects/snodec/publications/book/build/rebaseline-R2-07ca9a29-followup11/install-gcc/lib/cmake/snodec
56: [ValidationError] --port: Value not-a-port not in range [0 - 65535]
56: 
56: Append -h or --help to your command line for more information.
56: 
56: PASS: invalid configured port stops startup with configuration status 2
56: PASS: installed process 1197167 echoed exact binary bytes and stopped; new connection refused
56: PASS: restoring the configuration restores the installed public exchange
56/66 Test #56: exercise-ch28-configuration .............   Passed    6.51 sec
test 57
      Start 57: exercise-ch29-diagnosis

57: Test command: /usr/bin/python3 "/home/voc/projects/snodec/publications/book/companion/exercises/ch29/../ch28/installed.py" "diagnosis"
57: Working Directory: /home/voc/projects/snodec/publications/book/build/rebaseline-R2-07ca9a29-followup11/examples-P3/companion/exercises/ch29
57: Test timeout computed to be: 300
57: net-in-stream-legacy: loading dependencies 'net-in-stream, core-socket-stream-legacy'
57:   net-in-stream: loading dependencies 'net-in-phy-stream'
57:     net-in-phy-stream: loading dependencies 'net-in-phy'
57:       net-in-phy: loading dependencies 'net-in'
57:         net-in: loading dependencies 'net'
57:           net: loading dependencies 'core-socket'
57:             core-socket: loading dependencies 'core'
57:               core: loading dependencies 'mux-epoll, utils'
57:                 mux-epoll: loaded
57:                 utils: loading dependencies 'logger'
57:                   logger: loaded
57:                 utils: loaded
57:               core: loaded
57:             core-socket: loaded
57:           net: loaded
57:         net-in: loaded
57:       net-in-phy: loaded
57:     net-in-phy-stream: loaded
57:   net-in-stream: loaded
57:   core-socket-stream-legacy: loading dependencies 'core-socket-stream'
57:     core-socket-stream: loading dependencies 'core-socket'
57:       core-socket: already loaded
57:     core-socket-stream: loaded
57:   core-socket-stream-legacy: loaded
57: net-in-stream-legacy: loaded
57: -- Configuring done (0.0s)
57: -- Generating done (0.0s)
57: -- Build files have been written to: /tmp/snodec-environment-lab-yh2kjf8l/build
57: [ 16%] Building CXX object CMakeFiles/echosocketcontext.dir/EchoSocketContext.cpp.o
57: [ 33%] Linking CXX static library libechosocketcontext.a
57: [ 33%] Built target echosocketcontext
57: [ 50%] Building CXX object CMakeFiles/echoserver.dir/echoserver.cpp.o
57: [ 66%] Building CXX object CMakeFiles/echoclient.dir/echoclient.cpp.o
57: [ 83%] Linking CXX executable echoserver
57: [100%] Linking CXX executable echoclient
57: [100%] Built target echoserver
57: [100%] Built target echoclient
57: -- The CXX compiler identification is GNU 16.2.0
57: -- Detecting CXX compiler ABI info
57: -- Detecting CXX compiler ABI info - done
57: -- Check for working CXX compiler: /usr/bin/c++ - skipped
57: -- Detecting CXX compile features
57: -- Detecting CXX compile features - done
57: CMake Error at CMakeLists.txt:9 (find_package):
57:   Found package configuration file:
57: 
57:     /home/voc/projects/snodec/publications/book/build/rebaseline-R2-07ca9a29-followup11/install-gcc/lib/cmake/snodec/snodecConfig.cmake
57: 
57:   but it set snodec_FOUND to FALSE so package "snodec" is considered to be
57:   NOT FOUND.  Reason given by package:
57: 
57:   Unsupported SNode.C component requested: net-in-stream-missing
57: 
57: 
57: 
57: -- Configuring incomplete, errors occurred!
57: 
57: PASS: missing component stops configuration before any runtime endpoint exists
57: PASS: snodec_DIR selects the requested installation: /home/voc/projects/snodec/publications/book/build/rebaseline-R2-07ca9a29-followup11/install-gcc/lib/cmake/snodec
57: PASS: canonical EchoPair builds and its server reflects environment-ready unchanged
57: -- The CXX compiler identification is GNU 16.2.0
57: -- Detecting CXX compiler ABI info
57: -- Detecting CXX compiler ABI info - done
57: -- Check for working CXX compiler: /usr/bin/c++ - skipped
57: -- Detecting CXX compile features
57: -- Detecting CXX compile features - done
57: net-in-stream-legacy: loading dependencies 'net-in-stream, core-socket-stream-legacy'
57:   net-in-stream: loading dependencies 'net-in-phy-stream'
57:     net-in-phy-stream: loading dependencies 'net-in-phy'
57:       net-in-phy: loading dependencies 'net-in'
57:         net-in: loading dependencies 'net'
57:           net: loading dependencies 'core-socket'
57:             core-socket: loading dependencies 'core'
57:               core: loading dependencies 'mux-epoll, utils'
57:                 mux-epoll: loaded
57:                 utils: loading dependencies 'logger'
57:                   logger: loaded
57:                 utils: loaded
57:               core: loaded
57:             core-socket: loaded
57:           net: loaded
57:         net-in: loaded
57:       net-in-phy: loaded
57:     net-in-phy-stream: loaded
57:   net-in-stream: loaded
57:   core-socket-stream-legacy: loading dependencies 'core-socket-stream'
57:     core-socket-stream: loading dependencies 'core-socket'
57:       core-socket: already loaded
57:     core-socket-stream: loaded
57:   core-socket-stream-legacy: loaded
57: net-in-stream-legacy: loaded
57: -- Configuring done (0.2s)
57: -- Generating done (0.0s)
57: -- Build files have been written to: /tmp/installed-echo-lezgvq9o/build
57: [ 16%] Building CXX object CMakeFiles/echosocketcontext.dir/EchoSocketContext.cpp.o
57: [ 33%] Linking CXX static library libechosocketcontext.a
57: [ 33%] Built target echosocketcontext
57: [ 50%] Building CXX object CMakeFiles/echoclient.dir/echoclient.cpp.o
57: [ 66%] Building CXX object CMakeFiles/echoserver.dir/echoserver.cpp.o
57: [ 83%] Linking CXX executable echoserver
57: [100%] Linking CXX executable echoclient
57: [100%] Built target echoserver
57: [100%] Built target echoclient
57: -- Install configuration: "Release"
57: -- Installing: /tmp/installed-echo-lezgvq9o/install/bin/echoserver
57: -- Set non-toolchain portion of runtime path of "/tmp/installed-echo-lezgvq9o/install/bin/echoserver" to "/tmp/installed-echo-lezgvq9o/install/:/home/voc/projects/snodec/publications/book/build/rebaseline-R2-07ca9a29-followup11/install-gcc/lib"
57: -- Installing: /tmp/installed-echo-lezgvq9o/install/bin/echoclient
57: -- Set non-toolchain portion of runtime path of "/tmp/installed-echo-lezgvq9o/install/bin/echoclient" to "/tmp/installed-echo-lezgvq9o/install/:/home/voc/projects/snodec/publications/book/build/rebaseline-R2-07ca9a29-followup11/install-gcc/lib"
57: PASS: fresh external Release consumer installed at /tmp/installed-echo-lezgvq9o/install/bin/echoserver; snodec_DIR=/home/voc/projects/snodec/publications/book/build/rebaseline-R2-07ca9a29-followup11/install-gcc/lib/cmake/snodec
57: PASS: wrong endpoint is refused after a successful build; correct endpoint echoes
57/66 Test #57: exercise-ch29-diagnosis .................   Passed   10.57 sec
test 58
      Start 58: exercise-ch29-checkpoint

58: Test command: /usr/bin/python3 "/home/voc/projects/snodec/publications/book/companion/exercises/ch29/../ch28/installed.py" "checkpoint"
58: Working Directory: /home/voc/projects/snodec/publications/book/build/rebaseline-R2-07ca9a29-followup11/examples-P3/companion/exercises/ch29
58: Test timeout computed to be: 300
58: net-in-stream-legacy: loading dependencies 'net-in-stream, core-socket-stream-legacy'
58:   net-in-stream: loading dependencies 'net-in-phy-stream'
58:     net-in-phy-stream: loading dependencies 'net-in-phy'
58:       net-in-phy: loading dependencies 'net-in'
58:         net-in: loading dependencies 'net'
58:           net: loading dependencies 'core-socket'
58:             core-socket: loading dependencies 'core'
58:               core: loading dependencies 'mux-epoll, utils'
58:                 mux-epoll: loaded
58:                 utils: loading dependencies 'logger'
58:                   logger: loaded
58:                 utils: loaded
58:               core: loaded
58:             core-socket: loaded
58:           net: loaded
58:         net-in: loaded
58:       net-in-phy: loaded
58:     net-in-phy-stream: loaded
58:   net-in-stream: loaded
58:   core-socket-stream-legacy: loading dependencies 'core-socket-stream'
58:     core-socket-stream: loading dependencies 'core-socket'
58:       core-socket: already loaded
58:     core-socket-stream: loaded
58:   core-socket-stream-legacy: loaded
58: net-in-stream-legacy: loaded
58: -- Configuring done (0.0s)
58: -- Generating done (0.0s)
58: -- Build files have been written to: /tmp/snodec-environment-lab-e53h4vkq/build
58: [ 16%] Building CXX object CMakeFiles/echosocketcontext.dir/EchoSocketContext.cpp.o
58: [ 33%] Linking CXX static library libechosocketcontext.a
58: [ 33%] Built target echosocketcontext
58: [ 50%] Building CXX object CMakeFiles/echoserver.dir/echoserver.cpp.o
58: [ 66%] Building CXX object CMakeFiles/echoclient.dir/echoclient.cpp.o
58: [ 83%] Linking CXX executable echoserver
58: [100%] Linking CXX executable echoclient
58: [100%] Built target echoserver
58: [100%] Built target echoclient
58: -- The CXX compiler identification is GNU 16.2.0
58: -- Detecting CXX compiler ABI info
58: -- Detecting CXX compiler ABI info - done
58: -- Check for working CXX compiler: /usr/bin/c++ - skipped
58: -- Detecting CXX compile features
58: -- Detecting CXX compile features - done
58: CMake Error at CMakeLists.txt:9 (find_package):
58:   Found package configuration file:
58: 
58:     /home/voc/projects/snodec/publications/book/build/rebaseline-R2-07ca9a29-followup11/install-gcc/lib/cmake/snodec/snodecConfig.cmake
58: 
58:   but it set snodec_FOUND to FALSE so package "snodec" is considered to be
58:   NOT FOUND.  Reason given by package:
58: 
58:   Unsupported SNode.C component requested: net-in-stream-missing
58: 
58: 
58: 
58: -- Configuring incomplete, errors occurred!
58: 
58: PASS: missing component stops configuration before any runtime endpoint exists
58: PASS: snodec_DIR selects the requested installation: /home/voc/projects/snodec/publications/book/build/rebaseline-R2-07ca9a29-followup11/install-gcc/lib/cmake/snodec
58: PASS: canonical EchoPair builds and its server reflects environment-ready unchanged
58: -- The CXX compiler identification is GNU 16.2.0
58: -- Detecting CXX compiler ABI info
58: -- Detecting CXX compiler ABI info - done
58: -- Check for working CXX compiler: /usr/bin/c++ - skipped
58: -- Detecting CXX compile features
58: -- Detecting CXX compile features - done
58: net-in-stream-legacy: loading dependencies 'net-in-stream, core-socket-stream-legacy'
58:   net-in-stream: loading dependencies 'net-in-phy-stream'
58:     net-in-phy-stream: loading dependencies 'net-in-phy'
58:       net-in-phy: loading dependencies 'net-in'
58:         net-in: loading dependencies 'net'
58:           net: loading dependencies 'core-socket'
58:             core-socket: loading dependencies 'core'
58:               core: loading dependencies 'mux-epoll, utils'
58:                 mux-epoll: loaded
58:                 utils: loading dependencies 'logger'
58:                   logger: loaded
58:                 utils: loaded
58:               core: loaded
58:             core-socket: loaded
58:           net: loaded
58:         net-in: loaded
58:       net-in-phy: loaded
58:     net-in-phy-stream: loaded
58:   net-in-stream: loaded
58:   core-socket-stream-legacy: loading dependencies 'core-socket-stream'
58:     core-socket-stream: loading dependencies 'core-socket'
58:       core-socket: already loaded
58:     core-socket-stream: loaded
58:   core-socket-stream-legacy: loaded
58: net-in-stream-legacy: loaded
58: -- Configuring done (0.2s)
58: -- Generating done (0.0s)
58: -- Build files have been written to: /tmp/installed-echo-syy593se/build
58: [ 16%] Building CXX object CMakeFiles/echosocketcontext.dir/EchoSocketContext.cpp.o
58: [ 33%] Linking CXX static library libechosocketcontext.a
58: [ 33%] Built target echosocketcontext
58: [ 50%] Building CXX object CMakeFiles/echoserver.dir/echoserver.cpp.o
58: [ 66%] Building CXX object CMakeFiles/echoclient.dir/echoclient.cpp.o
58: [ 83%] Linking CXX executable echoserver
58: [ 83%] Built target echoserver
58: [100%] Linking CXX executable echoclient
58: [100%] Built target echoclient
58: -- Install configuration: "Release"
58: -- Installing: /tmp/installed-echo-syy593se/install/bin/echoserver
58: -- Set non-toolchain portion of runtime path of "/tmp/installed-echo-syy593se/install/bin/echoserver" to "/tmp/installed-echo-syy593se/install/:/home/voc/projects/snodec/publications/book/build/rebaseline-R2-07ca9a29-followup11/install-gcc/lib"
58: -- Installing: /tmp/installed-echo-syy593se/install/bin/echoclient
58: -- Set non-toolchain portion of runtime path of "/tmp/installed-echo-syy593se/install/bin/echoclient" to "/tmp/installed-echo-syy593se/install/:/home/voc/projects/snodec/publications/book/build/rebaseline-R2-07ca9a29-followup11/install-gcc/lib"
58: PASS: fresh external Release consumer installed at /tmp/installed-echo-syy593se/install/bin/echoserver; snodec_DIR=/home/voc/projects/snodec/publications/book/build/rebaseline-R2-07ca9a29-followup11/install-gcc/lib/cmake/snodec
58: PASS: wrong endpoint is refused after a successful build; correct endpoint echoes
58: {"platform": "Linux-7.1.8+deb14-amd64-x86_64-with-glibc2.43", "build": "Release", "logging": "Info / JSON to temporary file", "endpoint": "127.0.0.1:58417", "loader_override": false, "warmup": 20}
58: samples=200 bytes=256 connections=1
58: median_us=16.21
58: p95_us=17.68
58: PASS: Part X checkpoint: fresh build/install, endpoint diagnosis, 200 exact-payload latency samples; no capacity claim
58/66 Test #58: exercise-ch29-checkpoint ................   Passed   10.63 sec
test 59
      Start 59: exercise-ch30

59: Test command: /usr/bin/python3 "/home/voc/projects/snodec/publications/book/companion/exercises/ch30/solution.py" "/home/voc/projects/snodec/publications/book/build/rebaseline-R2-07ca9a29-followup11/examples-P3/companion/examples/MiniGateway/minigateway"
59: Working Directory: /home/voc/projects/snodec/publications/book/build/rebaseline-R2-07ca9a29-followup11/examples-P3/companion/exercises/ch30
59: Test timeout computed to be: 40
59: PASS: HTTP/status/SSE agree without MQTT; restart resets sequence to zero
59/66 Test #59: exercise-ch30 ...........................   Passed    0.14 sec
test 60
      Start 60: exercise-ch30-validation

60: Test command: /home/voc/projects/snodec/publications/book/build/rebaseline-R2-07ca9a29-followup11/examples-P3/companion/exercises/ch30/measurement-validation
60: Working Directory: /home/voc/projects/snodec/publications/book/build/rebaseline-R2-07ca9a29-followup11/examples-P3/companion/exercises/ch30
60: Test timeout computed to be: 10000000
60: PASS: three invalid inputs leave state and notifications unchanged; next acceptance is 2
60/66 Test #60: exercise-ch30-validation ................   Passed    0.00 sec
test 61
      Start 61: exercise-ch31-framing

61: Test command: /usr/bin/python3 "/home/voc/projects/snodec/publications/book/companion/exercises/ch31/gateway.py" "framing" "/home/voc/projects/snodec/publications/book/build/rebaseline-R2-07ca9a29-followup11/examples-P3/companion/examples/MiniGateway-Extended/minigateway-extended"
61: Working Directory: /home/voc/projects/snodec/publications/book/build/rebaseline-R2-07ca9a29-followup11/examples-P3/companion/exercises/ch31
61: Test timeout computed to be: 40
61: PASS: whole/fragmented records agree; malformed records do not advance order; producer 9000 becomes local order; 4096-byte CR record accepted; both overlong forms close without suffix acceptance
61/66 Test #61: exercise-ch31-framing ...................   Passed    0.11 sec
test 62
      Start 62: exercise-ch31-mixed

62: Test command: /usr/bin/python3 "/home/voc/projects/snodec/publications/book/companion/exercises/ch31/gateway.py" "mixed" "/home/voc/projects/snodec/publications/book/build/rebaseline-R2-07ca9a29-followup11/examples-P3/companion/examples/MiniGateway-Extended/minigateway-extended"
62: Working Directory: /home/voc/projects/snodec/publications/book/build/rebaseline-R2-07ca9a29-followup11/examples-P3/companion/exercises/ch31
62: Test timeout computed to be: 40
62: PASS: MQTT unavailable; HTTP/Unix input share order 1–4; malformed CSV adds no acceptance; surviving observer continues; reconnect gets current 3 then live 4; restart resets to zero
62/66 Test #62: exercise-ch31-mixed .....................   Passed    0.16 sec
test 63
      Start 63: exercise-ch32

63: Test command: /home/voc/projects/snodec/publications/book/build/rebaseline-R2-07ca9a29-followup11/examples-P3/companion/exercises/ch32/model-ownership
63: Working Directory: /home/voc/projects/snodec/publications/book/build/rebaseline-R2-07ca9a29-followup11/examples-P3/companion/exercises/ch32
63: Test timeout computed to be: 10000000
63: PASS: input 900,2,1 -> accepted 1,2,3; detached observer sees only 1,2
63/66 Test #63: exercise-ch32 ...........................   Passed    0.00 sec
test 64
      Start 64: exercise-ch32-model-instances

64: Test command: /home/voc/projects/snodec/publications/book/build/rebaseline-R2-07ca9a29-followup11/examples-P3/companion/exercises/ch32/model-instances
64: Working Directory: /home/voc/projects/snodec/publications/book/build/rebaseline-R2-07ca9a29-followup11/examples-P3/companion/exercises/ch32
64: Test timeout computed to be: 10000000
64: PASS: shared inputs accept 1,2; separate model instances each accept 1
64/66 Test #64: exercise-ch32-model-instances ...........   Passed    0.00 sec
test 65
      Start 65: exercise-appendix-a-source-consumer

65: Test command: /usr/bin/python3 "/home/voc/projects/snodec/publications/book/companion/exercises/appendix-a/../ch02/solution.py" "consumer"
65: Working Directory: /home/voc/projects/snodec/publications/book/build/rebaseline-R2-07ca9a29-followup11/examples-P3/companion/exercises/appendix-a
65: Test timeout computed to be: 180
65: -- The CXX compiler identification is GNU 16.2.0
65: -- Detecting CXX compiler ABI info
65: -- Detecting CXX compiler ABI info - done
65: -- Check for working CXX compiler: /usr/bin/c++ - skipped
65: -- Detecting CXX compile features
65: -- Detecting CXX compile features - done
65: net-in-stream-legacy: loading dependencies 'net-in-stream, core-socket-stream-legacy'
65:   net-in-stream: loading dependencies 'net-in-phy-stream'
65:     net-in-phy-stream: loading dependencies 'net-in-phy'
65:       net-in-phy: loading dependencies 'net-in'
65:         net-in: loading dependencies 'net'
65:           net: loading dependencies 'core-socket'
65:             core-socket: loading dependencies 'core'
65:               core: loading dependencies 'mux-epoll, utils'
65:                 mux-epoll: loaded
65:                 utils: loading dependencies 'logger'
65:                   logger: loaded
65:                 utils: loaded
65:               core: loaded
65:             core-socket: loaded
65:           net: loaded
65:         net-in: loaded
65:       net-in-phy: loaded
65:     net-in-phy-stream: loaded
65:   net-in-stream: loaded
65:   core-socket-stream-legacy: loading dependencies 'core-socket-stream'
65:     core-socket-stream: loading dependencies 'core-socket'
65:       core-socket: already loaded
65:     core-socket-stream: loaded
65:   core-socket-stream-legacy: loaded
65: net-in-stream-legacy: loaded
65: -- Configuring done (0.2s)
65: -- Generating done (0.0s)
65: -- Build files have been written to: /tmp/snodec-environment-lab-pcvs0lj6/build
65: [ 16%] Building CXX object CMakeFiles/echosocketcontext.dir/EchoSocketContext.cpp.o
65: [ 33%] Linking CXX static library libechosocketcontext.a
65: [ 33%] Built target echosocketcontext
65: [ 50%] Building CXX object CMakeFiles/echoserver.dir/echoserver.cpp.o
65: [ 66%] Building CXX object CMakeFiles/echoclient.dir/echoclient.cpp.o
65: [ 83%] Linking CXX executable echoserver
65: [100%] Linking CXX executable echoclient
65: [100%] Built target echoserver
65: [100%] Built target echoclient
65: PASS: snodec_DIR selects the requested installation: /home/voc/projects/snodec/publications/book/build/rebaseline-R2-07ca9a29-followup11/install-gcc/lib/cmake/snodec
65: PASS: canonical EchoPair builds and its server reflects environment-ready unchanged
65/66 Test #65: exercise-appendix-a-source-consumer .....   Passed    4.00 sec
test 66
      Start 66: exercise-appendix-a-carrier-extension

66: Test command: /usr/bin/python3 "/home/voc/projects/snodec/publications/book/companion/exercises/appendix-a/../ch10/protocol.py" "transfer" "/home/voc/projects/snodec/publications/book/build/rebaseline-R2-07ca9a29-followup11/examples-P3/companion/examples/LineProtocol-Server/line-protocol-server" "/home/voc/projects/snodec/publications/book/build/rebaseline-R2-07ca9a29-followup11/examples-P3/companion/exercises/ch12/line-unix"
66: Working Directory: /home/voc/projects/snodec/publications/book/build/rebaseline-R2-07ca9a29-followup11/examples-P3/companion/exercises/appendix-a
66: Test timeout computed to be: 40
66: PASS: 26 segmentations, CRLF/empty/unknown commands, QUIT, partial-prefix silence
66: Observed ip: 35797
66: PASS: 26 segmentations, CRLF/empty/unknown commands, QUIT, partial-prefix silence
66: Observed unix: /tmp/line-lab-w_xivup5/line.sock
66: PASS: Part IV checkpoint: identical reconstructed replies over IPv4 and Unix; owned cleanup
66/66 Test #66: exercise-appendix-a-carrier-extension ...   Passed    0.38 sec

100% tests passed, 0 tests failed out of 66

Label Time Summary:
equipped    =   4.03 sec*proc (3 tests)

Total Test time (real) =  75.79 sec
