COMMAND: ["cmake", "-S", "/home/voc/projects/snodec/publications/book/build/rebaseline-R2-07ca9a29-followup11/source", "-B", "/home/voc/projects/snodec/publications/book/build/rebaseline-R2-07ca9a29-followup11/framework-gcc", "-G", "Ninja", "-DCMAKE_BUILD_TYPE=Debug", "-DSNODEC_BUILD_TESTS=ON", "-DSNODEC_BUILD_APPS=ON", "-DCMAKE_INSTALL_PREFIX=/home/voc/projects/snodec/publications/book/build/rebaseline-R2-07ca9a29-followup11/install-gcc"]
SOURCE: 07ca9a2936ee72582df7d159cb06666fe23e30f8
PREFIX: /home/voc/projects/snodec/publications/book/build/rebaseline-R2-07ca9a29-followup11/install-gcc
-- The C compiler identification is GNU 16.2.0
-- The CXX compiler identification is GNU 16.2.0
-- Detecting C compiler ABI info
-- Detecting C compiler ABI info - done
-- Check for working C compiler: /usr/bin/cc - skipped
-- Detecting C compile features
-- Detecting C compile features - done
-- Detecting CXX compiler ABI info
-- Detecting CXX compiler ABI info - done
-- Check for working CXX compiler: /usr/bin/c++ - skipped
-- Detecting CXX compile features
-- Detecting CXX compile features - done
-- Found Doxygen: /usr/bin/doxygen (found version "1.15.0") found components: doxygen dot
-- GNU compiler version 16.2.0 >= 12.2: Good
-- Build spdlog: 1.17.0
-- Performing Test CMAKE_HAVE_LIBC_PTHREAD
-- Performing Test CMAKE_HAVE_LIBC_PTHREAD - Success
-- Found Threads: TRUE
-- Build type: Debug
-- Looking for fwrite_unlocked
-- Looking for fwrite_unlocked - found
-- Adding compile definition 'GROUP_NAME=snodec' for '/home/voc/projects/snodec/publications/book/build/rebaseline-R2-07ca9a29-followup11/source/src/utils/Config.cpp'
-- I/O-Multiplexer selected: 'epoll'
-- Found OpenSSL: /usr/lib/x86_64-linux-gnu/libcrypto.so (found version "3.6.3")
-- Adding compile definition 'READ_BLOCKSIZE=16384' for '/home/voc/projects/snodec/publications/book/build/rebaseline-R2-07ca9a29-followup11/source/src/net/config/ConfigConnection.cpp'
-- Adding compile definition 'WRITE_BLOCKSIZE=16384' for '/home/voc/projects/snodec/publications/book/build/rebaseline-R2-07ca9a29-followup11/source/src/net/config/ConfigConnection.cpp'
-- Adding compile definition 'READ_TIMEOUT=60' for '/home/voc/projects/snodec/publications/book/build/rebaseline-R2-07ca9a29-followup11/source/src/net/config/ConfigConnection.cpp'
-- Adding compile definition 'WRITE_TIMEOUT=60' for '/home/voc/projects/snodec/publications/book/build/rebaseline-R2-07ca9a29-followup11/source/src/net/config/ConfigConnection.cpp'
-- Adding compile definition 'TERMINATE_TIMEOUT=1' for '/home/voc/projects/snodec/publications/book/build/rebaseline-R2-07ca9a29-followup11/source/src/net/config/ConfigConnection.cpp'
-- Adding compile definition 'MAXIMUM_WRITE_QUEUE_BYTES=0' for '/home/voc/projects/snodec/publications/book/build/rebaseline-R2-07ca9a29-followup11/source/src/net/config/ConfigConnection.cpp'
-- Adding compile definition 'WRITE_QUEUE_HIGH_WATERMARK=0' for '/home/voc/projects/snodec/publications/book/build/rebaseline-R2-07ca9a29-followup11/source/src/net/config/ConfigConnection.cpp'
-- Adding compile definition 'WRITE_QUEUE_LOW_WATERMARK=0' for '/home/voc/projects/snodec/publications/book/build/rebaseline-R2-07ca9a29-followup11/source/src/net/config/ConfigConnection.cpp'
-- Adding compile definition 'ACCEPTS_PER_TICK=1' for '/home/voc/projects/snodec/publications/book/build/rebaseline-R2-07ca9a29-followup11/source/src/net/config/ConfigPhysicalSocketServer.cpp'
-- Adding compile definition 'BACKLOG=5' for '/home/voc/projects/snodec/publications/book/build/rebaseline-R2-07ca9a29-followup11/source/src/net/config/ConfigPhysicalSocketServer.cpp'
-- Adding compile definition 'RETRY=false' for '/home/voc/projects/snodec/publications/book/build/rebaseline-R2-07ca9a29-followup11/source/src/net/config/ConfigPhysicalSocket.cpp'
-- Adding compile definition 'RETRY_ON_FATAL=false' for '/home/voc/projects/snodec/publications/book/build/rebaseline-R2-07ca9a29-followup11/source/src/net/config/ConfigPhysicalSocket.cpp'
-- Adding compile definition 'RETRY_TIMEOUT=1' for '/home/voc/projects/snodec/publications/book/build/rebaseline-R2-07ca9a29-followup11/source/src/net/config/ConfigPhysicalSocket.cpp'
-- Adding compile definition 'RETRY_TRIES=0' for '/home/voc/projects/snodec/publications/book/build/rebaseline-R2-07ca9a29-followup11/source/src/net/config/ConfigPhysicalSocket.cpp'
-- Adding compile definition 'RETRY_BASE=1.8' for '/home/voc/projects/snodec/publications/book/build/rebaseline-R2-07ca9a29-followup11/source/src/net/config/ConfigPhysicalSocket.cpp'
-- Adding compile definition 'RETRY_JITTER=0' for '/home/voc/projects/snodec/publications/book/build/rebaseline-R2-07ca9a29-followup11/source/src/net/config/ConfigPhysicalSocket.cpp'
-- Adding compile definition 'RETRY_LIMIT=0' for '/home/voc/projects/snodec/publications/book/build/rebaseline-R2-07ca9a29-followup11/source/src/net/config/ConfigPhysicalSocket.cpp'
-- Adding compile definition 'ACCEPT_TIMEOUT=0' for '/home/voc/projects/snodec/publications/book/build/rebaseline-R2-07ca9a29-followup11/source/src/net/config/ConfigPhysicalSocketServer.cpp'
-- Adding compile definition 'RECONNECT=false' for '/home/voc/projects/snodec/publications/book/build/rebaseline-R2-07ca9a29-followup11/source/src/net/config/ConfigPhysicalSocketClient.cpp'
-- Adding compile definition 'RECONNECT_TIME=1' for '/home/voc/projects/snodec/publications/book/build/rebaseline-R2-07ca9a29-followup11/source/src/net/config/ConfigPhysicalSocketClient.cpp'
-- Adding compile definition 'CONNECT_TIMEOUT=10' for '/home/voc/projects/snodec/publications/book/build/rebaseline-R2-07ca9a29-followup11/source/src/net/config/ConfigPhysicalSocketClient.cpp'
-- Adding compile definition 'TLS_INIT_TIMEOUT=10' for '/home/voc/projects/snodec/publications/book/build/rebaseline-R2-07ca9a29-followup11/source/src/net/config/ConfigTlsServer.cpp'
-- Adding compile definition 'TLS_INIT_TIMEOUT=10' for '/home/voc/projects/snodec/publications/book/build/rebaseline-R2-07ca9a29-followup11/source/src/net/config/ConfigTlsClient.cpp'
-- Adding compile definition 'TLS_SHUTDOWN_TIMEOUT=1' for '/home/voc/projects/snodec/publications/book/build/rebaseline-R2-07ca9a29-followup11/source/src/net/config/ConfigTlsServer.cpp'
-- Adding compile definition 'TLS_SHUTDOWN_TIMEOUT=1' for '/home/voc/projects/snodec/publications/book/build/rebaseline-R2-07ca9a29-followup11/source/src/net/config/ConfigTlsClient.cpp'
-- Adding compile definition 'IN_NUMERIC=false' for '/home/voc/projects/snodec/publications/book/build/rebaseline-R2-07ca9a29-followup11/source/src/net/in/config/ConfigAddress.cpp'
-- Adding compile definition 'IN_NUMERIC_REVERSE=false' for '/home/voc/projects/snodec/publications/book/build/rebaseline-R2-07ca9a29-followup11/source/src/net/in/config/ConfigAddress.cpp'
-- Adding compile definition 'IN_REUSE_ADDRESS=false' for '/home/voc/projects/snodec/publications/book/build/rebaseline-R2-07ca9a29-followup11/source/src/net/in/stream/config/ConfigSocketServer.cpp'
-- Adding compile definition 'IN_REUSE_PORT=false' for '/home/voc/projects/snodec/publications/book/build/rebaseline-R2-07ca9a29-followup11/source/src/net/in/stream/config/ConfigSocketServer.cpp'
-- Adding compile definition 'IN_SERVER_DISABLE_NAGLE_ALGORITHM=default' for '/home/voc/projects/snodec/publications/book/build/rebaseline-R2-07ca9a29-followup11/source/src/net/in/stream/config/ConfigSocketServer.cpp'
-- Adding compile definition 'IN_CLIENT_DISABLE_NAGLE_ALGORITHM=default' for '/home/voc/projects/snodec/publications/book/build/rebaseline-R2-07ca9a29-followup11/source/src/net/in/stream/config/ConfigSocketClient.cpp'
-- Adding compile definition 'IN6_NUMERIC=false' for '/home/voc/projects/snodec/publications/book/build/rebaseline-R2-07ca9a29-followup11/source/src/net/in6/config/ConfigAddress.cpp'
-- Adding compile definition 'IN6_NUMERIC_REVERSE=false' for '/home/voc/projects/snodec/publications/book/build/rebaseline-R2-07ca9a29-followup11/source/src/net/in6/config/ConfigAddress.cpp'
-- Adding compile definition 'IN6_IPV4_MAPPED=false' for '/home/voc/projects/snodec/publications/book/build/rebaseline-R2-07ca9a29-followup11/source/src/net/in6/config/ConfigAddress.cpp'
-- Adding compile definition 'IN6_REUSE_ADDRESS=false' for '/home/voc/projects/snodec/publications/book/build/rebaseline-R2-07ca9a29-followup11/source/src/net/in6/stream/config/ConfigSocketServer.cpp'
-- Adding compile definition 'IN6_REUSE_PORT=false' for '/home/voc/projects/snodec/publications/book/build/rebaseline-R2-07ca9a29-followup11/source/src/net/in6/stream/config/ConfigSocketServer.cpp'
-- Adding compile definition 'IN6_IPV6_ONLY=default' for '/home/voc/projects/snodec/publications/book/build/rebaseline-R2-07ca9a29-followup11/source/src/net/in6/stream/config/ConfigSocketServer.cpp'
-- Adding compile definition 'IN6_SERVER_DISABLE_NAGLE_ALGORITHM=default' for '/home/voc/projects/snodec/publications/book/build/rebaseline-R2-07ca9a29-followup11/source/src/net/in6/stream/config/ConfigSocketServer.cpp'
-- Adding compile definition 'IN6_CLIENT_DISABLE_NAGLE_ALGORITHM=default' for '/home/voc/projects/snodec/publications/book/build/rebaseline-R2-07ca9a29-followup11/source/src/net/in6/stream/config/ConfigSocketClient.cpp'
-- Found PkgConfig: /usr/bin/pkg-config (found version "2.5.1")
-- Checking for module 'bluez'
--   Found bluez, version 5.87
-- Looking for getpeereid
-- Looking for getpeereid - not found
-- Checking for module 'libmagic'
--   Found libmagic, version 5.47
-- Adding compile definition 'HTTP_REQUEST_PIPELINED=true' for '/home/voc/projects/snodec/publications/book/build/rebaseline-R2-07ca9a29-followup11/source/src/web/http/client/ConfigHTTP.cpp'
-- Looking for getentropy
-- Looking for getentropy - found
-- Looking for SYS_getrandom
-- Looking for SYS_getrandom - found
-- Checking for module 'nlohmann_json>=3.11'
--   Found nlohmann_json, version 3.11.3
-- Checking for module 'libmariadb'
--   Found libmariadb, version 3.4.9
-- Found Curses: /usr/lib/x86_64-linux-gnu/libcurses.so
-- snodec-control: building with interactive UI support (--ui), Curses found
-- Configuring done (23.5s)
-- Generating done (0.4s)
-- Build files have been written to: /home/voc/projects/snodec/publications/book/build/rebaseline-R2-07ca9a29-followup11/framework-gcc
