-- The CXX compiler identification is GNU 16.2.0
-- Detecting CXX compiler ABI info
-- Detecting CXX compiler ABI info - done
-- Check for working CXX compiler: /usr/bin/c++ - skipped
-- Detecting CXX compile features
-- Detecting CXX compile features - done
websocket-server: loading dependencies 'websocket, http-server'
  websocket: loading dependencies 'utils'
    utils: loading dependencies 'logger'
      logger: loaded
    utils: loaded
  websocket: loaded
  websocket: configured
  http-server: loading dependencies 'http'
    http: loading dependencies 'core-socket-stream'
      core-socket-stream: loading dependencies 'core-socket'
        core-socket: loading dependencies 'core'
          core: loading dependencies 'mux-epoll, utils'
            mux-epoll: loaded
            utils: already loaded
          core: loaded
        core-socket: loaded
      core-socket-stream: loaded
    http: loaded
    http: configured
  http-server: loaded
websocket-server: loaded
websocket-client: loading dependencies 'websocket, http-client'
  websocket: already loaded
  http-client: loading dependencies 'http'
    http: already loaded
  http-client: loaded
websocket-client: loaded
-- Configuring done (0.2s)
-- Generating done (0.0s)
-- Build files have been written to: /tmp/snodec-four-item-pass/printed-websocket/build
[ 50%] Building CXX object CMakeFiles/printed-server.dir/server.cpp.o
[100%] Building CXX object CMakeFiles/printed-client.dir/client.cpp.o
[100%] Built target printed-client
[100%] Built target printed-server
