-- Install configuration: "Debug"
-- Up-to-date: /tmp/snodec-book-current-install/lib/libsnodec-logger.so.2.0.0
-- Up-to-date: /tmp/snodec-book-current-install/lib/libsnodec-logger.so.2
-- Up-to-date: /tmp/snodec-book-current-install/lib/libsnodec-logger.so
-- Up-to-date: /tmp/snodec-book-current-install/include/snode.c/log
-- Up-to-date: /tmp/snodec-book-current-install/include/snode.c/log/Logger.h
-- Up-to-date: /tmp/snodec-book-current-install/include/snode.c/log/LogScopeOwner.h
-- Up-to-date: /tmp/snodec-book-current-install/include/snode.c/log/SemanticLogger.h
-- Up-to-date: /tmp/snodec-book-current-install/lib/cmake/snodec/snodec_logger_Targets.cmake
-- Up-to-date: /tmp/snodec-book-current-install/lib/cmake/snodec/snodec_logger_Targets-debug.cmake
-- Up-to-date: /tmp/snodec-book-current-install/lib/libsnodec-utils.so.2.0.0
-- Up-to-date: /tmp/snodec-book-current-install/lib/libsnodec-utils.so.2
-- Up-to-date: /tmp/snodec-book-current-install/lib/libsnodec-utils.so
-- Up-to-date: /tmp/snodec-book-current-install/include/snode.c/utils
-- Up-to-date: /tmp/snodec-book-current-install/include/snode.c/utils/base64.h
-- Up-to-date: /tmp/snodec-book-current-install/include/snode.c/utils/CLI11.hpp
-- Up-to-date: /tmp/snodec-book-current-install/include/snode.c/utils/PreserveErrno.h
-- Up-to-date: /tmp/snodec-book-current-install/include/snode.c/utils/Formatter.h
-- Up-to-date: /tmp/snodec-book-current-install/include/snode.c/utils/hexdump.h
-- Up-to-date: /tmp/snodec-book-current-install/include/snode.c/utils/Timeval.h
-- Up-to-date: /tmp/snodec-book-current-install/include/snode.c/utils/SubCommand.h
-- Up-to-date: /tmp/snodec-book-current-install/include/snode.c/utils/sha1.h
-- Up-to-date: /tmp/snodec-book-current-install/include/snode.c/utils/Config.h
-- Up-to-date: /tmp/snodec-book-current-install/include/snode.c/utils/Daemon.h
-- Up-to-date: /tmp/snodec-book-current-install/include/snode.c/utils/AttributeInjector.h
-- Up-to-date: /tmp/snodec-book-current-install/include/snode.c/utils/Random.h
-- Up-to-date: /tmp/snodec-book-current-install/include/snode.c/utils/Uuid.h
-- Up-to-date: /tmp/snodec-book-current-install/include/snode.c/utils/system
-- Up-to-date: /tmp/snodec-book-current-install/include/snode.c/utils/system/signal.h
-- Up-to-date: /tmp/snodec-book-current-install/include/snode.c/utils/system/time.h
-- Up-to-date: /tmp/snodec-book-current-install/lib/cmake/snodec/snodec_utils_Targets.cmake
-- Up-to-date: /tmp/snodec-book-current-install/lib/cmake/snodec/snodec_utils_Targets-debug.cmake
-- Up-to-date: /tmp/snodec-book-current-install/lib/libsnodec-core-mux-epoll.so.2.0.0
-- Up-to-date: /tmp/snodec-book-current-install/lib/libsnodec-core-mux-epoll.so.2
-- Up-to-date: /tmp/snodec-book-current-install/lib/libsnodec-core-mux-epoll.so
-- Up-to-date: /tmp/snodec-book-current-install/lib/cmake/snodec/snodec_mux-epoll_Targets.cmake
-- Up-to-date: /tmp/snodec-book-current-install/lib/cmake/snodec/snodec_mux-epoll_Targets-debug.cmake
-- Up-to-date: /tmp/snodec-book-current-install/lib/libsnodec-core-mux-poll.so.2.0.0
-- Up-to-date: /tmp/snodec-book-current-install/lib/libsnodec-core-mux-poll.so.2
-- Up-to-date: /tmp/snodec-book-current-install/lib/libsnodec-core-mux-poll.so
-- Up-to-date: /tmp/snodec-book-current-install/lib/cmake/snodec/snodec_mux-poll_Targets.cmake
-- Up-to-date: /tmp/snodec-book-current-install/lib/cmake/snodec/snodec_mux-poll_Targets-debug.cmake
-- Up-to-date: /tmp/snodec-book-current-install/lib/libsnodec-core-mux-select.so.2.0.0
-- Up-to-date: /tmp/snodec-book-current-install/lib/libsnodec-core-mux-select.so.2
-- Up-to-date: /tmp/snodec-book-current-install/lib/libsnodec-core-mux-select.so
-- Up-to-date: /tmp/snodec-book-current-install/lib/cmake/snodec/snodec_mux-select_Targets.cmake
-- Up-to-date: /tmp/snodec-book-current-install/lib/cmake/snodec/snodec_mux-select_Targets-debug.cmake
-- Up-to-date: /tmp/snodec-book-current-install/lib/libsnodec-core.so.2.0.0
-- Up-to-date: /tmp/snodec-book-current-install/lib/libsnodec-core.so.2
-- Up-to-date: /tmp/snodec-book-current-install/lib/libsnodec-core.so
-- Up-to-date: /tmp/snodec-book-current-install/include/snode.c/core
-- Up-to-date: /tmp/snodec-book-current-install/include/snode.c/core/Shutdown.h
-- Up-to-date: /tmp/snodec-book-current-install/include/snode.c/core/DynamicLoader.h
-- Up-to-date: /tmp/snodec-book-current-install/include/snode.c/core/pipe
-- Up-to-date: /tmp/snodec-book-current-install/include/snode.c/core/pipe/Source.h
-- Up-to-date: /tmp/snodec-book-current-install/include/snode.c/core/pipe/Pipe.h
-- Up-to-date: /tmp/snodec-book-current-install/include/snode.c/core/pipe/PipeSink.h
-- Up-to-date: /tmp/snodec-book-current-install/include/snode.c/core/pipe/PipeSource.h
-- Up-to-date: /tmp/snodec-book-current-install/include/snode.c/core/pipe/Sink.h
-- Up-to-date: /tmp/snodec-book-current-install/include/snode.c/core/Event.h
-- Up-to-date: /tmp/snodec-book-current-install/include/snode.c/core/timer
-- Up-to-date: /tmp/snodec-book-current-install/include/snode.c/core/timer/Timer.h
-- Up-to-date: /tmp/snodec-book-current-install/include/snode.c/core/timer/SingleshotTimer.h
-- Up-to-date: /tmp/snodec-book-current-install/include/snode.c/core/Timer.h
-- Up-to-date: /tmp/snodec-book-current-install/include/snode.c/core/DescriptorEventReceiver.h
-- Up-to-date: /tmp/snodec-book-current-install/include/snode.c/core/State.h
-- Up-to-date: /tmp/snodec-book-current-install/include/snode.c/core/TickStatus.h
-- Up-to-date: /tmp/snodec-book-current-install/include/snode.c/core/eventreceiver
-- Up-to-date: /tmp/snodec-book-current-install/include/snode.c/core/eventreceiver/ReadEventReceiver.h
-- Up-to-date: /tmp/snodec-book-current-install/include/snode.c/core/eventreceiver/ConnectEventReceiver.h
-- Up-to-date: /tmp/snodec-book-current-install/include/snode.c/core/eventreceiver/ExceptionalConditionEventReceiver.h
-- Up-to-date: /tmp/snodec-book-current-install/include/snode.c/core/eventreceiver/WriteEventReceiver.h
-- Up-to-date: /tmp/snodec-book-current-install/include/snode.c/core/eventreceiver/AcceptEventReceiver.h
-- Up-to-date: /tmp/snodec-book-current-install/include/snode.c/core/SNodeC.h
-- Up-to-date: /tmp/snodec-book-current-install/include/snode.c/core/EventReceiver.h
-- Up-to-date: /tmp/snodec-book-current-install/include/snode.c/core/TimerEventReceiver.h
-- Up-to-date: /tmp/snodec-book-current-install/include/snode.c/core/file
-- Up-to-date: /tmp/snodec-book-current-install/include/snode.c/core/file/File.h
-- Up-to-date: /tmp/snodec-book-current-install/include/snode.c/core/file/FileReader.h
-- Up-to-date: /tmp/snodec-book-current-install/include/snode.c/core/system
-- Up-to-date: /tmp/snodec-book-current-install/include/snode.c/core/system/netdb.h
-- Up-to-date: /tmp/snodec-book-current-install/include/snode.c/core/system/poll.h
-- Up-to-date: /tmp/snodec-book-current-install/include/snode.c/core/system/socket.h
-- Up-to-date: /tmp/snodec-book-current-install/include/snode.c/core/system/select.h
-- Up-to-date: /tmp/snodec-book-current-install/include/snode.c/core/system/unistd.h
-- Up-to-date: /tmp/snodec-book-current-install/include/snode.c/core/system/epoll.h
-- Up-to-date: /tmp/snodec-book-current-install/include/snode.c/core/system/dlfcn.h
-- Up-to-date: /tmp/snodec-book-current-install/include/snode.c/core/Descriptor.h
-- Up-to-date: /tmp/snodec-book-current-install/lib/cmake/snodec/snodec_core_Targets.cmake
-- Up-to-date: /tmp/snodec-book-current-install/lib/cmake/snodec/snodec_core_Targets-debug.cmake
-- Up-to-date: /tmp/snodec-book-current-install/lib/libsnodec-core-socket.so.2.0.0
-- Up-to-date: /tmp/snodec-book-current-install/lib/libsnodec-core-socket.so.2
-- Up-to-date: /tmp/snodec-book-current-install/lib/libsnodec-core-socket.so
-- Up-to-date: /tmp/snodec-book-current-install/include/snode.c/core/socket
-- Up-to-date: /tmp/snodec-book-current-install/include/snode.c/core/socket/SocketContext.h
-- Up-to-date: /tmp/snodec-book-current-install/include/snode.c/core/socket/Socket.h
-- Up-to-date: /tmp/snodec-book-current-install/include/snode.c/core/socket/State.h
-- Up-to-date: /tmp/snodec-book-current-install/include/snode.c/core/socket/Socket.hpp
-- Up-to-date: /tmp/snodec-book-current-install/include/snode.c/core/socket/SocketAddress.h
-- Up-to-date: /tmp/snodec-book-current-install/lib/cmake/snodec/snodec_core-socket_Targets.cmake
-- Up-to-date: /tmp/snodec-book-current-install/lib/cmake/snodec/snodec_core-socket_Targets-debug.cmake
-- Up-to-date: /tmp/snodec-book-current-install/lib/libsnodec-core-socket-stream.so.2.0.0
-- Up-to-date: /tmp/snodec-book-current-install/lib/libsnodec-core-socket-stream.so.2
-- Up-to-date: /tmp/snodec-book-current-install/lib/libsnodec-core-socket-stream.so
-- Up-to-date: /tmp/snodec-book-current-install/include/snode.c/core/socket/stream
-- Up-to-date: /tmp/snodec-book-current-install/include/snode.c/core/socket/stream/SocketContext.h
-- Up-to-date: /tmp/snodec-book-current-install/include/snode.c/core/socket/stream/SocketContextFactory.h
-- Up-to-date: /tmp/snodec-book-current-install/include/snode.c/core/socket/stream/SocketClient.h
-- Up-to-date: /tmp/snodec-book-current-install/include/snode.c/core/socket/stream/SocketConnection.hpp
-- Up-to-date: /tmp/snodec-book-current-install/include/snode.c/core/socket/stream/SocketAcceptor.hpp
-- Up-to-date: /tmp/snodec-book-current-install/include/snode.c/core/socket/stream/FlowController.hpp
-- Up-to-date: /tmp/snodec-book-current-install/include/snode.c/core/socket/stream/SocketConnection.h
-- Up-to-date: /tmp/snodec-book-current-install/include/snode.c/core/socket/stream/ClientFlowController.h
-- Up-to-date: /tmp/snodec-book-current-install/include/snode.c/core/socket/stream/SocketConnector.h
-- Up-to-date: /tmp/snodec-book-current-install/include/snode.c/core/socket/stream/SocketConnector.hpp
-- Up-to-date: /tmp/snodec-book-current-install/include/snode.c/core/socket/stream/QueueResult.h
-- Up-to-date: /tmp/snodec-book-current-install/include/snode.c/core/socket/stream/SocketReader.h
-- Up-to-date: /tmp/snodec-book-current-install/include/snode.c/core/socket/stream/SocketWriter.h
-- Up-to-date: /tmp/snodec-book-current-install/include/snode.c/core/socket/stream/FlowController.h
-- Up-to-date: /tmp/snodec-book-current-install/include/snode.c/core/socket/stream/SocketServer.h
-- Up-to-date: /tmp/snodec-book-current-install/include/snode.c/core/socket/stream/ServerFlowController.h
-- Up-to-date: /tmp/snodec-book-current-install/include/snode.c/core/socket/stream/SocketAcceptor.h
-- Up-to-date: /tmp/snodec-book-current-install/lib/cmake/snodec/snodec_core-socket-stream_Targets.cmake
-- Up-to-date: /tmp/snodec-book-current-install/lib/cmake/snodec/snodec_core-socket-stream_Targets-debug.cmake
-- Up-to-date: /tmp/snodec-book-current-install/lib/libsnodec-core-socket-stream-legacy.so.2.0.0
-- Up-to-date: /tmp/snodec-book-current-install/lib/libsnodec-core-socket-stream-legacy.so.2
-- Up-to-date: /tmp/snodec-book-current-install/lib/libsnodec-core-socket-stream-legacy.so
-- Up-to-date: /tmp/snodec-book-current-install/include/snode.c/core/socket/stream/legacy
-- Up-to-date: /tmp/snodec-book-current-install/include/snode.c/core/socket/stream/legacy/SocketConnection.hpp
-- Up-to-date: /tmp/snodec-book-current-install/include/snode.c/core/socket/stream/legacy/SocketAcceptor.hpp
-- Up-to-date: /tmp/snodec-book-current-install/include/snode.c/core/socket/stream/legacy/SocketConnection.h
-- Up-to-date: /tmp/snodec-book-current-install/include/snode.c/core/socket/stream/legacy/SocketConnector.h
-- Up-to-date: /tmp/snodec-book-current-install/include/snode.c/core/socket/stream/legacy/SocketConnector.hpp
-- Up-to-date: /tmp/snodec-book-current-install/include/snode.c/core/socket/stream/legacy/SocketReader.h
-- Up-to-date: /tmp/snodec-book-current-install/include/snode.c/core/socket/stream/legacy/SocketWriter.h
-- Up-to-date: /tmp/snodec-book-current-install/include/snode.c/core/socket/stream/legacy/SocketAcceptor.h
-- Up-to-date: /tmp/snodec-book-current-install/lib/cmake/snodec/snodec_core-socket-stream-legacy_Targets.cmake
-- Up-to-date: /tmp/snodec-book-current-install/lib/cmake/snodec/snodec_core-socket-stream-legacy_Targets-debug.cmake
-- Up-to-date: /tmp/snodec-book-current-install/lib/libsnodec-core-socket-stream-tls.so.2.0.0
-- Up-to-date: /tmp/snodec-book-current-install/lib/libsnodec-core-socket-stream-tls.so.2
-- Up-to-date: /tmp/snodec-book-current-install/lib/libsnodec-core-socket-stream-tls.so
-- Up-to-date: /tmp/snodec-book-current-install/include/snode.c/core/socket/stream/tls
-- Up-to-date: /tmp/snodec-book-current-install/include/snode.c/core/socket/stream/tls/SocketConnection.hpp
-- Up-to-date: /tmp/snodec-book-current-install/include/snode.c/core/socket/stream/tls/TLSHandshake.h
-- Up-to-date: /tmp/snodec-book-current-install/include/snode.c/core/socket/stream/tls/SocketAcceptor.hpp
-- Up-to-date: /tmp/snodec-book-current-install/include/snode.c/core/socket/stream/tls/TLSShutdown.h
-- Up-to-date: /tmp/snodec-book-current-install/include/snode.c/core/socket/stream/tls/ssl_utils.h
-- Up-to-date: /tmp/snodec-book-current-install/include/snode.c/core/socket/stream/tls/SocketConnection.h
-- Up-to-date: /tmp/snodec-book-current-install/include/snode.c/core/socket/stream/tls/SocketConnector.h
-- Up-to-date: /tmp/snodec-book-current-install/include/snode.c/core/socket/stream/tls/SocketConnector.hpp
-- Up-to-date: /tmp/snodec-book-current-install/include/snode.c/core/socket/stream/tls/SocketReader.h
-- Up-to-date: /tmp/snodec-book-current-install/include/snode.c/core/socket/stream/tls/SocketWriter.h
-- Up-to-date: /tmp/snodec-book-current-install/include/snode.c/core/socket/stream/tls/system
-- Up-to-date: /tmp/snodec-book-current-install/include/snode.c/core/socket/stream/tls/system/ssl.h
-- Up-to-date: /tmp/snodec-book-current-install/include/snode.c/core/socket/stream/tls/SocketAcceptor.h
-- Up-to-date: /tmp/snodec-book-current-install/lib/cmake/snodec/snodec_core-socket-stream-tls_Targets.cmake
-- Up-to-date: /tmp/snodec-book-current-install/lib/cmake/snodec/snodec_core-socket-stream-tls_Targets-debug.cmake
-- Up-to-date: /tmp/snodec-book-current-install/lib/libsnodec-net.so.2.0.0
-- Up-to-date: /tmp/snodec-book-current-install/lib/libsnodec-net.so.2
-- Up-to-date: /tmp/snodec-book-current-install/lib/libsnodec-net.so
-- Up-to-date: /tmp/snodec-book-current-install/include/snode.c/net
-- Up-to-date: /tmp/snodec-book-current-install/include/snode.c/net/SocketAddress.hpp
-- Up-to-date: /tmp/snodec-book-current-install/include/snode.c/net/config
-- Up-to-date: /tmp/snodec-book-current-install/include/snode.c/net/config/ConfigSection.h
-- Up-to-date: /tmp/snodec-book-current-install/include/snode.c/net/config/ConfigAddress.h
-- Up-to-date: /tmp/snodec-book-current-install/include/snode.c/net/config/ConfigAddressReverse.h
-- Up-to-date: /tmp/snodec-book-current-install/include/snode.c/net/config/ConfigTlsServer.h
-- Up-to-date: /tmp/snodec-book-current-install/include/snode.c/net/config/ConfigPhysicalSocket.hpp
-- Up-to-date: /tmp/snodec-book-current-install/include/snode.c/net/config/ConfigPhysicalSocketServer.h
-- Up-to-date: /tmp/snodec-book-current-install/include/snode.c/net/config/ConfigInstance.h
-- Up-to-date: /tmp/snodec-book-current-install/include/snode.c/net/config/ConfigTls.h
-- Up-to-date: /tmp/snodec-book-current-install/include/snode.c/net/config/ConfigAddressReverse.hpp
-- Up-to-date: /tmp/snodec-book-current-install/include/snode.c/net/config/ConfigAddressBase.h
-- Up-to-date: /tmp/snodec-book-current-install/include/snode.c/net/config/ConfigAddressRemote.hpp
-- Up-to-date: /tmp/snodec-book-current-install/include/snode.c/net/config/ConfigAddressBase.hpp
-- Up-to-date: /tmp/snodec-book-current-install/include/snode.c/net/config/ConfigConnection.h
-- Up-to-date: /tmp/snodec-book-current-install/include/snode.c/net/config/ConfigAddressLocal.hpp
-- Up-to-date: /tmp/snodec-book-current-install/include/snode.c/net/config/ConfigTls.hpp
-- Up-to-date: /tmp/snodec-book-current-install/include/snode.c/net/config/stream
-- Up-to-date: /tmp/snodec-book-current-install/include/snode.c/net/config/stream/ConfigSocketServer.hpp
-- Up-to-date: /tmp/snodec-book-current-install/include/snode.c/net/config/stream/tls
-- Up-to-date: /tmp/snodec-book-current-install/include/snode.c/net/config/stream/tls/ConfigSocketServer.hpp
-- Up-to-date: /tmp/snodec-book-current-install/include/snode.c/net/config/stream/tls/ConfigSocketClient.hpp
-- Up-to-date: /tmp/snodec-book-current-install/include/snode.c/net/config/stream/tls/ConfigSocketClient.h
-- Up-to-date: /tmp/snodec-book-current-install/include/snode.c/net/config/stream/tls/ConfigSocketServer.h
-- Up-to-date: /tmp/snodec-book-current-install/include/snode.c/net/config/stream/ConfigSocketClient.hpp
-- Up-to-date: /tmp/snodec-book-current-install/include/snode.c/net/config/stream/ConfigSocketClient.h
-- Up-to-date: /tmp/snodec-book-current-install/include/snode.c/net/config/stream/legacy
-- Up-to-date: /tmp/snodec-book-current-install/include/snode.c/net/config/stream/legacy/ConfigSocketServer.hpp
-- Up-to-date: /tmp/snodec-book-current-install/include/snode.c/net/config/stream/legacy/ConfigSocketClient.hpp
-- Up-to-date: /tmp/snodec-book-current-install/include/snode.c/net/config/stream/legacy/ConfigSocketClient.h
-- Up-to-date: /tmp/snodec-book-current-install/include/snode.c/net/config/stream/legacy/ConfigSocketServer.h
-- Up-to-date: /tmp/snodec-book-current-install/include/snode.c/net/config/stream/ConfigSocketServer.h
-- Up-to-date: /tmp/snodec-book-current-install/include/snode.c/net/config/ConfigAddressLocal.h
-- Up-to-date: /tmp/snodec-book-current-install/include/snode.c/net/config/ConfigPhysicalSocketClient.h
-- Up-to-date: /tmp/snodec-book-current-install/include/snode.c/net/config/ConfigLegacy.h
-- Up-to-date: /tmp/snodec-book-current-install/include/snode.c/net/config/ConfigTlsClient.h
-- Up-to-date: /tmp/snodec-book-current-install/include/snode.c/net/config/ConfigAddress.hpp
-- Up-to-date: /tmp/snodec-book-current-install/include/snode.c/net/config/ConfigPhysicalSocket.h
-- Up-to-date: /tmp/snodec-book-current-install/include/snode.c/net/config/ConfigAddressRemote.h
-- Up-to-date: /tmp/snodec-book-current-install/include/snode.c/net/config/ConfigSection.hpp
-- Up-to-date: /tmp/snodec-book-current-install/include/snode.c/net/phy
-- Up-to-date: /tmp/snodec-book-current-install/include/snode.c/net/phy/PhysicalSocket.hpp
-- Up-to-date: /tmp/snodec-book-current-install/include/snode.c/net/phy/PhysicalSocketOption.h
-- Up-to-date: /tmp/snodec-book-current-install/include/snode.c/net/phy/dgram
-- Up-to-date: /tmp/snodec-book-current-install/include/snode.c/net/phy/dgram/PeerSocket.h
-- Up-to-date: /tmp/snodec-book-current-install/include/snode.c/net/phy/dgram/PeerSocket.hpp
-- Up-to-date: /tmp/snodec-book-current-install/include/snode.c/net/phy/stream
-- Up-to-date: /tmp/snodec-book-current-install/include/snode.c/net/phy/stream/PhysicalSocket.hpp
-- Up-to-date: /tmp/snodec-book-current-install/include/snode.c/net/phy/stream/PhysicalSocketClient.h
-- Up-to-date: /tmp/snodec-book-current-install/include/snode.c/net/phy/stream/PhysicalSocketServer.h
-- Up-to-date: /tmp/snodec-book-current-install/include/snode.c/net/phy/stream/PhysicalSocket.h
-- Up-to-date: /tmp/snodec-book-current-install/include/snode.c/net/phy/stream/PhysicalSocketClient.hpp
-- Up-to-date: /tmp/snodec-book-current-install/include/snode.c/net/phy/stream/PhysicalSocketServer.hpp
-- Up-to-date: /tmp/snodec-book-current-install/include/snode.c/net/phy/PhysicalSocket.h
-- Up-to-date: /tmp/snodec-book-current-install/include/snode.c/net/SocketAddress.h
-- Up-to-date: /tmp/snodec-book-current-install/lib/cmake/snodec/snodec_net_Targets.cmake
-- Up-to-date: /tmp/snodec-book-current-install/lib/cmake/snodec/snodec_net_Targets-debug.cmake
-- Up-to-date: /tmp/snodec-book-current-install/lib/libsnodec-net-in.so.2.0.0
-- Up-to-date: /tmp/snodec-book-current-install/lib/libsnodec-net-in.so.2
-- Up-to-date: /tmp/snodec-book-current-install/lib/libsnodec-net-in.so
-- Up-to-date: /tmp/snodec-book-current-install/include/snode.c/net/in
-- Up-to-date: /tmp/snodec-book-current-install/include/snode.c/net/in/config
-- Up-to-date: /tmp/snodec-book-current-install/include/snode.c/net/in/config/ConfigAddress.h
-- Up-to-date: /tmp/snodec-book-current-install/include/snode.c/net/in/SocketAddrInfo.h
-- Up-to-date: /tmp/snodec-book-current-install/include/snode.c/net/in/SocketAddress.h
-- Up-to-date: /tmp/snodec-book-current-install/lib/cmake/snodec/snodec_net-in_Targets.cmake
-- Up-to-date: /tmp/snodec-book-current-install/lib/cmake/snodec/snodec_net-in_Targets-debug.cmake
-- Up-to-date: /tmp/snodec-book-current-install/lib/libsnodec-net-in-phy.so.2.0.0
-- Up-to-date: /tmp/snodec-book-current-install/lib/libsnodec-net-in-phy.so.2
-- Up-to-date: /tmp/snodec-book-current-install/lib/libsnodec-net-in-phy.so
-- Up-to-date: /tmp/snodec-book-current-install/include/snode.c/net/in/phy
-- Up-to-date: /tmp/snodec-book-current-install/include/snode.c/net/in/phy/PhysicalSocket.hpp
-- Up-to-date: /tmp/snodec-book-current-install/include/snode.c/net/in/phy/PhysicalSocket.h
-- Up-to-date: /tmp/snodec-book-current-install/lib/cmake/snodec/snodec_net-in-phy_Targets.cmake
-- Up-to-date: /tmp/snodec-book-current-install/lib/cmake/snodec/snodec_net-in-phy_Targets-debug.cmake
-- Up-to-date: /tmp/snodec-book-current-install/lib/libsnodec-net-in-phy-stream.so.2.0.0
-- Up-to-date: /tmp/snodec-book-current-install/lib/libsnodec-net-in-phy-stream.so.2
-- Up-to-date: /tmp/snodec-book-current-install/lib/libsnodec-net-in-phy-stream.so
-- Up-to-date: /tmp/snodec-book-current-install/include/snode.c/net/in/phy/stream
-- Up-to-date: /tmp/snodec-book-current-install/include/snode.c/net/in/phy/stream/PhysicalSocket.hpp
-- Up-to-date: /tmp/snodec-book-current-install/include/snode.c/net/in/phy/stream/PhysicalSocketClient.h
-- Up-to-date: /tmp/snodec-book-current-install/include/snode.c/net/in/phy/stream/PhysicalSocketServer.h
-- Up-to-date: /tmp/snodec-book-current-install/include/snode.c/net/in/phy/stream/PhysicalSocket.h
-- Up-to-date: /tmp/snodec-book-current-install/lib/cmake/snodec/snodec_net-in-phy-stream_Targets.cmake
-- Up-to-date: /tmp/snodec-book-current-install/lib/cmake/snodec/snodec_net-in-phy-stream_Targets-debug.cmake
-- Up-to-date: /tmp/snodec-book-current-install/lib/libsnodec-net-in-stream.so.2.0.0
-- Up-to-date: /tmp/snodec-book-current-install/lib/libsnodec-net-in-stream.so.2
-- Up-to-date: /tmp/snodec-book-current-install/lib/libsnodec-net-in-stream.so
-- Up-to-date: /tmp/snodec-book-current-install/include/snode.c/net/in/stream
-- Up-to-date: /tmp/snodec-book-current-install/include/snode.c/net/in/stream/SocketClient.h
-- Up-to-date: /tmp/snodec-book-current-install/include/snode.c/net/in/stream/config
-- Up-to-date: /tmp/snodec-book-current-install/include/snode.c/net/in/stream/config/ConfigSocketClient.h
-- Up-to-date: /tmp/snodec-book-current-install/include/snode.c/net/in/stream/config/ConfigSocketServer.h
-- Up-to-date: /tmp/snodec-book-current-install/include/snode.c/net/in/stream/SocketServer.h
-- Up-to-date: /tmp/snodec-book-current-install/lib/cmake/snodec/snodec_net-in-stream_Targets.cmake
-- Up-to-date: /tmp/snodec-book-current-install/lib/cmake/snodec/snodec_net-in-stream_Targets-debug.cmake
-- Up-to-date: /tmp/snodec-book-current-install/lib/libsnodec-net-in-stream-legacy.so.2.0.0
-- Up-to-date: /tmp/snodec-book-current-install/lib/libsnodec-net-in-stream-legacy.so.2
-- Up-to-date: /tmp/snodec-book-current-install/lib/libsnodec-net-in-stream-legacy.so
-- Up-to-date: /tmp/snodec-book-current-install/include/snode.c/net/in/stream/legacy
-- Up-to-date: /tmp/snodec-book-current-install/include/snode.c/net/in/stream/legacy/SocketClient.h
-- Up-to-date: /tmp/snodec-book-current-install/include/snode.c/net/in/stream/legacy/config
-- Up-to-date: /tmp/snodec-book-current-install/include/snode.c/net/in/stream/legacy/config/ConfigSocketClient.h
-- Up-to-date: /tmp/snodec-book-current-install/include/snode.c/net/in/stream/legacy/config/ConfigSocketServer.h
-- Up-to-date: /tmp/snodec-book-current-install/include/snode.c/net/in/stream/legacy/SocketServer.h
-- Up-to-date: /tmp/snodec-book-current-install/lib/cmake/snodec/snodec_net-in-stream-legacy_Targets.cmake
-- Up-to-date: /tmp/snodec-book-current-install/lib/cmake/snodec/snodec_net-in-stream-legacy_Targets-debug.cmake
-- Up-to-date: /tmp/snodec-book-current-install/lib/libsnodec-net-in-stream-tls.so.2.0.0
-- Up-to-date: /tmp/snodec-book-current-install/lib/libsnodec-net-in-stream-tls.so.2
-- Up-to-date: /tmp/snodec-book-current-install/lib/libsnodec-net-in-stream-tls.so
-- Up-to-date: /tmp/snodec-book-current-install/include/snode.c/net/in/stream/tls
-- Up-to-date: /tmp/snodec-book-current-install/include/snode.c/net/in/stream/tls/SocketClient.h
-- Up-to-date: /tmp/snodec-book-current-install/include/snode.c/net/in/stream/tls/config
-- Up-to-date: /tmp/snodec-book-current-install/include/snode.c/net/in/stream/tls/config/ConfigSocketClient.h
-- Up-to-date: /tmp/snodec-book-current-install/include/snode.c/net/in/stream/tls/config/ConfigSocketServer.h
-- Up-to-date: /tmp/snodec-book-current-install/include/snode.c/net/in/stream/tls/SocketServer.h
-- Up-to-date: /tmp/snodec-book-current-install/lib/cmake/snodec/snodec_net-in-stream-tls_Targets.cmake
-- Up-to-date: /tmp/snodec-book-current-install/lib/cmake/snodec/snodec_net-in-stream-tls_Targets-debug.cmake
-- Up-to-date: /tmp/snodec-book-current-install/lib/libsnodec-net-in6.so.2.0.0
-- Up-to-date: /tmp/snodec-book-current-install/lib/libsnodec-net-in6.so.2
-- Up-to-date: /tmp/snodec-book-current-install/lib/libsnodec-net-in6.so
-- Up-to-date: /tmp/snodec-book-current-install/include/snode.c/net/in6
-- Up-to-date: /tmp/snodec-book-current-install/include/snode.c/net/in6/config
-- Up-to-date: /tmp/snodec-book-current-install/include/snode.c/net/in6/config/ConfigAddress.h
-- Up-to-date: /tmp/snodec-book-current-install/include/snode.c/net/in6/SocketAddrInfo.h
-- Up-to-date: /tmp/snodec-book-current-install/include/snode.c/net/in6/SocketAddress.h
-- Up-to-date: /tmp/snodec-book-current-install/lib/cmake/snodec/snodec_net-in6_Targets.cmake
-- Up-to-date: /tmp/snodec-book-current-install/lib/cmake/snodec/snodec_net-in6_Targets-debug.cmake
-- Up-to-date: /tmp/snodec-book-current-install/lib/libsnodec-net-in6-phy.so.2.0.0
-- Up-to-date: /tmp/snodec-book-current-install/lib/libsnodec-net-in6-phy.so.2
-- Up-to-date: /tmp/snodec-book-current-install/lib/libsnodec-net-in6-phy.so
-- Up-to-date: /tmp/snodec-book-current-install/include/snode.c/net/in6/phy
-- Up-to-date: /tmp/snodec-book-current-install/include/snode.c/net/in6/phy/PhysicalSocket.hpp
-- Up-to-date: /tmp/snodec-book-current-install/include/snode.c/net/in6/phy/PhysicalSocket.h
-- Up-to-date: /tmp/snodec-book-current-install/lib/cmake/snodec/snodec_net-in6-phy_Targets.cmake
-- Up-to-date: /tmp/snodec-book-current-install/lib/cmake/snodec/snodec_net-in6-phy_Targets-debug.cmake
-- Up-to-date: /tmp/snodec-book-current-install/lib/libsnodec-net-in6-phy-stream.so.2.0.0
-- Up-to-date: /tmp/snodec-book-current-install/lib/libsnodec-net-in6-phy-stream.so.2
-- Up-to-date: /tmp/snodec-book-current-install/lib/libsnodec-net-in6-phy-stream.so
-- Up-to-date: /tmp/snodec-book-current-install/include/snode.c/net/in6/phy/stream
-- Up-to-date: /tmp/snodec-book-current-install/include/snode.c/net/in6/phy/stream/PhysicalSocket.hpp
-- Up-to-date: /tmp/snodec-book-current-install/include/snode.c/net/in6/phy/stream/PhysicalSocketClient.h
-- Up-to-date: /tmp/snodec-book-current-install/include/snode.c/net/in6/phy/stream/PhysicalSocketServer.h
-- Up-to-date: /tmp/snodec-book-current-install/include/snode.c/net/in6/phy/stream/PhysicalSocket.h
-- Up-to-date: /tmp/snodec-book-current-install/lib/cmake/snodec/snodec_net-in6-phy-stream_Targets.cmake
-- Up-to-date: /tmp/snodec-book-current-install/lib/cmake/snodec/snodec_net-in6-phy-stream_Targets-debug.cmake
-- Up-to-date: /tmp/snodec-book-current-install/lib/libsnodec-net-in6-stream.so.2.0.0
-- Up-to-date: /tmp/snodec-book-current-install/lib/libsnodec-net-in6-stream.so.2
-- Up-to-date: /tmp/snodec-book-current-install/lib/libsnodec-net-in6-stream.so
-- Up-to-date: /tmp/snodec-book-current-install/include/snode.c/net/in6/stream
-- Up-to-date: /tmp/snodec-book-current-install/include/snode.c/net/in6/stream/SocketClient.h
-- Up-to-date: /tmp/snodec-book-current-install/include/snode.c/net/in6/stream/config
-- Up-to-date: /tmp/snodec-book-current-install/include/snode.c/net/in6/stream/config/ConfigSocketClient.h
-- Up-to-date: /tmp/snodec-book-current-install/include/snode.c/net/in6/stream/config/ConfigSocketServer.h
-- Up-to-date: /tmp/snodec-book-current-install/include/snode.c/net/in6/stream/SocketServer.h
-- Up-to-date: /tmp/snodec-book-current-install/lib/cmake/snodec/snodec_net-in6-stream_Targets.cmake
-- Up-to-date: /tmp/snodec-book-current-install/lib/cmake/snodec/snodec_net-in6-stream_Targets-debug.cmake
-- Up-to-date: /tmp/snodec-book-current-install/lib/libsnodec-net-in6-stream-legacy.so.2.0.0
-- Up-to-date: /tmp/snodec-book-current-install/lib/libsnodec-net-in6-stream-legacy.so.2
-- Up-to-date: /tmp/snodec-book-current-install/lib/libsnodec-net-in6-stream-legacy.so
-- Up-to-date: /tmp/snodec-book-current-install/include/snode.c/net/in6/stream/legacy
-- Up-to-date: /tmp/snodec-book-current-install/include/snode.c/net/in6/stream/legacy/SocketClient.h
-- Up-to-date: /tmp/snodec-book-current-install/include/snode.c/net/in6/stream/legacy/config
-- Up-to-date: /tmp/snodec-book-current-install/include/snode.c/net/in6/stream/legacy/config/ConfigSocketClient.h
-- Up-to-date: /tmp/snodec-book-current-install/include/snode.c/net/in6/stream/legacy/config/ConfigSocketServer.h
-- Up-to-date: /tmp/snodec-book-current-install/include/snode.c/net/in6/stream/legacy/SocketServer.h
-- Up-to-date: /tmp/snodec-book-current-install/lib/cmake/snodec/snodec_net-in6-stream-legacy_Targets.cmake
-- Up-to-date: /tmp/snodec-book-current-install/lib/cmake/snodec/snodec_net-in6-stream-legacy_Targets-debug.cmake
-- Up-to-date: /tmp/snodec-book-current-install/lib/libsnodec-net-in6-stream-tls.so.2.0.0
-- Up-to-date: /tmp/snodec-book-current-install/lib/libsnodec-net-in6-stream-tls.so.2
-- Up-to-date: /tmp/snodec-book-current-install/lib/libsnodec-net-in6-stream-tls.so
-- Up-to-date: /tmp/snodec-book-current-install/include/snode.c/net/in6/stream/tls
-- Up-to-date: /tmp/snodec-book-current-install/include/snode.c/net/in6/stream/tls/SocketClient.h
-- Up-to-date: /tmp/snodec-book-current-install/include/snode.c/net/in6/stream/tls/config
-- Up-to-date: /tmp/snodec-book-current-install/include/snode.c/net/in6/stream/tls/config/ConfigSocketClient.h
-- Up-to-date: /tmp/snodec-book-current-install/include/snode.c/net/in6/stream/tls/config/ConfigSocketServer.h
-- Up-to-date: /tmp/snodec-book-current-install/include/snode.c/net/in6/stream/tls/SocketServer.h
-- Up-to-date: /tmp/snodec-book-current-install/lib/cmake/snodec/snodec_net-in6-stream-tls_Targets.cmake
-- Up-to-date: /tmp/snodec-book-current-install/lib/cmake/snodec/snodec_net-in6-stream-tls_Targets-debug.cmake
-- Up-to-date: /tmp/snodec-book-current-install/lib/libsnodec-net-l2.so.2.0.0
-- Up-to-date: /tmp/snodec-book-current-install/lib/libsnodec-net-l2.so.2
-- Up-to-date: /tmp/snodec-book-current-install/lib/libsnodec-net-l2.so
-- Up-to-date: /tmp/snodec-book-current-install/include/snode.c/net/l2
-- Up-to-date: /tmp/snodec-book-current-install/include/snode.c/net/l2/config
-- Up-to-date: /tmp/snodec-book-current-install/include/snode.c/net/l2/config/ConfigAddress.h
-- Up-to-date: /tmp/snodec-book-current-install/include/snode.c/net/l2/SocketAddress.h
-- Up-to-date: /tmp/snodec-book-current-install/lib/cmake/snodec/snodec_net-l2_Targets.cmake
-- Up-to-date: /tmp/snodec-book-current-install/lib/cmake/snodec/snodec_net-l2_Targets-debug.cmake
-- Up-to-date: /tmp/snodec-book-current-install/lib/libsnodec-net-l2-phy.so.2.0.0
-- Up-to-date: /tmp/snodec-book-current-install/lib/libsnodec-net-l2-phy.so.2
-- Up-to-date: /tmp/snodec-book-current-install/lib/libsnodec-net-l2-phy.so
-- Up-to-date: /tmp/snodec-book-current-install/include/snode.c/net/l2/phy
-- Up-to-date: /tmp/snodec-book-current-install/include/snode.c/net/l2/phy/PhysicalSocket.hpp
-- Up-to-date: /tmp/snodec-book-current-install/include/snode.c/net/l2/phy/PhysicalSocket.h
-- Up-to-date: /tmp/snodec-book-current-install/lib/cmake/snodec/snodec_net-l2-phy_Targets.cmake
-- Up-to-date: /tmp/snodec-book-current-install/lib/cmake/snodec/snodec_net-l2-phy_Targets-debug.cmake
-- Up-to-date: /tmp/snodec-book-current-install/lib/libsnodec-net-l2-phy-stream.so.2.0.0
-- Up-to-date: /tmp/snodec-book-current-install/lib/libsnodec-net-l2-phy-stream.so.2
-- Up-to-date: /tmp/snodec-book-current-install/lib/libsnodec-net-l2-phy-stream.so
-- Up-to-date: /tmp/snodec-book-current-install/include/snode.c/net/l2/phy/stream
-- Up-to-date: /tmp/snodec-book-current-install/include/snode.c/net/l2/phy/stream/PhysicalSocket.hpp
-- Up-to-date: /tmp/snodec-book-current-install/include/snode.c/net/l2/phy/stream/PhysicalSocketClient.h
-- Up-to-date: /tmp/snodec-book-current-install/include/snode.c/net/l2/phy/stream/PhysicalSocketServer.h
-- Up-to-date: /tmp/snodec-book-current-install/include/snode.c/net/l2/phy/stream/PhysicalSocket.h
-- Up-to-date: /tmp/snodec-book-current-install/lib/cmake/snodec/snodec_net-l2-phy-stream_Targets.cmake
-- Up-to-date: /tmp/snodec-book-current-install/lib/cmake/snodec/snodec_net-l2-phy-stream_Targets-debug.cmake
-- Up-to-date: /tmp/snodec-book-current-install/lib/libsnodec-net-l2-stream.so.2.0.0
-- Up-to-date: /tmp/snodec-book-current-install/lib/libsnodec-net-l2-stream.so.2
-- Up-to-date: /tmp/snodec-book-current-install/lib/libsnodec-net-l2-stream.so
-- Up-to-date: /tmp/snodec-book-current-install/include/snode.c/net/l2/stream
-- Up-to-date: /tmp/snodec-book-current-install/include/snode.c/net/l2/stream/SocketClient.h
-- Up-to-date: /tmp/snodec-book-current-install/include/snode.c/net/l2/stream/config
-- Up-to-date: /tmp/snodec-book-current-install/include/snode.c/net/l2/stream/config/ConfigSocketClient.h
-- Up-to-date: /tmp/snodec-book-current-install/include/snode.c/net/l2/stream/config/ConfigSocketServer.h
-- Up-to-date: /tmp/snodec-book-current-install/include/snode.c/net/l2/stream/SocketServer.h
-- Up-to-date: /tmp/snodec-book-current-install/lib/cmake/snodec/snodec_net-l2-stream_Targets.cmake
-- Up-to-date: /tmp/snodec-book-current-install/lib/cmake/snodec/snodec_net-l2-stream_Targets-debug.cmake
-- Up-to-date: /tmp/snodec-book-current-install/lib/libsnodec-net-l2-stream-legacy.so.2.0.0
-- Up-to-date: /tmp/snodec-book-current-install/lib/libsnodec-net-l2-stream-legacy.so.2
-- Up-to-date: /tmp/snodec-book-current-install/lib/libsnodec-net-l2-stream-legacy.so
-- Up-to-date: /tmp/snodec-book-current-install/include/snode.c/net/l2/stream/legacy
-- Up-to-date: /tmp/snodec-book-current-install/include/snode.c/net/l2/stream/legacy/SocketClient.h
-- Up-to-date: /tmp/snodec-book-current-install/include/snode.c/net/l2/stream/legacy/config
-- Up-to-date: /tmp/snodec-book-current-install/include/snode.c/net/l2/stream/legacy/config/ConfigSocketClient.h
-- Up-to-date: /tmp/snodec-book-current-install/include/snode.c/net/l2/stream/legacy/config/ConfigSocketServer.h
-- Up-to-date: /tmp/snodec-book-current-install/include/snode.c/net/l2/stream/legacy/SocketServer.h
-- Up-to-date: /tmp/snodec-book-current-install/lib/cmake/snodec/snodec_net-l2-stream-legacy_Targets.cmake
-- Up-to-date: /tmp/snodec-book-current-install/lib/cmake/snodec/snodec_net-l2-stream-legacy_Targets-debug.cmake
-- Up-to-date: /tmp/snodec-book-current-install/lib/libsnodec-net-l2-stream-tls.so.2.0.0
-- Up-to-date: /tmp/snodec-book-current-install/lib/libsnodec-net-l2-stream-tls.so.2
-- Up-to-date: /tmp/snodec-book-current-install/lib/libsnodec-net-l2-stream-tls.so
-- Up-to-date: /tmp/snodec-book-current-install/include/snode.c/net/l2/stream/tls
-- Up-to-date: /tmp/snodec-book-current-install/include/snode.c/net/l2/stream/tls/SocketClient.h
-- Up-to-date: /tmp/snodec-book-current-install/include/snode.c/net/l2/stream/tls/config
-- Up-to-date: /tmp/snodec-book-current-install/include/snode.c/net/l2/stream/tls/config/ConfigSocketClient.h
-- Up-to-date: /tmp/snodec-book-current-install/include/snode.c/net/l2/stream/tls/config/ConfigSocketServer.h
-- Up-to-date: /tmp/snodec-book-current-install/include/snode.c/net/l2/stream/tls/SocketServer.h
-- Up-to-date: /tmp/snodec-book-current-install/lib/cmake/snodec/snodec_net-l2-stream-tls_Targets.cmake
-- Up-to-date: /tmp/snodec-book-current-install/lib/cmake/snodec/snodec_net-l2-stream-tls_Targets-debug.cmake
-- Up-to-date: /tmp/snodec-book-current-install/lib/libsnodec-net-rc.so.2.0.0
-- Up-to-date: /tmp/snodec-book-current-install/lib/libsnodec-net-rc.so.2
-- Up-to-date: /tmp/snodec-book-current-install/lib/libsnodec-net-rc.so
-- Up-to-date: /tmp/snodec-book-current-install/include/snode.c/net/rc
-- Up-to-date: /tmp/snodec-book-current-install/include/snode.c/net/rc/config
-- Up-to-date: /tmp/snodec-book-current-install/include/snode.c/net/rc/config/ConfigAddress.h
-- Up-to-date: /tmp/snodec-book-current-install/include/snode.c/net/rc/SocketAddress.h
-- Up-to-date: /tmp/snodec-book-current-install/lib/cmake/snodec/snodec_net-rc_Targets.cmake
-- Up-to-date: /tmp/snodec-book-current-install/lib/cmake/snodec/snodec_net-rc_Targets-debug.cmake
-- Up-to-date: /tmp/snodec-book-current-install/lib/libsnodec-net-rc-phy.so.2.0.0
-- Up-to-date: /tmp/snodec-book-current-install/lib/libsnodec-net-rc-phy.so.2
-- Up-to-date: /tmp/snodec-book-current-install/lib/libsnodec-net-rc-phy.so
-- Up-to-date: /tmp/snodec-book-current-install/include/snode.c/net/rc/phy
-- Up-to-date: /tmp/snodec-book-current-install/include/snode.c/net/rc/phy/PhysicalSocket.hpp
-- Up-to-date: /tmp/snodec-book-current-install/include/snode.c/net/rc/phy/PhysicalSocket.h
-- Up-to-date: /tmp/snodec-book-current-install/lib/cmake/snodec/snodec_net-rc-phy_Targets.cmake
-- Up-to-date: /tmp/snodec-book-current-install/lib/cmake/snodec/snodec_net-rc-phy_Targets-debug.cmake
-- Up-to-date: /tmp/snodec-book-current-install/lib/libsnodec-net-rc-phy-stream.so.2.0.0
-- Up-to-date: /tmp/snodec-book-current-install/lib/libsnodec-net-rc-phy-stream.so.2
-- Up-to-date: /tmp/snodec-book-current-install/lib/libsnodec-net-rc-phy-stream.so
-- Up-to-date: /tmp/snodec-book-current-install/include/snode.c/net/rc/phy/stream
-- Up-to-date: /tmp/snodec-book-current-install/include/snode.c/net/rc/phy/stream/PhysicalSocket.hpp
-- Up-to-date: /tmp/snodec-book-current-install/include/snode.c/net/rc/phy/stream/PhysicalSocketClient.h
-- Up-to-date: /tmp/snodec-book-current-install/include/snode.c/net/rc/phy/stream/PhysicalSocketServer.h
-- Up-to-date: /tmp/snodec-book-current-install/include/snode.c/net/rc/phy/stream/PhysicalSocket.h
-- Up-to-date: /tmp/snodec-book-current-install/lib/cmake/snodec/snodec_net-rc-phy-stream_Targets.cmake
-- Up-to-date: /tmp/snodec-book-current-install/lib/cmake/snodec/snodec_net-rc-phy-stream_Targets-debug.cmake
-- Up-to-date: /tmp/snodec-book-current-install/lib/libsnodec-net-rc-stream.so.2.0.0
-- Up-to-date: /tmp/snodec-book-current-install/lib/libsnodec-net-rc-stream.so.2
-- Up-to-date: /tmp/snodec-book-current-install/lib/libsnodec-net-rc-stream.so
-- Up-to-date: /tmp/snodec-book-current-install/include/snode.c/net/rc/stream
-- Up-to-date: /tmp/snodec-book-current-install/include/snode.c/net/rc/stream/SocketClient.h
-- Up-to-date: /tmp/snodec-book-current-install/include/snode.c/net/rc/stream/config
-- Up-to-date: /tmp/snodec-book-current-install/include/snode.c/net/rc/stream/config/ConfigSocketClient.h
-- Up-to-date: /tmp/snodec-book-current-install/include/snode.c/net/rc/stream/config/ConfigSocketServer.h
-- Up-to-date: /tmp/snodec-book-current-install/include/snode.c/net/rc/stream/SocketServer.h
-- Up-to-date: /tmp/snodec-book-current-install/lib/cmake/snodec/snodec_net-rc-stream_Targets.cmake
-- Up-to-date: /tmp/snodec-book-current-install/lib/cmake/snodec/snodec_net-rc-stream_Targets-debug.cmake
-- Up-to-date: /tmp/snodec-book-current-install/lib/libsnodec-net-rc-stream-legacy.so.2.0.0
-- Up-to-date: /tmp/snodec-book-current-install/lib/libsnodec-net-rc-stream-legacy.so.2
-- Up-to-date: /tmp/snodec-book-current-install/lib/libsnodec-net-rc-stream-legacy.so
-- Up-to-date: /tmp/snodec-book-current-install/include/snode.c/net/rc/stream/legacy
-- Up-to-date: /tmp/snodec-book-current-install/include/snode.c/net/rc/stream/legacy/SocketClient.h
-- Up-to-date: /tmp/snodec-book-current-install/include/snode.c/net/rc/stream/legacy/config
-- Up-to-date: /tmp/snodec-book-current-install/include/snode.c/net/rc/stream/legacy/config/ConfigSocketClient.h
-- Up-to-date: /tmp/snodec-book-current-install/include/snode.c/net/rc/stream/legacy/config/ConfigSocketServer.h
-- Up-to-date: /tmp/snodec-book-current-install/include/snode.c/net/rc/stream/legacy/SocketServer.h
-- Up-to-date: /tmp/snodec-book-current-install/lib/cmake/snodec/snodec_net-rc-stream-legacy_Targets.cmake
-- Up-to-date: /tmp/snodec-book-current-install/lib/cmake/snodec/snodec_net-rc-stream-legacy_Targets-debug.cmake
-- Up-to-date: /tmp/snodec-book-current-install/lib/libsnodec-net-rc-stream-tls.so.2.0.0
-- Up-to-date: /tmp/snodec-book-current-install/lib/libsnodec-net-rc-stream-tls.so.2
-- Up-to-date: /tmp/snodec-book-current-install/lib/libsnodec-net-rc-stream-tls.so
-- Up-to-date: /tmp/snodec-book-current-install/include/snode.c/net/rc/stream/tls
-- Up-to-date: /tmp/snodec-book-current-install/include/snode.c/net/rc/stream/tls/SocketClient.h
-- Up-to-date: /tmp/snodec-book-current-install/include/snode.c/net/rc/stream/tls/config
-- Up-to-date: /tmp/snodec-book-current-install/include/snode.c/net/rc/stream/tls/config/ConfigSocketClient.h
-- Up-to-date: /tmp/snodec-book-current-install/include/snode.c/net/rc/stream/tls/config/ConfigSocketServer.h
-- Up-to-date: /tmp/snodec-book-current-install/include/snode.c/net/rc/stream/tls/SocketServer.h
-- Up-to-date: /tmp/snodec-book-current-install/lib/cmake/snodec/snodec_net-rc-stream-tls_Targets.cmake
-- Up-to-date: /tmp/snodec-book-current-install/lib/cmake/snodec/snodec_net-rc-stream-tls_Targets-debug.cmake
-- Up-to-date: /tmp/snodec-book-current-install/lib/libsnodec-net-un.so.2.0.0
-- Up-to-date: /tmp/snodec-book-current-install/lib/libsnodec-net-un.so.2
-- Up-to-date: /tmp/snodec-book-current-install/lib/libsnodec-net-un.so
-- Up-to-date: /tmp/snodec-book-current-install/include/snode.c/net/un
-- Up-to-date: /tmp/snodec-book-current-install/include/snode.c/net/un/config
-- Up-to-date: /tmp/snodec-book-current-install/include/snode.c/net/un/config/ConfigAddress.h
-- Up-to-date: /tmp/snodec-book-current-install/include/snode.c/net/un/PeerCredentials.h
-- Up-to-date: /tmp/snodec-book-current-install/include/snode.c/net/un/SocketAddress.h
-- Up-to-date: /tmp/snodec-book-current-install/lib/cmake/snodec/snodec_net-un_Targets.cmake
-- Up-to-date: /tmp/snodec-book-current-install/lib/cmake/snodec/snodec_net-un_Targets-debug.cmake
-- Up-to-date: /tmp/snodec-book-current-install/lib/libsnodec-net-un-phy.so.2.0.0
-- Up-to-date: /tmp/snodec-book-current-install/lib/libsnodec-net-un-phy.so.2
-- Up-to-date: /tmp/snodec-book-current-install/lib/libsnodec-net-un-phy.so
-- Up-to-date: /tmp/snodec-book-current-install/include/snode.c/net/un/phy
-- Up-to-date: /tmp/snodec-book-current-install/include/snode.c/net/un/phy/PhysicalSocket.hpp
-- Up-to-date: /tmp/snodec-book-current-install/include/snode.c/net/un/phy/PhysicalSocket.h
-- Up-to-date: /tmp/snodec-book-current-install/lib/cmake/snodec/snodec_net-un-phy_Targets.cmake
-- Up-to-date: /tmp/snodec-book-current-install/lib/cmake/snodec/snodec_net-un-phy_Targets-debug.cmake
-- Up-to-date: /tmp/snodec-book-current-install/lib/libsnodec-net-un-phy-stream.so.2.0.0
-- Up-to-date: /tmp/snodec-book-current-install/lib/libsnodec-net-un-phy-stream.so.2
-- Up-to-date: /tmp/snodec-book-current-install/lib/libsnodec-net-un-phy-stream.so
-- Up-to-date: /tmp/snodec-book-current-install/include/snode.c/net/un/phy/stream
-- Up-to-date: /tmp/snodec-book-current-install/include/snode.c/net/un/phy/stream/PhysicalSocket.hpp
-- Up-to-date: /tmp/snodec-book-current-install/include/snode.c/net/un/phy/stream/PhysicalSocketClient.h
-- Up-to-date: /tmp/snodec-book-current-install/include/snode.c/net/un/phy/stream/PhysicalSocketServer.h
-- Up-to-date: /tmp/snodec-book-current-install/include/snode.c/net/un/phy/stream/PhysicalSocket.h
-- Up-to-date: /tmp/snodec-book-current-install/lib/cmake/snodec/snodec_net-un-phy-stream_Targets.cmake
-- Up-to-date: /tmp/snodec-book-current-install/lib/cmake/snodec/snodec_net-un-phy-stream_Targets-debug.cmake
-- Up-to-date: /tmp/snodec-book-current-install/lib/libsnodec-net-un-stream.so.2.0.0
-- Up-to-date: /tmp/snodec-book-current-install/lib/libsnodec-net-un-stream.so.2
-- Up-to-date: /tmp/snodec-book-current-install/lib/libsnodec-net-un-stream.so
-- Up-to-date: /tmp/snodec-book-current-install/include/snode.c/net/un/stream
-- Up-to-date: /tmp/snodec-book-current-install/include/snode.c/net/un/stream/SocketClient.h
-- Up-to-date: /tmp/snodec-book-current-install/include/snode.c/net/un/stream/config
-- Up-to-date: /tmp/snodec-book-current-install/include/snode.c/net/un/stream/config/ConfigSocketClient.h
-- Up-to-date: /tmp/snodec-book-current-install/include/snode.c/net/un/stream/config/ConfigSocketServer.h
-- Up-to-date: /tmp/snodec-book-current-install/include/snode.c/net/un/stream/SocketServer.h
-- Up-to-date: /tmp/snodec-book-current-install/lib/cmake/snodec/snodec_net-un-stream_Targets.cmake
-- Up-to-date: /tmp/snodec-book-current-install/lib/cmake/snodec/snodec_net-un-stream_Targets-debug.cmake
-- Up-to-date: /tmp/snodec-book-current-install/lib/libsnodec-net-un-stream-legacy.so.2.0.0
-- Up-to-date: /tmp/snodec-book-current-install/lib/libsnodec-net-un-stream-legacy.so.2
-- Up-to-date: /tmp/snodec-book-current-install/lib/libsnodec-net-un-stream-legacy.so
-- Up-to-date: /tmp/snodec-book-current-install/include/snode.c/net/un/stream/legacy
-- Up-to-date: /tmp/snodec-book-current-install/include/snode.c/net/un/stream/legacy/SocketClient.h
-- Up-to-date: /tmp/snodec-book-current-install/include/snode.c/net/un/stream/legacy/config
-- Up-to-date: /tmp/snodec-book-current-install/include/snode.c/net/un/stream/legacy/config/ConfigSocketClient.h
-- Up-to-date: /tmp/snodec-book-current-install/include/snode.c/net/un/stream/legacy/config/ConfigSocketServer.h
-- Up-to-date: /tmp/snodec-book-current-install/include/snode.c/net/un/stream/legacy/SocketServer.h
-- Up-to-date: /tmp/snodec-book-current-install/lib/cmake/snodec/snodec_net-un-stream-legacy_Targets.cmake
-- Up-to-date: /tmp/snodec-book-current-install/lib/cmake/snodec/snodec_net-un-stream-legacy_Targets-debug.cmake
-- Up-to-date: /tmp/snodec-book-current-install/lib/libsnodec-net-un-stream-tls.so.2.0.0
-- Up-to-date: /tmp/snodec-book-current-install/lib/libsnodec-net-un-stream-tls.so.2
-- Up-to-date: /tmp/snodec-book-current-install/lib/libsnodec-net-un-stream-tls.so
-- Up-to-date: /tmp/snodec-book-current-install/include/snode.c/net/un/stream/tls
-- Up-to-date: /tmp/snodec-book-current-install/include/snode.c/net/un/stream/tls/SocketClient.h
-- Up-to-date: /tmp/snodec-book-current-install/include/snode.c/net/un/stream/tls/config
-- Up-to-date: /tmp/snodec-book-current-install/include/snode.c/net/un/stream/tls/config/ConfigSocketClient.h
-- Up-to-date: /tmp/snodec-book-current-install/include/snode.c/net/un/stream/tls/config/ConfigSocketServer.h
-- Up-to-date: /tmp/snodec-book-current-install/include/snode.c/net/un/stream/tls/SocketServer.h
-- Up-to-date: /tmp/snodec-book-current-install/lib/cmake/snodec/snodec_net-un-stream-tls_Targets.cmake
-- Up-to-date: /tmp/snodec-book-current-install/lib/cmake/snodec/snodec_net-un-stream-tls_Targets-debug.cmake
-- Up-to-date: /tmp/snodec-book-current-install/lib/libsnodec-net-un-dgram.so.2.0.0
-- Up-to-date: /tmp/snodec-book-current-install/lib/libsnodec-net-un-dgram.so.2
-- Up-to-date: /tmp/snodec-book-current-install/lib/libsnodec-net-un-dgram.so
-- Up-to-date: /tmp/snodec-book-current-install/include/snode.c/net/un/dgram
-- Up-to-date: /tmp/snodec-book-current-install/include/snode.c/net/un/dgram/Socket.h
-- Up-to-date: /tmp/snodec-book-current-install/lib/cmake/snodec/snodec_net-un-dgram_Targets.cmake
-- Up-to-date: /tmp/snodec-book-current-install/lib/cmake/snodec/snodec_net-un-dgram_Targets-debug.cmake
-- Up-to-date: /tmp/snodec-book-current-install/lib/snode.c/web/http/libsnodec-http.so.2.0.0
-- Up-to-date: /tmp/snodec-book-current-install/lib/snode.c/web/http/libsnodec-http.so.2
-- Up-to-date: /tmp/snodec-book-current-install/lib/snode.c/web/http/libsnodec-http.so
-- Up-to-date: /tmp/snodec-book-current-install/include/snode.c/web/http
-- Up-to-date: /tmp/snodec-book-current-install/include/snode.c/web/http/ContentType.h
-- Up-to-date: /tmp/snodec-book-current-install/include/snode.c/web/http/TransferEncoding.h
-- Up-to-date: /tmp/snodec-book-current-install/include/snode.c/web/http/ConnectionState.h
-- Up-to-date: /tmp/snodec-book-current-install/include/snode.c/web/http/ConfigHttpParser.h
-- Up-to-date: /tmp/snodec-book-current-install/include/snode.c/web/http/ConfigWebSocket.h
-- Up-to-date: /tmp/snodec-book-current-install/include/snode.c/web/http/StatusCodes.h
-- Up-to-date: /tmp/snodec-book-current-install/include/snode.c/web/http/SocketContextUpgradeFactorySelector.h
-- Up-to-date: /tmp/snodec-book-current-install/include/snode.c/web/http/CiStringMap.h
-- Up-to-date: /tmp/snodec-book-current-install/include/snode.c/web/http/decoder
-- Up-to-date: /tmp/snodec-book-current-install/include/snode.c/web/http/decoder/Fields.h
-- Up-to-date: /tmp/snodec-book-current-install/include/snode.c/web/http/decoder/Identity.h
-- Up-to-date: /tmp/snodec-book-current-install/include/snode.c/web/http/decoder/HTTP10Response.h
-- Up-to-date: /tmp/snodec-book-current-install/include/snode.c/web/http/decoder/Chunked.h
-- Up-to-date: /tmp/snodec-book-current-install/include/snode.c/web/http/CookieOptions.h
-- Up-to-date: /tmp/snodec-book-current-install/include/snode.c/web/http/SocketContextUpgradeFactorySelector.hpp
-- Up-to-date: /tmp/snodec-book-current-install/include/snode.c/web/http/Parser.h
-- Up-to-date: /tmp/snodec-book-current-install/include/snode.c/web/http/http_utils.h
-- Up-to-date: /tmp/snodec-book-current-install/include/snode.c/web/http/SocketContextUpgradeFactory.h
-- Up-to-date: /tmp/snodec-book-current-install/include/snode.c/web/http/ParserLimits.h
-- Up-to-date: /tmp/snodec-book-current-install/include/snode.c/web/http/SocketContextUpgradeFactory.hpp
-- Up-to-date: /tmp/snodec-book-current-install/include/snode.c/web/http/MimeTypes.h
-- Up-to-date: /tmp/snodec-book-current-install/include/snode.c/web/http/SocketContextUpgrade.h
-- Up-to-date: /tmp/snodec-book-current-install/include/snode.c/web/http/ContentDecoder.h
-- Up-to-date: /tmp/snodec-book-current-install/lib/cmake/snodec/snodec_http_Targets.cmake
-- Up-to-date: /tmp/snodec-book-current-install/lib/cmake/snodec/snodec_http_Targets-debug.cmake
-- Up-to-date: /tmp/snodec-book-current-install/include/snode.c/web/http/server
-- Up-to-date: /tmp/snodec-book-current-install/include/snode.c/web/http/server/SocketContext.h
-- Up-to-date: /tmp/snodec-book-current-install/include/snode.c/web/http/server/Response.h
-- Up-to-date: /tmp/snodec-book-current-install/include/snode.c/web/http/server/SocketContextFactory.h
-- Up-to-date: /tmp/snodec-book-current-install/include/snode.c/web/http/server/ConfigHttpServer.h
-- Up-to-date: /tmp/snodec-book-current-install/include/snode.c/web/http/server/Request.h
-- Up-to-date: /tmp/snodec-book-current-install/include/snode.c/web/http/server/SemanticLog.h
-- Up-to-date: /tmp/snodec-book-current-install/include/snode.c/web/http/server/SocketContextUpgradeFactorySelector.h
-- Up-to-date: /tmp/snodec-book-current-install/include/snode.c/web/http/server/Server.h
-- Up-to-date: /tmp/snodec-book-current-install/include/snode.c/web/http/server/RequestParser.h
-- Up-to-date: /tmp/snodec-book-current-install/include/snode.c/web/http/server/SocketContextUpgradeFactory.h
-- Up-to-date: /tmp/snodec-book-current-install/include/snode.c/web/http/legacy
-- Up-to-date: /tmp/snodec-book-current-install/include/snode.c/web/http/legacy/un
-- Up-to-date: /tmp/snodec-book-current-install/include/snode.c/web/http/legacy/un/Server.h
-- Up-to-date: /tmp/snodec-book-current-install/include/snode.c/web/http/legacy/in6
-- Up-to-date: /tmp/snodec-book-current-install/include/snode.c/web/http/legacy/in6/Server.h
-- Up-to-date: /tmp/snodec-book-current-install/include/snode.c/web/http/legacy/in
-- Up-to-date: /tmp/snodec-book-current-install/include/snode.c/web/http/legacy/in/Server.h
-- Up-to-date: /tmp/snodec-book-current-install/include/snode.c/web/http/legacy/rc
-- Up-to-date: /tmp/snodec-book-current-install/include/snode.c/web/http/legacy/rc/Server.h
-- Up-to-date: /tmp/snodec-book-current-install/include/snode.c/web/http/tls
-- Up-to-date: /tmp/snodec-book-current-install/include/snode.c/web/http/tls/un
-- Up-to-date: /tmp/snodec-book-current-install/include/snode.c/web/http/tls/un/Server.h
-- Up-to-date: /tmp/snodec-book-current-install/include/snode.c/web/http/tls/in6
-- Up-to-date: /tmp/snodec-book-current-install/include/snode.c/web/http/tls/in6/Server.h
-- Up-to-date: /tmp/snodec-book-current-install/include/snode.c/web/http/tls/in
-- Up-to-date: /tmp/snodec-book-current-install/include/snode.c/web/http/tls/in/Server.h
-- Up-to-date: /tmp/snodec-book-current-install/include/snode.c/web/http/tls/rc
-- Up-to-date: /tmp/snodec-book-current-install/include/snode.c/web/http/tls/rc/Server.h
-- Up-to-date: /tmp/snodec-book-current-install/lib/snode.c/web/http/libsnodec-http-server.so.2.0.0
-- Up-to-date: /tmp/snodec-book-current-install/lib/snode.c/web/http/libsnodec-http-server.so.2
-- Up-to-date: /tmp/snodec-book-current-install/lib/snode.c/web/http/libsnodec-http-server.so
-- Up-to-date: /tmp/snodec-book-current-install/lib/cmake/snodec/snodec_http-server_Targets.cmake
-- Up-to-date: /tmp/snodec-book-current-install/lib/cmake/snodec/snodec_http-server_Targets-debug.cmake
-- Up-to-date: /tmp/snodec-book-current-install/include/snode.c/web/http/client
-- Up-to-date: /tmp/snodec-book-current-install/include/snode.c/web/http/client/commands
-- Up-to-date: /tmp/snodec-book-current-install/include/snode.c/web/http/client/commands/SendHeaderCommand.h
-- Up-to-date: /tmp/snodec-book-current-install/include/snode.c/web/http/client/commands/SendFileCommand.h
-- Up-to-date: /tmp/snodec-book-current-install/include/snode.c/web/http/client/commands/SseCommand.h
-- Up-to-date: /tmp/snodec-book-current-install/include/snode.c/web/http/client/commands/EndCommand.h
-- Up-to-date: /tmp/snodec-book-current-install/include/snode.c/web/http/client/commands/UpgradeCommand.h
-- Up-to-date: /tmp/snodec-book-current-install/include/snode.c/web/http/client/commands/SendFragmentCommand.h
-- Up-to-date: /tmp/snodec-book-current-install/include/snode.c/web/http/client/SocketContext.h
-- Up-to-date: /tmp/snodec-book-current-install/include/snode.c/web/http/client/Response.h
-- Up-to-date: /tmp/snodec-book-current-install/include/snode.c/web/http/client/SocketContextFactory.h
-- Up-to-date: /tmp/snodec-book-current-install/include/snode.c/web/http/client/Client.h
-- Up-to-date: /tmp/snodec-book-current-install/include/snode.c/web/http/client/RequestCommand.h
-- Up-to-date: /tmp/snodec-book-current-install/include/snode.c/web/http/client/ResponseParser.h
-- Up-to-date: /tmp/snodec-book-current-install/include/snode.c/web/http/client/Request.h
-- Up-to-date: /tmp/snodec-book-current-install/include/snode.c/web/http/client/SemanticLog.h
-- Up-to-date: /tmp/snodec-book-current-install/include/snode.c/web/http/client/SocketContextUpgradeFactorySelector.h
-- Up-to-date: /tmp/snodec-book-current-install/include/snode.c/web/http/client/tools
-- Up-to-date: /tmp/snodec-book-current-install/include/snode.c/web/http/client/tools/EventSource.h
-- Up-to-date: /tmp/snodec-book-current-install/include/snode.c/web/http/client/ConfigHTTP.h
-- Up-to-date: /tmp/snodec-book-current-install/include/snode.c/web/http/client/SocketContextUpgradeFactory.h
-- Up-to-date: /tmp/snodec-book-current-install/include/snode.c/web/http/legacy
-- Up-to-date: /tmp/snodec-book-current-install/include/snode.c/web/http/legacy/un
-- Up-to-date: /tmp/snodec-book-current-install/include/snode.c/web/http/legacy/un/EventSource.h
-- Up-to-date: /tmp/snodec-book-current-install/include/snode.c/web/http/legacy/un/Client.h
-- Up-to-date: /tmp/snodec-book-current-install/include/snode.c/web/http/legacy/in6
-- Up-to-date: /tmp/snodec-book-current-install/include/snode.c/web/http/legacy/in6/EventSource.h
-- Up-to-date: /tmp/snodec-book-current-install/include/snode.c/web/http/legacy/in6/Client.h
-- Up-to-date: /tmp/snodec-book-current-install/include/snode.c/web/http/legacy/in
-- Up-to-date: /tmp/snodec-book-current-install/include/snode.c/web/http/legacy/in/EventSource.h
-- Up-to-date: /tmp/snodec-book-current-install/include/snode.c/web/http/legacy/in/Client.h
-- Up-to-date: /tmp/snodec-book-current-install/include/snode.c/web/http/legacy/rc
-- Up-to-date: /tmp/snodec-book-current-install/include/snode.c/web/http/legacy/rc/EventSource.h
-- Up-to-date: /tmp/snodec-book-current-install/include/snode.c/web/http/legacy/rc/Client.h
-- Up-to-date: /tmp/snodec-book-current-install/include/snode.c/web/http/tls
-- Up-to-date: /tmp/snodec-book-current-install/include/snode.c/web/http/tls/un
-- Up-to-date: /tmp/snodec-book-current-install/include/snode.c/web/http/tls/un/EventSource.h
-- Up-to-date: /tmp/snodec-book-current-install/include/snode.c/web/http/tls/un/Client.h
-- Up-to-date: /tmp/snodec-book-current-install/include/snode.c/web/http/tls/in6
-- Up-to-date: /tmp/snodec-book-current-install/include/snode.c/web/http/tls/in6/EventSource.h
-- Up-to-date: /tmp/snodec-book-current-install/include/snode.c/web/http/tls/in6/Client.h
-- Up-to-date: /tmp/snodec-book-current-install/include/snode.c/web/http/tls/in
-- Up-to-date: /tmp/snodec-book-current-install/include/snode.c/web/http/tls/in/EventSource.h
-- Up-to-date: /tmp/snodec-book-current-install/include/snode.c/web/http/tls/in/Client.h
-- Up-to-date: /tmp/snodec-book-current-install/include/snode.c/web/http/tls/rc
-- Up-to-date: /tmp/snodec-book-current-install/include/snode.c/web/http/tls/rc/EventSource.h
-- Up-to-date: /tmp/snodec-book-current-install/include/snode.c/web/http/tls/rc/Client.h
-- Up-to-date: /tmp/snodec-book-current-install/lib/snode.c/web/http/libsnodec-http-client.so.2.0.0
-- Up-to-date: /tmp/snodec-book-current-install/lib/snode.c/web/http/libsnodec-http-client.so.2
-- Up-to-date: /tmp/snodec-book-current-install/lib/snode.c/web/http/libsnodec-http-client.so
-- Up-to-date: /tmp/snodec-book-current-install/lib/cmake/snodec/snodec_http-client_Targets.cmake
-- Up-to-date: /tmp/snodec-book-current-install/lib/cmake/snodec/snodec_http-client_Targets-debug.cmake
-- Up-to-date: /tmp/snodec-book-current-install/lib/cmake/snodec/snodec_http_Targets_Config.cmake
-- Up-to-date: /tmp/snodec-book-current-install/lib/snode.c/web/http/upgrade/libsnodec-websocket.so.2.0.0
-- Up-to-date: /tmp/snodec-book-current-install/lib/snode.c/web/http/upgrade/libsnodec-websocket.so.2
-- Up-to-date: /tmp/snodec-book-current-install/lib/snode.c/web/http/upgrade/libsnodec-websocket.so
-- Up-to-date: /tmp/snodec-book-current-install/include/snode.c/web/websocket
-- Up-to-date: /tmp/snodec-book-current-install/include/snode.c/web/websocket/Receiver.h
-- Up-to-date: /tmp/snodec-book-current-install/include/snode.c/web/websocket/SubProtocol.h
-- Up-to-date: /tmp/snodec-book-current-install/include/snode.c/web/websocket/SubProtocolContext.h
-- Up-to-date: /tmp/snodec-book-current-install/include/snode.c/web/websocket/Transmitter.h
-- Up-to-date: /tmp/snodec-book-current-install/include/snode.c/web/websocket/SemanticLog.h
-- Up-to-date: /tmp/snodec-book-current-install/include/snode.c/web/websocket/SubProtocolFactorySelector.h
-- Up-to-date: /tmp/snodec-book-current-install/include/snode.c/web/websocket/SubProtocol.hpp
-- Up-to-date: /tmp/snodec-book-current-install/include/snode.c/web/websocket/SocketContextUpgrade.hpp
-- Up-to-date: /tmp/snodec-book-current-install/include/snode.c/web/websocket/SocketContextUpgrade.h
-- Up-to-date: /tmp/snodec-book-current-install/include/snode.c/web/websocket/SubProtocolFactory.h
-- Up-to-date: /tmp/snodec-book-current-install/include/snode.c/web/websocket/SubProtocolFactorySelector.hpp
-- Up-to-date: /tmp/snodec-book-current-install/lib/cmake/snodec/snodec_websocket_Targets.cmake
-- Up-to-date: /tmp/snodec-book-current-install/lib/cmake/snodec/snodec_websocket_Targets-debug.cmake
-- Up-to-date: /tmp/snodec-book-current-install/lib/snode.c/web/http/upgrade/libsnodec-websocket-server.so.2.0.0
-- Up-to-date: /tmp/snodec-book-current-install/lib/snode.c/web/http/upgrade/libsnodec-websocket-server.so.2
-- Up-to-date: /tmp/snodec-book-current-install/lib/snode.c/web/http/upgrade/libsnodec-websocket-server.so
-- Up-to-date: /tmp/snodec-book-current-install/include/snode.c/web/websocket/server
-- Up-to-date: /tmp/snodec-book-current-install/include/snode.c/web/websocket/server/GroupsManager.h
-- Up-to-date: /tmp/snodec-book-current-install/include/snode.c/web/websocket/server/SubProtocol.h
-- Up-to-date: /tmp/snodec-book-current-install/include/snode.c/web/websocket/server/SubProtocolFactorySelector.h
-- Up-to-date: /tmp/snodec-book-current-install/include/snode.c/web/websocket/server/SocketContextUpgradeFactory.h
-- Up-to-date: /tmp/snodec-book-current-install/include/snode.c/web/websocket/server/SocketContextUpgrade.h
-- Up-to-date: /tmp/snodec-book-current-install/lib/cmake/snodec/snodec_websocket-server_Targets.cmake
-- Up-to-date: /tmp/snodec-book-current-install/lib/cmake/snodec/snodec_websocket-server_Targets-debug.cmake
-- Up-to-date: /tmp/snodec-book-current-install/lib/snode.c/web/http/upgrade/libsnodec-websocket-client.so.2.0.0
-- Up-to-date: /tmp/snodec-book-current-install/lib/snode.c/web/http/upgrade/libsnodec-websocket-client.so.2
-- Up-to-date: /tmp/snodec-book-current-install/lib/snode.c/web/http/upgrade/libsnodec-websocket-client.so
-- Up-to-date: /tmp/snodec-book-current-install/include/snode.c/web/websocket/client
-- Up-to-date: /tmp/snodec-book-current-install/include/snode.c/web/websocket/client/SubProtocol.h
-- Up-to-date: /tmp/snodec-book-current-install/include/snode.c/web/websocket/client/SubProtocolFactorySelector.h
-- Up-to-date: /tmp/snodec-book-current-install/include/snode.c/web/websocket/client/SocketContextUpgradeFactory.h
-- Up-to-date: /tmp/snodec-book-current-install/include/snode.c/web/websocket/client/SocketContextUpgrade.h
-- Up-to-date: /tmp/snodec-book-current-install/lib/cmake/snodec/snodec_websocket-client_Targets.cmake
-- Up-to-date: /tmp/snodec-book-current-install/lib/cmake/snodec/snodec_websocket-client_Targets-debug.cmake
-- Up-to-date: /tmp/snodec-book-current-install/lib/cmake/snodec/snodec_websocket_Targets_Config.cmake
-- Up-to-date: /tmp/snodec-book-current-install/lib/snode.c/web/http/libsnodec-http-server-express.so.2.0.0
-- Up-to-date: /tmp/snodec-book-current-install/lib/snode.c/web/http/libsnodec-http-server-express.so.2
-- Up-to-date: /tmp/snodec-book-current-install/lib/snode.c/web/http/libsnodec-http-server-express.so
-- Up-to-date: /tmp/snodec-book-current-install/include/snode.c/express
-- Up-to-date: /tmp/snodec-book-current-install/include/snode.c/express/Response.h
-- Up-to-date: /tmp/snodec-book-current-install/include/snode.c/express/Router.hpp
-- Up-to-date: /tmp/snodec-book-current-install/include/snode.c/express/Next.h
-- Up-to-date: /tmp/snodec-book-current-install/include/snode.c/express/Route.h
-- Up-to-date: /tmp/snodec-book-current-install/include/snode.c/express/Controller.h
-- Up-to-date: /tmp/snodec-book-current-install/include/snode.c/express/express-compat-suite
-- Up-to-date: /tmp/snodec-book-current-install/include/snode.c/express/express-compat-suite/node
-- Up-to-date: /tmp/snodec-book-current-install/include/snode.c/express/express-compat-suite/snodec
-- Up-to-date: /tmp/snodec-book-current-install/include/snode.c/express/express-compat-suite/tests
-- Up-to-date: /tmp/snodec-book-current-install/include/snode.c/express/dispatcher
-- Up-to-date: /tmp/snodec-book-current-install/include/snode.c/express/dispatcher/regex_utils.h
-- Up-to-date: /tmp/snodec-book-current-install/include/snode.c/express/dispatcher/RouterDispatcher.h
-- Up-to-date: /tmp/snodec-book-current-install/include/snode.c/express/dispatcher/MiddlewareDispatcher.h
-- Up-to-date: /tmp/snodec-book-current-install/include/snode.c/express/dispatcher/ApplicationDispatcher.h
-- Up-to-date: /tmp/snodec-book-current-install/include/snode.c/express/tls
-- Up-to-date: /tmp/snodec-book-current-install/include/snode.c/express/tls/un
-- Up-to-date: /tmp/snodec-book-current-install/include/snode.c/express/tls/un/Server.h
-- Up-to-date: /tmp/snodec-book-current-install/include/snode.c/express/tls/un/WebApp.h
-- Up-to-date: /tmp/snodec-book-current-install/include/snode.c/express/tls/in6
-- Up-to-date: /tmp/snodec-book-current-install/include/snode.c/express/tls/in6/Server.h
-- Up-to-date: /tmp/snodec-book-current-install/include/snode.c/express/tls/in6/WebApp.h
-- Up-to-date: /tmp/snodec-book-current-install/include/snode.c/express/tls/in
-- Up-to-date: /tmp/snodec-book-current-install/include/snode.c/express/tls/in/Server.h
-- Up-to-date: /tmp/snodec-book-current-install/include/snode.c/express/tls/in/WebApp.h
-- Up-to-date: /tmp/snodec-book-current-install/include/snode.c/express/tls/rc
-- Up-to-date: /tmp/snodec-book-current-install/include/snode.c/express/tls/rc/Server.h
-- Up-to-date: /tmp/snodec-book-current-install/include/snode.c/express/tls/rc/WebApp.h
-- Up-to-date: /tmp/snodec-book-current-install/include/snode.c/express/Request.h
-- Up-to-date: /tmp/snodec-book-current-install/include/snode.c/express/MountPoint.h
-- Up-to-date: /tmp/snodec-book-current-install/include/snode.c/express/Route.hpp
-- Up-to-date: /tmp/snodec-book-current-install/include/snode.c/express/legacy
-- Up-to-date: /tmp/snodec-book-current-install/include/snode.c/express/legacy/un
-- Up-to-date: /tmp/snodec-book-current-install/include/snode.c/express/legacy/un/Server.h
-- Up-to-date: /tmp/snodec-book-current-install/include/snode.c/express/legacy/un/WebApp.h
-- Up-to-date: /tmp/snodec-book-current-install/include/snode.c/express/legacy/in6
-- Up-to-date: /tmp/snodec-book-current-install/include/snode.c/express/legacy/in6/Server.h
-- Up-to-date: /tmp/snodec-book-current-install/include/snode.c/express/legacy/in6/WebApp.h
-- Up-to-date: /tmp/snodec-book-current-install/include/snode.c/express/legacy/in
-- Up-to-date: /tmp/snodec-book-current-install/include/snode.c/express/legacy/in/Server.h
-- Up-to-date: /tmp/snodec-book-current-install/include/snode.c/express/legacy/in/WebApp.h
-- Up-to-date: /tmp/snodec-book-current-install/include/snode.c/express/legacy/rc
-- Up-to-date: /tmp/snodec-book-current-install/include/snode.c/express/legacy/rc/Server.h
-- Up-to-date: /tmp/snodec-book-current-install/include/snode.c/express/legacy/rc/WebApp.h
-- Up-to-date: /tmp/snodec-book-current-install/include/snode.c/express/WebApp.h
-- Up-to-date: /tmp/snodec-book-current-install/include/snode.c/express/Router.h
-- Up-to-date: /tmp/snodec-book-current-install/include/snode.c/express/WebAppT.h
-- Up-to-date: /tmp/snodec-book-current-install/include/snode.c/express/middleware
-- Up-to-date: /tmp/snodec-book-current-install/include/snode.c/express/middleware/JsonMiddleware.h
-- Up-to-date: /tmp/snodec-book-current-install/include/snode.c/express/middleware/StaticMiddleware.h
-- Up-to-date: /tmp/snodec-book-current-install/include/snode.c/express/middleware/BasicAuthentication.h
-- Up-to-date: /tmp/snodec-book-current-install/include/snode.c/express/middleware/VerboseRequest.h
-- Up-to-date: /tmp/snodec-book-current-install/include/snode.c/express/middleware/VHost.h
-- Up-to-date: /tmp/snodec-book-current-install/include/snode.c/express/Dispatcher.h
-- Up-to-date: /tmp/snodec-book-current-install/include/snode.c/express/RootRoute.h
-- Up-to-date: /tmp/snodec-book-current-install/lib/cmake/snodec/snodec_http-server-express_Targets.cmake
-- Up-to-date: /tmp/snodec-book-current-install/lib/cmake/snodec/snodec_http-server-express_Targets-debug.cmake
-- Up-to-date: /tmp/snodec-book-current-install/lib/snode.c/web/http/libsnodec-http-server-express-legacy-in.so.2.0.0
-- Up-to-date: /tmp/snodec-book-current-install/lib/snode.c/web/http/libsnodec-http-server-express-legacy-in.so.2
-- Up-to-date: /tmp/snodec-book-current-install/lib/snode.c/web/http/libsnodec-http-server-express-legacy-in.so
-- Up-to-date: /tmp/snodec-book-current-install/include/snode.c/express/legacy/in
-- Up-to-date: /tmp/snodec-book-current-install/include/snode.c/express/legacy/in/Server.h
-- Up-to-date: /tmp/snodec-book-current-install/include/snode.c/express/legacy/in/WebApp.h
-- Up-to-date: /tmp/snodec-book-current-install/lib/cmake/snodec/snodec_http-server-express-legacy-in_Targets.cmake
-- Up-to-date: /tmp/snodec-book-current-install/lib/cmake/snodec/snodec_http-server-express-legacy-in_Targets-debug.cmake
-- Up-to-date: /tmp/snodec-book-current-install/lib/snode.c/web/http/libsnodec-http-server-express-legacy-in6.so.2.0.0
-- Up-to-date: /tmp/snodec-book-current-install/lib/snode.c/web/http/libsnodec-http-server-express-legacy-in6.so.2
-- Up-to-date: /tmp/snodec-book-current-install/lib/snode.c/web/http/libsnodec-http-server-express-legacy-in6.so
-- Up-to-date: /tmp/snodec-book-current-install/include/snode.c/express/legacy/in6
-- Up-to-date: /tmp/snodec-book-current-install/include/snode.c/express/legacy/in6/Server.h
-- Up-to-date: /tmp/snodec-book-current-install/include/snode.c/express/legacy/in6/WebApp.h
-- Up-to-date: /tmp/snodec-book-current-install/lib/cmake/snodec/snodec_http-server-express-legacy-in6_Targets.cmake
-- Up-to-date: /tmp/snodec-book-current-install/lib/cmake/snodec/snodec_http-server-express-legacy-in6_Targets-debug.cmake
-- Up-to-date: /tmp/snodec-book-current-install/lib/snode.c/web/http/libsnodec-http-server-express-legacy-rc.so.2.0.0
-- Up-to-date: /tmp/snodec-book-current-install/lib/snode.c/web/http/libsnodec-http-server-express-legacy-rc.so.2
-- Up-to-date: /tmp/snodec-book-current-install/lib/snode.c/web/http/libsnodec-http-server-express-legacy-rc.so
-- Up-to-date: /tmp/snodec-book-current-install/include/snode.c/express/legacy/rc
-- Up-to-date: /tmp/snodec-book-current-install/include/snode.c/express/legacy/rc/Server.h
-- Up-to-date: /tmp/snodec-book-current-install/include/snode.c/express/legacy/rc/WebApp.h
-- Up-to-date: /tmp/snodec-book-current-install/lib/cmake/snodec/snodec_http-server-express-legacy-rc_Targets.cmake
-- Up-to-date: /tmp/snodec-book-current-install/lib/cmake/snodec/snodec_http-server-express-legacy-rc_Targets-debug.cmake
-- Up-to-date: /tmp/snodec-book-current-install/lib/snode.c/web/http/libsnodec-http-server-express-legacy-un.so.2.0.0
-- Up-to-date: /tmp/snodec-book-current-install/lib/snode.c/web/http/libsnodec-http-server-express-legacy-un.so.2
-- Up-to-date: /tmp/snodec-book-current-install/lib/snode.c/web/http/libsnodec-http-server-express-legacy-un.so
-- Up-to-date: /tmp/snodec-book-current-install/include/snode.c/express/legacy/un
-- Up-to-date: /tmp/snodec-book-current-install/include/snode.c/express/legacy/un/Server.h
-- Up-to-date: /tmp/snodec-book-current-install/include/snode.c/express/legacy/un/WebApp.h
-- Up-to-date: /tmp/snodec-book-current-install/lib/cmake/snodec/snodec_http-server-express-legacy-un_Targets.cmake
-- Up-to-date: /tmp/snodec-book-current-install/lib/cmake/snodec/snodec_http-server-express-legacy-un_Targets-debug.cmake
-- Up-to-date: /tmp/snodec-book-current-install/lib/snode.c/web/http/libsnodec-http-server-express-tls-in.so.2.0.0
-- Up-to-date: /tmp/snodec-book-current-install/lib/snode.c/web/http/libsnodec-http-server-express-tls-in.so.2
-- Up-to-date: /tmp/snodec-book-current-install/lib/snode.c/web/http/libsnodec-http-server-express-tls-in.so
-- Up-to-date: /tmp/snodec-book-current-install/include/snode.c/express/tls/in
-- Up-to-date: /tmp/snodec-book-current-install/include/snode.c/express/tls/in/Server.h
-- Up-to-date: /tmp/snodec-book-current-install/include/snode.c/express/tls/in/WebApp.h
-- Up-to-date: /tmp/snodec-book-current-install/lib/cmake/snodec/snodec_http-server-express-tls-in_Targets.cmake
-- Up-to-date: /tmp/snodec-book-current-install/lib/cmake/snodec/snodec_http-server-express-tls-in_Targets-debug.cmake
-- Up-to-date: /tmp/snodec-book-current-install/lib/snode.c/web/http/libsnodec-http-server-express-tls-in6.so.2.0.0
-- Up-to-date: /tmp/snodec-book-current-install/lib/snode.c/web/http/libsnodec-http-server-express-tls-in6.so.2
-- Up-to-date: /tmp/snodec-book-current-install/lib/snode.c/web/http/libsnodec-http-server-express-tls-in6.so
-- Up-to-date: /tmp/snodec-book-current-install/include/snode.c/express/tls/in6
-- Up-to-date: /tmp/snodec-book-current-install/include/snode.c/express/tls/in6/Server.h
-- Up-to-date: /tmp/snodec-book-current-install/include/snode.c/express/tls/in6/WebApp.h
-- Up-to-date: /tmp/snodec-book-current-install/lib/cmake/snodec/snodec_http-server-express-tls-in6_Targets.cmake
-- Up-to-date: /tmp/snodec-book-current-install/lib/cmake/snodec/snodec_http-server-express-tls-in6_Targets-debug.cmake
-- Up-to-date: /tmp/snodec-book-current-install/lib/snode.c/web/http/libsnodec-http-server-express-tls-rc.so.2.0.0
-- Up-to-date: /tmp/snodec-book-current-install/lib/snode.c/web/http/libsnodec-http-server-express-tls-rc.so.2
-- Up-to-date: /tmp/snodec-book-current-install/lib/snode.c/web/http/libsnodec-http-server-express-tls-rc.so
-- Up-to-date: /tmp/snodec-book-current-install/include/snode.c/express/tls/rc
-- Up-to-date: /tmp/snodec-book-current-install/include/snode.c/express/tls/rc/Server.h
-- Up-to-date: /tmp/snodec-book-current-install/include/snode.c/express/tls/rc/WebApp.h
-- Up-to-date: /tmp/snodec-book-current-install/lib/cmake/snodec/snodec_http-server-express-tls-rc_Targets.cmake
-- Up-to-date: /tmp/snodec-book-current-install/lib/cmake/snodec/snodec_http-server-express-tls-rc_Targets-debug.cmake
-- Up-to-date: /tmp/snodec-book-current-install/lib/snode.c/web/http/libsnodec-http-server-express-tls-un.so.2.0.0
-- Up-to-date: /tmp/snodec-book-current-install/lib/snode.c/web/http/libsnodec-http-server-express-tls-un.so.2
-- Up-to-date: /tmp/snodec-book-current-install/lib/snode.c/web/http/libsnodec-http-server-express-tls-un.so
-- Up-to-date: /tmp/snodec-book-current-install/include/snode.c/express/tls/un
-- Up-to-date: /tmp/snodec-book-current-install/include/snode.c/express/tls/un/Server.h
-- Up-to-date: /tmp/snodec-book-current-install/include/snode.c/express/tls/un/WebApp.h
-- Up-to-date: /tmp/snodec-book-current-install/lib/cmake/snodec/snodec_http-server-express-tls-un_Targets.cmake
-- Up-to-date: /tmp/snodec-book-current-install/lib/cmake/snodec/snodec_http-server-express-tls-un_Targets-debug.cmake
-- Up-to-date: /tmp/snodec-book-current-install/lib/libsnodec-db-mariadb.so.2.0.0
-- Up-to-date: /tmp/snodec-book-current-install/lib/libsnodec-db-mariadb.so.2
-- Up-to-date: /tmp/snodec-book-current-install/lib/libsnodec-db-mariadb.so
-- Up-to-date: /tmp/snodec-book-current-install/lib/cmake/snodec/snodec_db-mariadb_Targets.cmake
-- Up-to-date: /tmp/snodec-book-current-install/lib/cmake/snodec/snodec_db-mariadb_Targets-debug.cmake
-- Up-to-date: /tmp/snodec-book-current-install/include/snode.c/database/mariadb
-- Up-to-date: /tmp/snodec-book-current-install/include/snode.c/database/mariadb/MariaDBCommand.h
-- Up-to-date: /tmp/snodec-book-current-install/include/snode.c/database/mariadb/commands
-- Up-to-date: /tmp/snodec-book-current-install/include/snode.c/database/mariadb/commands/sync
-- Up-to-date: /tmp/snodec-book-current-install/include/snode.c/database/mariadb/commands/sync/MariaDBUseResultCommand.h
-- Up-to-date: /tmp/snodec-book-current-install/include/snode.c/database/mariadb/commands/sync/MariaDBFieldCountCommand.h
-- Up-to-date: /tmp/snodec-book-current-install/include/snode.c/database/mariadb/commands/sync/MariaDBAffectedRowsCommand.h
-- Up-to-date: /tmp/snodec-book-current-install/include/snode.c/database/mariadb/commands/async
-- Up-to-date: /tmp/snodec-book-current-install/include/snode.c/database/mariadb/commands/async/MariaDBFetchRowCommand.h
-- Up-to-date: /tmp/snodec-book-current-install/include/snode.c/database/mariadb/commands/async/MariaDBFreeResultCommand.h
-- Up-to-date: /tmp/snodec-book-current-install/include/snode.c/database/mariadb/commands/async/MariaDBConnectCommand.h
-- Up-to-date: /tmp/snodec-book-current-install/include/snode.c/database/mariadb/commands/async/MariaDBRollbackCommand.h
-- Up-to-date: /tmp/snodec-book-current-install/include/snode.c/database/mariadb/commands/async/MariaDBQueryCommand.h
-- Up-to-date: /tmp/snodec-book-current-install/include/snode.c/database/mariadb/commands/async/MariaDBAutoCommitCommand.h
-- Up-to-date: /tmp/snodec-book-current-install/include/snode.c/database/mariadb/commands/async/MariaDBExecCommand.h
-- Up-to-date: /tmp/snodec-book-current-install/include/snode.c/database/mariadb/commands/async/MariaDBCommitCommand.h
-- Up-to-date: /tmp/snodec-book-current-install/include/snode.c/database/mariadb/MariaDBLibrary.h
-- Up-to-date: /tmp/snodec-book-current-install/include/snode.c/database/mariadb/MariaDBCommandSequence.h
-- Up-to-date: /tmp/snodec-book-current-install/include/snode.c/database/mariadb/MariaDBCommandASync.h
-- Up-to-date: /tmp/snodec-book-current-install/include/snode.c/database/mariadb/MariaDBClient.h
-- Up-to-date: /tmp/snodec-book-current-install/include/snode.c/database/mariadb/MariaDBConnection.h
-- Up-to-date: /tmp/snodec-book-current-install/include/snode.c/database/mariadb/MariaDBConnectionDetails.h
-- Up-to-date: /tmp/snodec-book-current-install/include/snode.c/database/mariadb/MariaDBCommandSync.h
-- Up-to-date: /tmp/snodec-book-current-install/include/snode.c/database/mariadb/MariaDBClientSyncAPI.h
-- Up-to-date: /tmp/snodec-book-current-install/include/snode.c/database/mariadb/MariaDBClientASyncAPI.h
-- Up-to-date: /tmp/snodec-book-current-install/include/snode.c/iot/mqtt/packets
-- Up-to-date: /tmp/snodec-book-current-install/include/snode.c/iot/mqtt/packets/Publish.h
-- Up-to-date: /tmp/snodec-book-current-install/include/snode.c/iot/mqtt/packets/Puback.h
-- Up-to-date: /tmp/snodec-book-current-install/include/snode.c/iot/mqtt/packets/Pingreq.h
-- Up-to-date: /tmp/snodec-book-current-install/include/snode.c/iot/mqtt/packets/Pubcomp.h
-- Up-to-date: /tmp/snodec-book-current-install/include/snode.c/iot/mqtt/packets/Pubrel.h
-- Up-to-date: /tmp/snodec-book-current-install/include/snode.c/iot/mqtt/packets/Subscribe.h
-- Up-to-date: /tmp/snodec-book-current-install/include/snode.c/iot/mqtt/packets/Unsubscribe.h
-- Up-to-date: /tmp/snodec-book-current-install/include/snode.c/iot/mqtt/packets/Connect.h
-- Up-to-date: /tmp/snodec-book-current-install/include/snode.c/iot/mqtt/packets/Suback.h
-- Up-to-date: /tmp/snodec-book-current-install/include/snode.c/iot/mqtt/packets/Pingresp.h
-- Up-to-date: /tmp/snodec-book-current-install/include/snode.c/iot/mqtt/packets/Connack.h
-- Up-to-date: /tmp/snodec-book-current-install/include/snode.c/iot/mqtt/packets/Pubrec.h
-- Up-to-date: /tmp/snodec-book-current-install/include/snode.c/iot/mqtt/packets/Unsuback.h
-- Up-to-date: /tmp/snodec-book-current-install/include/snode.c/iot/mqtt/packets/Disconnect.h
-- Up-to-date: /tmp/snodec-book-current-install/include/snode.c/iot/mqtt/types
-- Up-to-date: /tmp/snodec-book-current-install/include/snode.c/iot/mqtt/types/StringPair.h
-- Up-to-date: /tmp/snodec-book-current-install/include/snode.c/iot/mqtt/types/TypeBase.hpp
-- Up-to-date: /tmp/snodec-book-current-install/include/snode.c/iot/mqtt/types/UInt32.h
-- Up-to-date: /tmp/snodec-book-current-install/include/snode.c/iot/mqtt/types/UInt16.h
-- Up-to-date: /tmp/snodec-book-current-install/include/snode.c/iot/mqtt/types/StringRaw.h
-- Up-to-date: /tmp/snodec-book-current-install/include/snode.c/iot/mqtt/types/BinaryData.h
-- Up-to-date: /tmp/snodec-book-current-install/include/snode.c/iot/mqtt/types/String.h
-- Up-to-date: /tmp/snodec-book-current-install/include/snode.c/iot/mqtt/types/TypeBase.h
-- Up-to-date: /tmp/snodec-book-current-install/include/snode.c/iot/mqtt/types/UInt8.h
-- Up-to-date: /tmp/snodec-book-current-install/include/snode.c/iot/mqtt/types/UIntV.h
-- Installing: /tmp/snodec-book-current-install/lib/snode.c/iot/mqtt/libsnodec-mqtt.so.2.0.0
-- Up-to-date: /tmp/snodec-book-current-install/lib/snode.c/iot/mqtt/libsnodec-mqtt.so.2
-- Set non-toolchain portion of runtime path of "/tmp/snodec-book-current-install/lib/snode.c/iot/mqtt/libsnodec-mqtt.so.2.0.0" to ""
-- Up-to-date: /tmp/snodec-book-current-install/lib/snode.c/iot/mqtt/libsnodec-mqtt.so
-- Up-to-date: /tmp/snodec-book-current-install/include/snode.c/iot/mqtt
-- Up-to-date: /tmp/snodec-book-current-install/include/snode.c/iot/mqtt/SocketContext.h
-- Up-to-date: /tmp/snodec-book-current-install/include/snode.c/iot/mqtt/MqttContext.h
-- Up-to-date: /tmp/snodec-book-current-install/include/snode.c/iot/mqtt/ControlPacketDeserializer.h
-- Up-to-date: /tmp/snodec-book-current-install/include/snode.c/iot/mqtt/FixedHeader.h
-- Up-to-date: /tmp/snodec-book-current-install/include/snode.c/iot/mqtt/SubProtocol.h
-- Up-to-date: /tmp/snodec-book-current-install/include/snode.c/iot/mqtt/Topic.h
-- Up-to-date: /tmp/snodec-book-current-install/include/snode.c/iot/mqtt/ControlPacket.h
-- Up-to-date: /tmp/snodec-book-current-install/include/snode.c/iot/mqtt/SemanticLog.h
-- Up-to-date: /tmp/snodec-book-current-install/include/snode.c/iot/mqtt/Mqtt.h
-- Up-to-date: /tmp/snodec-book-current-install/include/snode.c/iot/mqtt/Session.h
-- Up-to-date: /tmp/snodec-book-current-install/include/snode.c/iot/mqtt/SubProtocol.hpp
-- Up-to-date: /tmp/snodec-book-current-install/lib/cmake/snodec/snodec_mqtt_Targets.cmake
-- Up-to-date: /tmp/snodec-book-current-install/lib/cmake/snodec/snodec_mqtt_Targets-debug.cmake
-- Up-to-date: /tmp/snodec-book-current-install/include/snode.c/iot/mqtt/server/packets
-- Up-to-date: /tmp/snodec-book-current-install/include/snode.c/iot/mqtt/server/packets/Publish.h
-- Up-to-date: /tmp/snodec-book-current-install/include/snode.c/iot/mqtt/server/packets/Puback.h
-- Up-to-date: /tmp/snodec-book-current-install/include/snode.c/iot/mqtt/server/packets/Pingreq.h
-- Up-to-date: /tmp/snodec-book-current-install/include/snode.c/iot/mqtt/server/packets/Pubcomp.h
-- Up-to-date: /tmp/snodec-book-current-install/include/snode.c/iot/mqtt/server/packets/Pubrel.h
-- Up-to-date: /tmp/snodec-book-current-install/include/snode.c/iot/mqtt/server/packets/Subscribe.h
-- Up-to-date: /tmp/snodec-book-current-install/include/snode.c/iot/mqtt/server/packets/Unsubscribe.h
-- Up-to-date: /tmp/snodec-book-current-install/include/snode.c/iot/mqtt/server/packets/Connect.h
-- Up-to-date: /tmp/snodec-book-current-install/include/snode.c/iot/mqtt/server/packets/Pubrec.h
-- Up-to-date: /tmp/snodec-book-current-install/include/snode.c/iot/mqtt/server/packets/Disconnect.h
-- Up-to-date: /tmp/snodec-book-current-install/include/snode.c/iot/mqtt/server/broker
-- Up-to-date: /tmp/snodec-book-current-install/include/snode.c/iot/mqtt/server/broker/Broker.h
-- Up-to-date: /tmp/snodec-book-current-install/include/snode.c/iot/mqtt/server/broker/SubscriptionTree.h
-- Up-to-date: /tmp/snodec-book-current-install/include/snode.c/iot/mqtt/server/broker/RetainTree.h
-- Up-to-date: /tmp/snodec-book-current-install/include/snode.c/iot/mqtt/server/broker/Session.h
-- Up-to-date: /tmp/snodec-book-current-install/include/snode.c/iot/mqtt/server/broker/Message.h
-- Installing: /tmp/snodec-book-current-install/lib/snode.c/iot/mqtt/libsnodec-mqtt-server.so.2.0.0
-- Up-to-date: /tmp/snodec-book-current-install/lib/snode.c/iot/mqtt/libsnodec-mqtt-server.so.2
-- Set non-toolchain portion of runtime path of "/tmp/snodec-book-current-install/lib/snode.c/iot/mqtt/libsnodec-mqtt-server.so.2.0.0" to "/tmp/snodec-book-current-install/lib/snode.c/iot/mqtt:/tmp/snodec-book-current-install/lib/snode.c/web/http/upgrade"
-- Up-to-date: /tmp/snodec-book-current-install/lib/snode.c/iot/mqtt/libsnodec-mqtt-server.so
-- Up-to-date: /tmp/snodec-book-current-install/include/snode.c/iot/mqtt/server/Mqtt.h
-- Up-to-date: /tmp/snodec-book-current-install/include/snode.c/iot/mqtt/server/SharedSocketContextFactory.h
-- Up-to-date: /tmp/snodec-book-current-install/include/snode.c/iot/mqtt/server/SocketContextFactory.h
-- Up-to-date: /tmp/snodec-book-current-install/lib/cmake/snodec/snodec_mqtt-server_Targets.cmake
-- Up-to-date: /tmp/snodec-book-current-install/lib/cmake/snodec/snodec_mqtt-server_Targets-debug.cmake
-- Installing: /tmp/snodec-book-current-install/lib/snode.c/iot/mqtt/libsnodec-mqtt-server-websocket.so.2.0.0
-- Up-to-date: /tmp/snodec-book-current-install/lib/snode.c/iot/mqtt/libsnodec-mqtt-server-websocket.so.2
-- Set non-toolchain portion of runtime path of "/tmp/snodec-book-current-install/lib/snode.c/iot/mqtt/libsnodec-mqtt-server-websocket.so.2.0.0" to "/tmp/snodec-book-current-install/lib/snode.c/iot/mqtt:/tmp/snodec-book-current-install/lib/snode.c/web/http/upgrade"
-- Up-to-date: /tmp/snodec-book-current-install/lib/snode.c/iot/mqtt/libsnodec-mqtt-server-websocket.so
-- Up-to-date: /tmp/snodec-book-current-install/include/snode.c/iot/mqtt/server/SubProtocol.h
-- Up-to-date: /tmp/snodec-book-current-install/lib/cmake/snodec/snodec_mqtt-server-websocket_Targets.cmake
-- Up-to-date: /tmp/snodec-book-current-install/lib/cmake/snodec/snodec_mqtt-server-websocket_Targets-debug.cmake
-- Up-to-date: /tmp/snodec-book-current-install/include/snode.c/iot/mqtt/client/packets
-- Up-to-date: /tmp/snodec-book-current-install/include/snode.c/iot/mqtt/client/packets/Publish.h
-- Up-to-date: /tmp/snodec-book-current-install/include/snode.c/iot/mqtt/client/packets/Puback.h
-- Up-to-date: /tmp/snodec-book-current-install/include/snode.c/iot/mqtt/client/packets/Pubcomp.h
-- Up-to-date: /tmp/snodec-book-current-install/include/snode.c/iot/mqtt/client/packets/Pubrel.h
-- Up-to-date: /tmp/snodec-book-current-install/include/snode.c/iot/mqtt/client/packets/Suback.h
-- Up-to-date: /tmp/snodec-book-current-install/include/snode.c/iot/mqtt/client/packets/Pingresp.h
-- Up-to-date: /tmp/snodec-book-current-install/include/snode.c/iot/mqtt/client/packets/Connack.h
-- Up-to-date: /tmp/snodec-book-current-install/include/snode.c/iot/mqtt/client/packets/Pubrec.h
-- Up-to-date: /tmp/snodec-book-current-install/include/snode.c/iot/mqtt/client/packets/Unsuback.h
-- Installing: /tmp/snodec-book-current-install/lib/snode.c/iot/mqtt/libsnodec-mqtt-client.so.2.0.0
-- Up-to-date: /tmp/snodec-book-current-install/lib/snode.c/iot/mqtt/libsnodec-mqtt-client.so.2
-- Set non-toolchain portion of runtime path of "/tmp/snodec-book-current-install/lib/snode.c/iot/mqtt/libsnodec-mqtt-client.so.2.0.0" to "/tmp/snodec-book-current-install/lib/snode.c/iot/mqtt:/tmp/snodec-book-current-install/lib/snode.c/web/http/upgrade"
-- Up-to-date: /tmp/snodec-book-current-install/lib/snode.c/iot/mqtt/libsnodec-mqtt-client.so
-- Up-to-date: /tmp/snodec-book-current-install/include/snode.c/iot/mqtt/client/Mqtt.h
-- Up-to-date: /tmp/snodec-book-current-install/lib/cmake/snodec/snodec_mqtt-client_Targets.cmake
-- Up-to-date: /tmp/snodec-book-current-install/lib/cmake/snodec/snodec_mqtt-client_Targets-debug.cmake
-- Installing: /tmp/snodec-book-current-install/lib/snode.c/iot/mqtt/libsnodec-mqtt-client-websocket.so.2.0.0
-- Up-to-date: /tmp/snodec-book-current-install/lib/snode.c/iot/mqtt/libsnodec-mqtt-client-websocket.so.2
-- Set non-toolchain portion of runtime path of "/tmp/snodec-book-current-install/lib/snode.c/iot/mqtt/libsnodec-mqtt-client-websocket.so.2.0.0" to "/tmp/snodec-book-current-install/lib/snode.c/iot/mqtt:/tmp/snodec-book-current-install/lib/snode.c/web/http/upgrade"
-- Up-to-date: /tmp/snodec-book-current-install/lib/snode.c/iot/mqtt/libsnodec-mqtt-client-websocket.so
-- Up-to-date: /tmp/snodec-book-current-install/include/snode.c/iot/mqtt/client/SubProtocol.h
-- Up-to-date: /tmp/snodec-book-current-install/lib/cmake/snodec/snodec_mqtt-client-websocket_Targets.cmake
-- Up-to-date: /tmp/snodec-book-current-install/lib/cmake/snodec/snodec_mqtt-client-websocket_Targets-debug.cmake
-- Up-to-date: /tmp/snodec-book-current-install/bin/snode.c
-- Up-to-date: /tmp/snodec-book-current-install/bin/express-compat-server
-- Up-to-date: /tmp/snodec-book-current-install/bin/testpost
-- Up-to-date: /tmp/snodec-book-current-install/bin/jsonserver
-- Up-to-date: /tmp/snodec-book-current-install/bin/jsonclient
-- Up-to-date: /tmp/snodec-book-current-install/bin/testregex
-- Up-to-date: /tmp/snodec-book-current-install/bin/warema-jalousien
-- Up-to-date: /tmp/snodec-book-current-install/bin/testpipe
-- Up-to-date: /tmp/snodec-book-current-install/bin/configtest
-- Up-to-date: /tmp/snodec-book-current-install/bin/testmariadb
-- Up-to-date: /tmp/snodec-book-current-install/bin/echoclient-legacy-in
-- Up-to-date: /tmp/snodec-book-current-install/bin/echoserver-legacy-in
-- Up-to-date: /tmp/snodec-book-current-install/bin/echoclient-tls-in
-- Up-to-date: /tmp/snodec-book-current-install/bin/echoserver-tls-in
-- Up-to-date: /tmp/snodec-book-current-install/bin/echoclient-legacy-in6
-- Up-to-date: /tmp/snodec-book-current-install/bin/echoserver-legacy-in6
-- Up-to-date: /tmp/snodec-book-current-install/bin/echoclient-tls-in6
-- Up-to-date: /tmp/snodec-book-current-install/bin/echoserver-tls-in6
-- Up-to-date: /tmp/snodec-book-current-install/bin/echoclient-legacy-un
-- Up-to-date: /tmp/snodec-book-current-install/bin/echoserver-legacy-un
-- Up-to-date: /tmp/snodec-book-current-install/bin/echoclient-tls-un
-- Up-to-date: /tmp/snodec-book-current-install/bin/echoserver-tls-un
-- Up-to-date: /tmp/snodec-book-current-install/bin/echoclient-legacy-l2
-- Up-to-date: /tmp/snodec-book-current-install/bin/echoserver-legacy-l2
-- Up-to-date: /tmp/snodec-book-current-install/bin/echoclient-tls-l2
-- Up-to-date: /tmp/snodec-book-current-install/bin/echoserver-tls-l2
-- Up-to-date: /tmp/snodec-book-current-install/bin/echoclient-legacy-rc
-- Up-to-date: /tmp/snodec-book-current-install/bin/echoserver-legacy-rc
-- Up-to-date: /tmp/snodec-book-current-install/bin/echoclient-tls-rc
-- Up-to-date: /tmp/snodec-book-current-install/bin/echoserver-tls-rc
-- Up-to-date: /tmp/snodec-book-current-install/bin/httpserver-legacy-in
-- Up-to-date: /tmp/snodec-book-current-install/bin/httpclient-legacy-in
-- Up-to-date: /tmp/snodec-book-current-install/bin/httpserver-tls-in
-- Up-to-date: /tmp/snodec-book-current-install/bin/httpclient-tls-in
-- Up-to-date: /tmp/snodec-book-current-install/bin/httpserver-legacy-in6
-- Up-to-date: /tmp/snodec-book-current-install/bin/httpclient-legacy-in6
-- Up-to-date: /tmp/snodec-book-current-install/bin/httpserver-tls-in6
-- Up-to-date: /tmp/snodec-book-current-install/bin/httpclient-tls-in6
-- Up-to-date: /tmp/snodec-book-current-install/bin/httpserver-legacy-un
-- Up-to-date: /tmp/snodec-book-current-install/bin/httpclient-legacy-un
-- Up-to-date: /tmp/snodec-book-current-install/bin/httpserver-tls-un
-- Up-to-date: /tmp/snodec-book-current-install/bin/httpclient-tls-un
-- Up-to-date: /tmp/snodec-book-current-install/bin/httpserver-legacy-rc
-- Up-to-date: /tmp/snodec-book-current-install/bin/httpclient-legacy-rc
-- Up-to-date: /tmp/snodec-book-current-install/bin/httpserver-tls-rc
-- Up-to-date: /tmp/snodec-book-current-install/bin/httpclient-tls-rc
-- Up-to-date: /tmp/snodec-book-current-install/bin/httplowlevelclient
-- Up-to-date: /tmp/snodec-book-current-install/bin/verysimpleserver
-- Up-to-date: /tmp/snodec-book-current-install/bin/vhostserver
-- Up-to-date: /tmp/snodec-book-current-install/bin/testbasicauthentication
-- Up-to-date: /tmp/snodec-book-current-install/bin/testexpressnext
-- Up-to-date: /tmp/snodec-book-current-install/bin/authorization_server
-- Up-to-date: /tmp/snodec-book-current-install/bin/client_app
-- Up-to-date: /tmp/snodec-book-current-install/bin/resource_server
-- Up-to-date: /tmp/snodec-book-current-install/bin/tlslegacyserver
-- Up-to-date: /tmp/snodec-book-current-install/bin/tlslegacyclient
-- Up-to-date: /tmp/snodec-book-current-install/bin/towerCalculation
-- Up-to-date: /tmp/snodec-book-current-install/bin/wsechoserver
-- Up-to-date: /tmp/snodec-book-current-install/bin/wsechoclient
-- Up-to-date: /tmp/snodec-book-current-install/lib/snode.c/web/http/upgrade/websocket/libsnodec-websocket-echo-server.so.2.0.0
-- Up-to-date: /tmp/snodec-book-current-install/lib/snode.c/web/http/upgrade/websocket/libsnodec-websocket-echo-server.so.2
-- Up-to-date: /tmp/snodec-book-current-install/lib/snode.c/web/http/upgrade/websocket/libsnodec-websocket-echo-server.so
-- Up-to-date: /tmp/snodec-book-current-install/lib/snode.c/web/http/upgrade/websocket/libsnodec-websocket-echo-client.so.2.0.0
-- Up-to-date: /tmp/snodec-book-current-install/lib/snode.c/web/http/upgrade/websocket/libsnodec-websocket-echo-client.so.2
-- Up-to-date: /tmp/snodec-book-current-install/lib/snode.c/web/http/upgrade/websocket/libsnodec-websocket-echo-client.so
-- Up-to-date: /tmp/snodec-book-current-install/bin/snodec-control
-- Up-to-date: /tmp/snodec-book-current-install/lib/cmake/snodec/snodecConfig.cmake
-- Up-to-date: /tmp/snodec-book-current-install/lib/cmake/snodec/snodecConfigVersion.cmake
-- Up-to-date: /tmp/snodec-book-current-install/include/snode.c/Log.h
-- Up-to-date: /tmp/snodec-book-current-install/include/snode.c/SemanticLog.h
