2026-09-25T09:18:30.7009718Z Source alignment passed: 33 chapter/appendix evidence records, 37 exact complete listings; SNode.C 2.0.0, master content manifest 2face99fc58fb1ec5374c35d88e6fcd9c7a7d56b52ea44cb00e49eb4825b9a2b
2026-09-25T09:18:55.2934930Z [36;1mecho "Observed SNode.C master HEAD: $(git -C external/snode.c rev-parse HEAD)"[0m
2026-09-25T09:18:55.3100077Z Observed SNode.C master HEAD: 07ca9a2936ee72582df7d159cb06666fe23e30f8
2026-09-25T09:18:55.4592854Z Source alignment passed: 33 chapter/appendix evidence records, 37 exact complete listings; SNode.C 2.0.0, master content manifest 2face99fc58fb1ec5374c35d88e6fcd9c7a7d56b52ea44cb00e49eb4825b9a2b
2026-09-25T09:18:55.9634171Z Observed SNodeC/mqttsuite master HEAD: 5fef5c3036928dfa40ad4f124bb237cc9c3202bb
2026-09-25T09:18:56.2587340Z Observed SNodeC/OpenWRT main HEAD: 5bef8cca5982838a7191a148633c1058f154e5eb
2026-09-25T09:18:56.2691433Z External anchors passed; source existence only, not execution.
2026-09-25T09:18:56.3680089Z Source alignment passed: 33 chapter/appendix evidence records, 37 exact complete listings; SNode.C 2.0.0, master content manifest 2face99fc58fb1ec5374c35d88e6fcd9c7a7d56b52ea44cb00e49eb4825b9a2b
2026-09-25T09:18:56.3757586Z Observed SNode.C master HEAD: 07ca9a2936ee72582df7d159cb06666fe23e30f8
2026-09-25T09:18:56.5238601Z Source alignment passed: 33 chapter/appendix evidence records, 37 exact complete listings; SNode.C 2.0.0, master content manifest 2face99fc58fb1ec5374c35d88e6fcd9c7a7d56b52ea44cb00e49eb4825b9a2b
2026-09-25T09:18:56.7487902Z -- The C compiler identification is GNU 13.3.0
2026-09-25T09:18:56.8888610Z -- The CXX compiler identification is GNU 13.3.0
2026-09-25T09:33:32.5129630Z 100% tests passed, 0 tests failed out of 185
2026-09-25T09:33:33.4017112Z -- The CXX compiler identification is GNU 13.3.0
2026-09-25T09:33:40.1164281Z 100% tests passed, 0 tests failed out of 4
2026-09-25T09:33:40.3444101Z -- The CXX compiler identification is GNU 13.3.0
2026-09-25T09:35:38.5411813Z 32/66 Test #32: exercise-ch16-part-checkpoint ...........   Passed    1.30 sec
2026-09-25T09:36:57.6778809Z 100% tests passed, 0 tests failed out of 66
2026-09-25T09:36:59.8379559Z Behavioral smoke tests passed.
2026-09-25T09:37:00.0172612Z -- The CXX compiler identification is GNU 13.3.0
2026-09-25T09:37:26.9179709Z All selected example lifetime/echo checks passed.
