{
  "sample_chapters": [
    {
      "chapter": 1,
      "prose_before": 2343,
      "prose_after": 1723,
      "reduction_percent": 26.46,
      "average_section_prose_words": 327.0,
      "objectives": 3,
      "exercise_tiers": [
        [
          "Review",
          "O1"
        ],
        [
          "Review",
          "O2"
        ],
        [
          "Lab",
          "O2"
        ],
        [
          "Lab",
          "O2"
        ],
        [
          "Design",
          "O3"
        ]
      ]
    },
    {
      "chapter": 3,
      "prose_before": 2674,
      "prose_after": 1987,
      "reduction_percent": 25.69,
      "average_section_prose_words": 315.5,
      "objectives": 3,
      "exercise_tiers": [
        [
          "Review",
          "O1"
        ],
        [
          "Review",
          "O1"
        ],
        [
          "Lab",
          "O2"
        ],
        [
          "Lab",
          "O3"
        ],
        [
          "Design",
          "O3"
        ]
      ]
    },
    {
      "chapter": 23,
      "prose_before": 3664,
      "prose_after": 2897,
      "reduction_percent": 20.93,
      "average_section_prose_words": 398.0,
      "objectives": 3,
      "exercise_tiers": [
        [
          "Review",
          "O1"
        ],
        [
          "Review",
          "O1"
        ],
        [
          "Lab",
          "O2"
        ],
        [
          "Lab",
          "O2"
        ],
        [
          "Design",
          "O3"
        ]
      ]
    },
    {
      "chapter": 35,
      "prose_before": 2378,
      "prose_after": 1863,
      "reduction_percent": 21.66,
      "average_section_prose_words": 294.33,
      "objectives": 3,
      "exercise_tiers": [
        [
          "Review",
          "O1"
        ],
        [
          "Review",
          "O1"
        ],
        [
          "Lab",
          "O2"
        ],
        [
          "Lab",
          "O1"
        ],
        [
          "Design",
          "O3"
        ]
      ]
    },
    {
      "chapter": 37,
      "prose_before": 2395,
      "prose_after": 1859,
      "reduction_percent": 22.38,
      "average_section_prose_words": 291.0,
      "objectives": 3,
      "exercise_tiers": [
        [
          "Review",
          "O1"
        ],
        [
          "Review",
          "O3"
        ],
        [
          "Lab",
          "O2"
        ],
        [
          "Lab",
          "O2"
        ],
        [
          "Design",
          "O3"
        ]
      ]
    }
  ],
  "comparison_words": 638,
  "comparison_excerpt_lines": [
    12,
    16
  ],
  "excerpts_match_companion_ignoring_whitespace": true,
  "chapter_35_fences_identical": true,
  "other_manuscript_files_identical": true,
  "sample_source_markers_index_entries_figures_preserved": true
}
PASS: editorial thresholds, objectives/exercise coverage, public answer paths, and preservation
Build, run, visual review, and answer quality need the separate evidence logs and ledger.
