PASS: staged scope matches the authorized structural pass; the closing essay is unchanged.
.github/workflows/companion-examples.yml
README.md
STRUCTURE.md
ci/check-chapter-references.py
ci/check-source-alignment.py
ci/check-source-hygiene.sh
ci/run-teaching-smoke-tests.py
ci/test-chapter-references.py
companion/examples/HttpUpgrade-Client/README.md
companion/examples/HttpUpgrade-Server/README.md
companion/examples/LineProtocol-Client/README.md
companion/examples/LineProtocol-Server/README.md
companion/examples/MQTT-ClientRole/README.md
companion/examples/MariaDB-Minimal/README.md
companion/examples/MiniGateway-Extended/README.md
companion/examples/MiniGateway/README.md
companion/examples/README.md
companion/examples/SSE-EventSource-Client/README.md
companion/examples/SSE-Server/README.md
companion/examples/SemanticLogging/README.md
companion/examples/WebSocket-Echo-ClientSubprotocol/README.md
companion/examples/WebSocket-Echo-ServerSubprotocol/README.md
companion/exercises/CMakeLists.txt
companion/exercises/README.md
companion/exercises/ch18/CMakeLists.txt
companion/exercises/ch18/README.md
companion/exercises/ch18/observers.py
companion/exercises/ch18/solution.py
companion/exercises/ch23/CMakeLists.txt
companion/exercises/ch23/README.md
companion/exercises/ch23/observers.py
companion/exercises/ch23/solution.py
companion/exercises/ch28/CMakeLists.txt
companion/exercises/ch28/README.md
companion/exercises/ch28/solution.py
companion/exercises/ch28/validation.cpp
companion/exercises/ch30/CMakeLists.txt
companion/exercises/ch30/README.md
companion/exercises/ch30/model-instances.cpp
companion/exercises/ch30/model-ownership.cpp
companion/exercises/ch35/CMakeLists.txt
companion/exercises/ch35/README.md
companion/exercises/ch35/solution.py
companion/exercises/ch35/validation.cpp
companion/exercises/ch37/CMakeLists.txt
companion/exercises/ch37/README.md
companion/exercises/ch37/model-instances.cpp
companion/exercises/ch37/model-ownership.cpp
manuscript/backmatter/further-reading.md
manuscript/book-files.txt
manuscript/chapters/01-why-snodec-exists.md
manuscript/chapters/02-preparing-your-environment.md
manuscript/chapters/03-your-first-working-program-the-echo-pair.md
manuscript/chapters/04-reading-the-codebase-with-confidence.md
manuscript/chapters/04-the-mental-model-and-layers-in-practice.md
manuscript/chapters/05-core-runtime-and-event-processing.md
manuscript/chapters/05-the-mental-model-of-snodec.md
manuscript/chapters/06-core-runtime-and-event-processing.md
manuscript/chapters/06-network-families-addresses-ipv4-ipv6-and-unix-sockets.md
manuscript/chapters/07-layers-in-practice-network-transport-connection-application.md
manuscript/chapters/07-servers-clients-and-connections.md
manuscript/chapters/08-bluetooth-in-snodec-rfcomm-and-l2cap.md
manuscript/chapters/08-socket-addresses-and-address-semantics.md
manuscript/chapters/09-servers-clients-and-connections.md
manuscript/chapters/09-writing-socketcontext-classes-well.md
manuscript/chapters/10-ipv4-and-ipv6-as-the-first-concrete-network-families.md
manuscript/chapters/10-writing-socketcontextfactory-classes-well.md
manuscript/chapters/11-building-the-same-protocol-over-different-lower-layers.md
manuscript/chapters/11-unix-domain-sockets.md
manuscript/chapters/12-bluetooth-in-snodec-rfcomm-and-l2cap.md
manuscript/chapters/12-configuring-applications-and-named-instances.md
manuscript/chapters/13-logging-diagnostics-and-runtime-introspection.md
manuscript/chapters/13-writing-socketcontext-classes-well.md
manuscript/chapters/14-tls-across-the-framework.md
manuscript/chapters/14-writing-socketcontextfactory-classes-well.md
manuscript/chapters/15-building-the-same-protocol-over-different-lower-layers.md
manuscript/chapters/15-timeouts-retries-and-failure-modes.md
manuscript/chapters/16-configuration-philosophy-in-snodec.md
manuscript/chapters/16-the-http-layer.md
manuscript/chapters/17-application-and-instance-configuration-in-detail.md
manuscript/chapters/17-the-express-like-framework.md
manuscript/chapters/18-logging-diagnostics-and-runtime-introspection.md
manuscript/chapters/18-server-sent-events-and-real-time-http.md
manuscript/chapters/19-tls-across-the-framework.md
manuscript/chapters/19-websocket-and-protocol-upgrade.md
manuscript/chapters/20-mqtt-support-in-snodec.md
manuscript/chapters/20-timeouts-retries-and-failure-modes.md
manuscript/chapters/21-mqtt-over-websocket.md
manuscript/chapters/21-the-http-layer.md
manuscript/chapters/22-designing-iot-systems-with-multiple-protocols.md
manuscript/chapters/22-the-express-like-framework.md
manuscript/chapters/23-database-support-and-application-state.md
manuscript/chapters/23-server-sent-events-and-real-time-http.md
manuscript/chapters/24-snodec-in-larger-systems.md
manuscript/chapters/24-websocket-and-protocol-upgrade.md
manuscript/chapters/25-cmake-components-and-linking-strategy.md
manuscript/chapters/25-mqtt-support-in-snodec.md
manuscript/chapters/26-deployment-on-linux-and-openwrt.md
manuscript/chapters/26-mqtt-over-websocket.md
manuscript/chapters/27-designing-iot-systems-with-multiple-protocols.md
manuscript/chapters/27-testing-debugging-and-benchmarking.md
manuscript/chapters/28-building-minigateway.md
manuscript/chapters/28-database-support-and-application-state.md
manuscript/chapters/29-extending-minigateway-with-a-new-network-role.md
manuscript/chapters/29-learning-from-the-applications-in-src-apps.md
manuscript/chapters/30-architectural-judgment-choosing-the-right-layer-and-boundary.md
manuscript/chapters/30-from-applications-to-systems.md
manuscript/chapters/31-mqttsuite-as-a-reference-ecosystem.md
manuscript/chapters/32-cmake-components-and-linking-strategy.md
manuscript/chapters/33-deployment-on-linux-and-openwrt.md
manuscript/chapters/34-testing-debugging-and-benchmarking.md
manuscript/chapters/35-building-minigateway.md
manuscript/chapters/36-extending-minigateway-with-a-new-network-role.md
manuscript/chapters/37-architectural-judgment-choosing-the-right-layer-and-boundary.md
manuscript/chapters/38-extending-the-framework-safely.md
manuscript/chapters/appendix-a-reading-and-extending-the-framework.md
manuscript/frontmatter/conventions.md
manuscript/frontmatter/how-to-read-this-book.md
manuscript/parts/part-02-the-snodec-architecture.md
manuscript/parts/part-11-building-a-minigateway-application.md
manuscript/parts/part-11-building-and-evaluating-minigateway.md
manuscript/parts/part-12-designing-with-snodec.md
manuscript/parts/part-13-epilogue.md
packaging/cmake/MakeProposalPackage.cmake
review/EDITORIAL-WORK-PLAN.md
review/proposal-readiness-2026-09-22/REPORT.md
review/proposal-readiness-2026-09-22/chapter-ledger.md
review/proposal-readiness-2026-09-22/check-phase-5a.py
review/proposal-readiness-2026-09-22/metrics-after-phase-5a.json
review/proposal-readiness-2026-09-22/phase-5a-approved-structure.json
review/proposal-readiness-2026-09-22/phase-5a-archive-hygiene.log
review/proposal-readiness-2026-09-22/phase-5a-behavior-smoke.log
review/proposal-readiness-2026-09-22/phase-5a-book-proposal-package-latex.log
review/proposal-readiness-2026-09-22/phase-5a-book-proposal-sample-package-latex.log
review/proposal-readiness-2026-09-22/phase-5a-companion-build.log
review/proposal-readiness-2026-09-22/phase-5a-entry-alignment.log
review/proposal-readiness-2026-09-22/phase-5a-entry-companion.log
review/proposal-readiness-2026-09-22/phase-5a-entry-hygiene.log
review/proposal-readiness-2026-09-22/phase-5a-entry-labs.log
review/proposal-readiness-2026-09-22/phase-5a-entry-metrics.log
review/proposal-readiness-2026-09-22/phase-5a-entry-package.log
review/proposal-readiness-2026-09-22/phase-5a-entry-plan-checks.json
review/proposal-readiness-2026-09-22/phase-5a-entry-proposal-checks.json
review/proposal-readiness-2026-09-22/phase-5a-exit-checks.json
review/proposal-readiness-2026-09-22/phase-5a-exit-checks.log
review/proposal-readiness-2026-09-22/phase-5a-hygiene.log
review/proposal-readiness-2026-09-22/phase-5a-labs.log
review/proposal-readiness-2026-09-22/phase-5a-lifetime.log
review/proposal-readiness-2026-09-22/phase-5a-metrics-tests.log
review/proposal-readiness-2026-09-22/phase-5a-package-final.log
review/proposal-readiness-2026-09-22/phase-5a-package-initial.log
review/proposal-readiness-2026-09-22/phase-5a-package-second.log
review/proposal-readiness-2026-09-22/phase-5a-package-source-refresh.log
review/proposal-readiness-2026-09-22/phase-5a-reference-register.json
review/proposal-readiness-2026-09-22/phase-5a-reference-tests.log
review/proposal-readiness-2026-09-22/phase-5a-snodec-book-latex.log
review/proposal-readiness-2026-09-22/phase-5a-teaching-smoke.log
review/proposal-readiness-2026-09-22/phase-5a-visual-review.md
review/proposal/CMakeLists.txt
review/proposal/sample-chapters.md
review/verification/source-claims.json
