COMMAND: ctest --test-dir /home/voc/projects/snodec/publications/book/build/proposal-readiness-phase-5d-examples --output-on-failure --no-tests=error -V
UpdateCTestConfiguration  from :/home/voc/projects/snodec/publications/book/build/proposal-readiness-phase-5d-examples/DartConfiguration.tcl
Test project /home/voc/projects/snodec/publications/book/build/proposal-readiness-phase-5d-examples
Constructing a list of tests
Done constructing a list of tests
Updating test list for fixtures
Added 0 tests to meet fixture requirements
Checking test dependency graph...
Checking test dependency graph end
test 1
      Start  1: exercise-ch01

1: Test command: /usr/bin/python3 "/home/voc/projects/snodec/publications/book/companion/exercises/ch01/solution.py" "/home/voc/projects/snodec/publications/book/build/proposal-readiness-phase-5d-examples/companion/examples/EchoPair/echoserver" "/home/voc/projects/snodec/publications/book/build/proposal-readiness-phase-5d-examples/companion/examples/Comparison-AsioEcho/asio-echo"
1: Working Directory: /home/voc/projects/snodec/publications/book/build/proposal-readiness-phase-5d-examples/companion/exercises/ch01
1: Test timeout computed to be: 40
1: Traceback (most recent call last):
1:   File "/home/voc/projects/snodec/publications/book/companion/exercises/ch01/solution.py", line 9, in <module>
1:     port = free_port()
1:   File "/home/voc/projects/snodec/publications/book/companion/exercises/lab_support.py", line 15, in free_port
1:     with socket.socket() as sock:
1:          ~~~~~~~~~~~~~^^
1:   File "/usr/lib/python3.14/socket.py", line 236, in __init__
1:     _socket.socket.__init__(self, family, type, proto, fileno)
1:     ~~~~~~~~~~~~~~~~~~~~~~~^^^^^^^^^^^^^^^^^^^^^^^^^^^^^^^^^^^
1: PermissionError: [Errno 1] Operation not permitted
 1/22 Test  #1: exercise-ch01 .....................***Failed    0.06 sec
Traceback (most recent call last):
  File "/home/voc/projects/snodec/publications/book/companion/exercises/ch01/solution.py", line 9, in <module>
    port = free_port()
  File "/home/voc/projects/snodec/publications/book/companion/exercises/lab_support.py", line 15, in free_port
    with socket.socket() as sock:
         ~~~~~~~~~~~~~^^
  File "/usr/lib/python3.14/socket.py", line 236, in __init__
    _socket.socket.__init__(self, family, type, proto, fileno)
    ~~~~~~~~~~~~~~~~~~~~~~~^^^^^^^^^^^^^^^^^^^^^^^^^^^^^^^^^^^
PermissionError: [Errno 1] Operation not permitted

test 2
      Start  2: exercise-ch01-independent-peers

2: Test command: /usr/bin/python3 "/home/voc/projects/snodec/publications/book/companion/exercises/ch01/independent-peers.py" "/home/voc/projects/snodec/publications/book/build/proposal-readiness-phase-5d-examples/companion/examples/EchoPair/echoserver" "/home/voc/projects/snodec/publications/book/build/proposal-readiness-phase-5d-examples/companion/examples/Comparison-AsioEcho/asio-echo"
2: Working Directory: /home/voc/projects/snodec/publications/book/build/proposal-readiness-phase-5d-examples/companion/exercises/ch01
2: Test timeout computed to be: 40
2: Traceback (most recent call last):
2:   File "/home/voc/projects/snodec/publications/book/companion/exercises/ch01/independent-peers.py", line 8, in <module>
2:     port = free_port()
2:   File "/home/voc/projects/snodec/publications/book/companion/exercises/lab_support.py", line 15, in free_port
2:     with socket.socket() as sock:
2:          ~~~~~~~~~~~~~^^
2:   File "/usr/lib/python3.14/socket.py", line 236, in __init__
2:     _socket.socket.__init__(self, family, type, proto, fileno)
2:     ~~~~~~~~~~~~~~~~~~~~~~~^^^^^^^^^^^^^^^^^^^^^^^^^^^^^^^^^^^
2: PermissionError: [Errno 1] Operation not permitted
 2/22 Test  #2: exercise-ch01-independent-peers ...***Failed    0.05 sec
Traceback (most recent call last):
  File "/home/voc/projects/snodec/publications/book/companion/exercises/ch01/independent-peers.py", line 8, in <module>
    port = free_port()
  File "/home/voc/projects/snodec/publications/book/companion/exercises/lab_support.py", line 15, in free_port
    with socket.socket() as sock:
         ~~~~~~~~~~~~~^^
  File "/usr/lib/python3.14/socket.py", line 236, in __init__
    _socket.socket.__init__(self, family, type, proto, fileno)
    ~~~~~~~~~~~~~~~~~~~~~~~^^^^^^^^^^^^^^^^^^^^^^^^^^^^^^^^^^^
PermissionError: [Errno 1] Operation not permitted

test 3
      Start  3: exercise-ch02-consumer

3: Test command: /usr/bin/python3 "/home/voc/projects/snodec/publications/book/companion/exercises/ch02/solution.py" "consumer"
3: Working Directory: /home/voc/projects/snodec/publications/book/build/proposal-readiness-phase-5d-examples/companion/exercises/ch02
3: Test timeout computed to be: 180
3: -- The CXX compiler identification is GNU 16.2.0
3: -- Detecting CXX compiler ABI info
3: -- Detecting CXX compiler ABI info - done
3: -- Check for working CXX compiler: /usr/bin/c++ - skipped
3: -- Detecting CXX compile features
3: -- Detecting CXX compile features - done
3: net-in-stream-legacy: loading dependencies 'net-in-stream, core-socket-stream-legacy'
3:   net-in-stream: loading dependencies 'net-in-phy-stream'
3:     net-in-phy-stream: loading dependencies 'net-in-phy'
3:       net-in-phy: loading dependencies 'net-in'
3:         net-in: loading dependencies 'net'
3:           net: loading dependencies 'core-socket'
3:             core-socket: loading dependencies 'core'
3:               core: loading dependencies 'mux-epoll, utils'
3:                 mux-epoll: loaded
3:                 utils: loading dependencies 'logger'
3:                   logger: loaded
3:                 utils: loaded
3:               core: loaded
3:             core-socket: loaded
3:           net: loaded
3:         net-in: loaded
3:       net-in-phy: loaded
3:     net-in-phy-stream: loaded
3:   net-in-stream: loaded
3:   core-socket-stream-legacy: loading dependencies 'core-socket-stream'
3:     core-socket-stream: loading dependencies 'core-socket'
3:       core-socket: already loaded
3:     core-socket-stream: loaded
3:   core-socket-stream-legacy: loaded
3: net-in-stream-legacy: loaded
3: -- Configuring done (0.2s)
3: -- Generating done (0.0s)
3: -- Build files have been written to: /tmp/snodec-environment-lab-uj7fc9os/build
3: [ 16%] Building CXX object CMakeFiles/echosocketcontext.dir/EchoSocketContext.cpp.o
3: [ 33%] Linking CXX static library libechosocketcontext.a
3: [ 33%] Built target echosocketcontext
3: [ 50%] Building CXX object CMakeFiles/echoclient.dir/echoclient.cpp.o
3: [ 66%] Building CXX object CMakeFiles/echoserver.dir/echoserver.cpp.o
3: [ 83%] Linking CXX executable echoserver
3: [100%] Linking CXX executable echoclient
3: [100%] Built target echoserver
3: [100%] Built target echoclient
3: PASS: snodec_DIR selects the requested installation: /home/voc/projects/snodec/publications/book/build/ci-fix-2026-09-22/install-gcc/lib/cmake/snodec
3: Traceback (most recent call last):
3:   File "/home/voc/projects/snodec/publications/book/companion/exercises/ch02/solution.py", line 41, in <module>
3:     port = free_port()
3:   File "/home/voc/projects/snodec/publications/book/companion/exercises/lab_support.py", line 15, in free_port
3:     with socket.socket() as sock:
3:          ~~~~~~~~~~~~~^^
3:   File "/usr/lib/python3.14/socket.py", line 236, in __init__
3:     _socket.socket.__init__(self, family, type, proto, fileno)
3:     ~~~~~~~~~~~~~~~~~~~~~~~^^^^^^^^^^^^^^^^^^^^^^^^^^^^^^^^^^^
3: PermissionError: [Errno 1] Operation not permitted
 3/22 Test  #3: exercise-ch02-consumer ............***Failed    3.86 sec
-- The CXX compiler identification is GNU 16.2.0
-- Detecting CXX compiler ABI info
-- Detecting CXX compiler ABI info - done
-- Check for working CXX compiler: /usr/bin/c++ - skipped
-- Detecting CXX compile features
-- Detecting CXX compile features - done
net-in-stream-legacy: loading dependencies 'net-in-stream, core-socket-stream-legacy'
  net-in-stream: loading dependencies 'net-in-phy-stream'
    net-in-phy-stream: loading dependencies 'net-in-phy'
      net-in-phy: loading dependencies 'net-in'
        net-in: loading dependencies 'net'
          net: loading dependencies 'core-socket'
            core-socket: loading dependencies 'core'
              core: loading dependencies 'mux-epoll, utils'
                mux-epoll: loaded
                utils: loading dependencies 'logger'
                  logger: loaded
                utils: loaded
              core: loaded
            core-socket: loaded
          net: loaded
        net-in: loaded
      net-in-phy: loaded
    net-in-phy-stream: loaded
  net-in-stream: loaded
  core-socket-stream-legacy: loading dependencies 'core-socket-stream'
    core-socket-stream: loading dependencies 'core-socket'
      core-socket: already loaded
    core-socket-stream: loaded
  core-socket-stream-legacy: loaded
net-in-stream-legacy: loaded
-- Configuring done (0.2s)
-- Generating done (0.0s)
-- Build files have been written to: /tmp/snodec-environment-lab-uj7fc9os/build
[ 16%] Building CXX object CMakeFiles/echosocketcontext.dir/EchoSocketContext.cpp.o
[ 33%] Linking CXX static library libechosocketcontext.a
[ 33%] Built target echosocketcontext
[ 50%] Building CXX object CMakeFiles/echoclient.dir/echoclient.cpp.o
[ 66%] Building CXX object CMakeFiles/echoserver.dir/echoserver.cpp.o
[ 83%] Linking CXX executable echoserver
[100%] Linking CXX executable echoclient
[100%] Built target echoserver
[100%] Built target echoclient
PASS: snodec_DIR selects the requested installation: /home/voc/projects/snodec/publications/book/build/ci-fix-2026-09-22/install-gcc/lib/cmake/snodec
Traceback (most recent call last):
  File "/home/voc/projects/snodec/publications/book/companion/exercises/ch02/solution.py", line 41, in <module>
    port = free_port()
  File "/home/voc/projects/snodec/publications/book/companion/exercises/lab_support.py", line 15, in free_port
    with socket.socket() as sock:
         ~~~~~~~~~~~~~^^
  File "/usr/lib/python3.14/socket.py", line 236, in __init__
    _socket.socket.__init__(self, family, type, proto, fileno)
    ~~~~~~~~~~~~~~~~~~~~~~~^^^^^^^^^^^^^^^^^^^^^^^^^^^^^^^^^^^
PermissionError: [Errno 1] Operation not permitted

test 4
      Start  4: exercise-ch02-component

4: Test command: /usr/bin/python3 "/home/voc/projects/snodec/publications/book/companion/exercises/ch02/solution.py" "component"
4: Working Directory: /home/voc/projects/snodec/publications/book/build/proposal-readiness-phase-5d-examples/companion/exercises/ch02
4: Test timeout computed to be: 180
4: net-in-stream-legacy: loading dependencies 'net-in-stream, core-socket-stream-legacy'
4:   net-in-stream: loading dependencies 'net-in-phy-stream'
4:     net-in-phy-stream: loading dependencies 'net-in-phy'
4:       net-in-phy: loading dependencies 'net-in'
4:         net-in: loading dependencies 'net'
4:           net: loading dependencies 'core-socket'
4:             core-socket: loading dependencies 'core'
4:               core: loading dependencies 'mux-epoll, utils'
4:                 mux-epoll: loaded
4:                 utils: loading dependencies 'logger'
4:                   logger: loaded
4:                 utils: loaded
4:               core: loaded
4:             core-socket: loaded
4:           net: loaded
4:         net-in: loaded
4:       net-in-phy: loaded
4:     net-in-phy-stream: loaded
4:   net-in-stream: loaded
4:   core-socket-stream-legacy: loading dependencies 'core-socket-stream'
4:     core-socket-stream: loading dependencies 'core-socket'
4:       core-socket: already loaded
4:     core-socket-stream: loaded
4:   core-socket-stream-legacy: loaded
4: net-in-stream-legacy: loaded
4: -- Configuring done (0.0s)
4: -- Generating done (0.0s)
4: -- Build files have been written to: /tmp/snodec-environment-lab-kx4oiqm4/build
4: [ 16%] Building CXX object CMakeFiles/echosocketcontext.dir/EchoSocketContext.cpp.o
4: [ 33%] Linking CXX static library libechosocketcontext.a
4: [ 33%] Built target echosocketcontext
4: [ 66%] Building CXX object CMakeFiles/echoserver.dir/echoserver.cpp.o
4: [ 66%] Building CXX object CMakeFiles/echoclient.dir/echoclient.cpp.o
4: [ 83%] Linking CXX executable echoserver
4: [100%] Linking CXX executable echoclient
4: [100%] Built target echoserver
4: [100%] Built target echoclient
4: -- The CXX compiler identification is GNU 16.2.0
4: -- Detecting CXX compiler ABI info
4: -- Detecting CXX compiler ABI info - done
4: -- Check for working CXX compiler: /usr/bin/c++ - skipped
4: -- Detecting CXX compile features
4: -- Detecting CXX compile features - done
4: CMake Error at CMakeLists.txt:9 (find_package):
4:   Found package configuration file:
4:
4:     /home/voc/projects/snodec/publications/book/build/ci-fix-2026-09-22/install-gcc/lib/cmake/snodec/snodecConfig.cmake
4:
4:   but it set snodec_FOUND to FALSE so package "snodec" is considered to be
4:   NOT FOUND.  Reason given by package:
4:
4:   Unsupported SNode.C component requested: net-in-stream-missing
4:
4:
4:
4: -- Configuring incomplete, errors occurred!
4:
4: PASS: missing component stops configuration before any runtime endpoint exists
4: PASS: snodec_DIR selects the requested installation: /home/voc/projects/snodec/publications/book/build/ci-fix-2026-09-22/install-gcc/lib/cmake/snodec
4: Traceback (most recent call last):
4:   File "/home/voc/projects/snodec/publications/book/companion/exercises/ch02/solution.py", line 41, in <module>
4:     port = free_port()
4:   File "/home/voc/projects/snodec/publications/book/companion/exercises/lab_support.py", line 15, in free_port
4:     with socket.socket() as sock:
4:          ~~~~~~~~~~~~~^^
4:   File "/usr/lib/python3.14/socket.py", line 236, in __init__
4:     _socket.socket.__init__(self, family, type, proto, fileno)
4:     ~~~~~~~~~~~~~~~~~~~~~~~^^^^^^^^^^^^^^^^^^^^^^^^^^^^^^^^^^^
4: PermissionError: [Errno 1] Operation not permitted
 4/22 Test  #4: exercise-ch02-component ...........***Failed    3.89 sec
net-in-stream-legacy: loading dependencies 'net-in-stream, core-socket-stream-legacy'
  net-in-stream: loading dependencies 'net-in-phy-stream'
    net-in-phy-stream: loading dependencies 'net-in-phy'
      net-in-phy: loading dependencies 'net-in'
        net-in: loading dependencies 'net'
          net: loading dependencies 'core-socket'
            core-socket: loading dependencies 'core'
              core: loading dependencies 'mux-epoll, utils'
                mux-epoll: loaded
                utils: loading dependencies 'logger'
                  logger: loaded
                utils: loaded
              core: loaded
            core-socket: loaded
          net: loaded
        net-in: loaded
      net-in-phy: loaded
    net-in-phy-stream: loaded
  net-in-stream: loaded
  core-socket-stream-legacy: loading dependencies 'core-socket-stream'
    core-socket-stream: loading dependencies 'core-socket'
      core-socket: already loaded
    core-socket-stream: loaded
  core-socket-stream-legacy: loaded
net-in-stream-legacy: loaded
-- Configuring done (0.0s)
-- Generating done (0.0s)
-- Build files have been written to: /tmp/snodec-environment-lab-kx4oiqm4/build
[ 16%] Building CXX object CMakeFiles/echosocketcontext.dir/EchoSocketContext.cpp.o
[ 33%] Linking CXX static library libechosocketcontext.a
[ 33%] Built target echosocketcontext
[ 66%] Building CXX object CMakeFiles/echoserver.dir/echoserver.cpp.o
[ 66%] Building CXX object CMakeFiles/echoclient.dir/echoclient.cpp.o
[ 83%] Linking CXX executable echoserver
[100%] Linking CXX executable echoclient
[100%] Built target echoserver
[100%] Built target echoclient
-- The CXX compiler identification is GNU 16.2.0
-- Detecting CXX compiler ABI info
-- Detecting CXX compiler ABI info - done
-- Check for working CXX compiler: /usr/bin/c++ - skipped
-- Detecting CXX compile features
-- Detecting CXX compile features - done
CMake Error at CMakeLists.txt:9 (find_package):
  Found package configuration file:

    /home/voc/projects/snodec/publications/book/build/ci-fix-2026-09-22/install-gcc/lib/cmake/snodec/snodecConfig.cmake

  but it set snodec_FOUND to FALSE so package "snodec" is considered to be
  NOT FOUND.  Reason given by package:

  Unsupported SNode.C component requested: net-in-stream-missing



-- Configuring incomplete, errors occurred!

PASS: missing component stops configuration before any runtime endpoint exists
PASS: snodec_DIR selects the requested installation: /home/voc/projects/snodec/publications/book/build/ci-fix-2026-09-22/install-gcc/lib/cmake/snodec
Traceback (most recent call last):
  File "/home/voc/projects/snodec/publications/book/companion/exercises/ch02/solution.py", line 41, in <module>
    port = free_port()
  File "/home/voc/projects/snodec/publications/book/companion/exercises/lab_support.py", line 15, in free_port
    with socket.socket() as sock:
         ~~~~~~~~~~~~~^^
  File "/usr/lib/python3.14/socket.py", line 236, in __init__
    _socket.socket.__init__(self, family, type, proto, fileno)
    ~~~~~~~~~~~~~~~~~~~~~~~^^^^^^^^^^^^^^^^^^^^^^^^^^^^^^^^^^^
PermissionError: [Errno 1] Operation not permitted

test 5
      Start  5: exercise-ch03

5: Test command: /usr/bin/python3 "/home/voc/projects/snodec/publications/book/companion/exercises/ch03/solution.py" "/home/voc/projects/snodec/publications/book/build/proposal-readiness-phase-5d-examples/companion/examples/EchoPair/echoserver" "/home/voc/projects/snodec/publications/book/build/proposal-readiness-phase-5d-examples/companion/exercises/ch03/greeting-client"
5: Working Directory: /home/voc/projects/snodec/publications/book/build/proposal-readiness-phase-5d-examples/companion/exercises/ch03
5: Test timeout computed to be: 40
5: Traceback (most recent call last):
5:   File "/home/voc/projects/snodec/publications/book/companion/exercises/ch03/solution.py", line 10, in <module>
5:     port = free_port()
5:   File "/home/voc/projects/snodec/publications/book/companion/exercises/lab_support.py", line 15, in free_port
5:     with socket.socket() as sock:
5:          ~~~~~~~~~~~~~^^
5:   File "/usr/lib/python3.14/socket.py", line 236, in __init__
5:     _socket.socket.__init__(self, family, type, proto, fileno)
5:     ~~~~~~~~~~~~~~~~~~~~~~~^^^^^^^^^^^^^^^^^^^^^^^^^^^^^^^^^^^
5: PermissionError: [Errno 1] Operation not permitted
 5/22 Test  #5: exercise-ch03 .....................***Failed    0.06 sec
Traceback (most recent call last):
  File "/home/voc/projects/snodec/publications/book/companion/exercises/ch03/solution.py", line 10, in <module>
    port = free_port()
  File "/home/voc/projects/snodec/publications/book/companion/exercises/lab_support.py", line 15, in free_port
    with socket.socket() as sock:
         ~~~~~~~~~~~~~^^
  File "/usr/lib/python3.14/socket.py", line 236, in __init__
    _socket.socket.__init__(self, family, type, proto, fileno)
    ~~~~~~~~~~~~~~~~~~~~~~~^^^^^^^^^^^^^^^^^^^^^^^^^^^^^^^^^^^
PermissionError: [Errno 1] Operation not permitted

test 6
      Start  6: exercise-ch03-occupied-port

6: Test command: /usr/bin/python3 "/home/voc/projects/snodec/publications/book/companion/exercises/ch03/occupied-port.py" "/home/voc/projects/snodec/publications/book/build/proposal-readiness-phase-5d-examples/companion/examples/EchoPair/echoserver"
6: Working Directory: /home/voc/projects/snodec/publications/book/build/proposal-readiness-phase-5d-examples/companion/exercises/ch03
6: Test timeout computed to be: 40
6: Traceback (most recent call last):
6:   File "/home/voc/projects/snodec/publications/book/companion/exercises/ch03/occupied-port.py", line 8, in <module>
6:     port = free_port()
6:   File "/home/voc/projects/snodec/publications/book/companion/exercises/lab_support.py", line 15, in free_port
6:     with socket.socket() as sock:
6:          ~~~~~~~~~~~~~^^
6:   File "/usr/lib/python3.14/socket.py", line 236, in __init__
6:     _socket.socket.__init__(self, family, type, proto, fileno)
6:     ~~~~~~~~~~~~~~~~~~~~~~~^^^^^^^^^^^^^^^^^^^^^^^^^^^^^^^^^^^
6: PermissionError: [Errno 1] Operation not permitted
 6/22 Test  #6: exercise-ch03-occupied-port .......***Failed    0.06 sec
Traceback (most recent call last):
  File "/home/voc/projects/snodec/publications/book/companion/exercises/ch03/occupied-port.py", line 8, in <module>
    port = free_port()
  File "/home/voc/projects/snodec/publications/book/companion/exercises/lab_support.py", line 15, in free_port
    with socket.socket() as sock:
         ~~~~~~~~~~~~~^^
  File "/usr/lib/python3.14/socket.py", line 236, in __init__
    _socket.socket.__init__(self, family, type, proto, fileno)
    ~~~~~~~~~~~~~~~~~~~~~~~^^^^^^^^^^^^^^^^^^^^^^^^^^^^^^^^^^^
PermissionError: [Errno 1] Operation not permitted

test 7
      Start  7: exercise-ch04-model-instances

7: Test command: /home/voc/projects/snodec/publications/book/build/proposal-readiness-phase-5d-examples/companion/exercises/ch30/model-instances
7: Working Directory: /home/voc/projects/snodec/publications/book/build/proposal-readiness-phase-5d-examples/companion/exercises/ch04
7: Test timeout computed to be: 40
7: PASS: shared inputs accept 1,2; separate model instances each accept 1
 7/22 Test  #7: exercise-ch04-model-instances .....   Passed    0.00 sec
test 8
      Start  8: exercise-ch04-independent-peers

8: Test command: /usr/bin/python3 "/home/voc/projects/snodec/publications/book/companion/exercises/ch04/../ch01/independent-peers.py" "/home/voc/projects/snodec/publications/book/build/proposal-readiness-phase-5d-examples/companion/examples/EchoPair/echoserver"
8: Working Directory: /home/voc/projects/snodec/publications/book/build/proposal-readiness-phase-5d-examples/companion/exercises/ch04
8: Test timeout computed to be: 40
8: Traceback (most recent call last):
8:   File "/home/voc/projects/snodec/publications/book/companion/exercises/ch04/../ch01/independent-peers.py", line 8, in <module>
8:     port = free_port()
8:   File "/home/voc/projects/snodec/publications/book/companion/exercises/lab_support.py", line 15, in free_port
8:     with socket.socket() as sock:
8:          ~~~~~~~~~~~~~^^
8:   File "/usr/lib/python3.14/socket.py", line 236, in __init__
8:     _socket.socket.__init__(self, family, type, proto, fileno)
8:     ~~~~~~~~~~~~~~~~~~~~~~~^^^^^^^^^^^^^^^^^^^^^^^^^^^^^^^^^^^
8: PermissionError: [Errno 1] Operation not permitted
 8/22 Test  #8: exercise-ch04-independent-peers ...***Failed    0.05 sec
Traceback (most recent call last):
  File "/home/voc/projects/snodec/publications/book/companion/exercises/ch04/../ch01/independent-peers.py", line 8, in <module>
    port = free_port()
  File "/home/voc/projects/snodec/publications/book/companion/exercises/lab_support.py", line 15, in free_port
    with socket.socket() as sock:
         ~~~~~~~~~~~~~^^
  File "/usr/lib/python3.14/socket.py", line 236, in __init__
    _socket.socket.__init__(self, family, type, proto, fileno)
    ~~~~~~~~~~~~~~~~~~~~~~~^^^^^^^^^^^^^^^^^^^^^^^^^^^^^^^^^^^
PermissionError: [Errno 1] Operation not permitted

test 9
      Start  9: exercise-ch05-deferred-work

9: Test command: /home/voc/projects/snodec/publications/book/build/proposal-readiness-phase-5d-examples/companion/exercises/ch05/deferred-work
9: Working Directory: /home/voc/projects/snodec/publications/book/build/proposal-readiness-phase-5d-examples/companion/exercises/ch05
9: Environment variables:
9:  XDG_CONFIG_HOME=/home/voc/projects/snodec/publications/book/build/proposal-readiness-phase-5d-examples/companion/exercises/ch05/config
9: Test timeout computed to be: 10
9: PASS: empty trace before start; RUNNING dispatch gives 1,2,3; child sees first callback returned
 9/22 Test  #9: exercise-ch05-deferred-work .......   Passed    0.01 sec
test 10
      Start 10: exercise-ch05-model-checkpoint

10: Test command: /home/voc/projects/snodec/publications/book/build/proposal-readiness-phase-5d-examples/companion/exercises/ch30/model-ownership
10: Working Directory: /home/voc/projects/snodec/publications/book/build/proposal-readiness-phase-5d-examples/companion/exercises/ch05
10: Test timeout computed to be: 10
10: PASS: input 900,2,1 -> accepted 1,2,3; detached observer sees only 1,2
10/22 Test #10: exercise-ch05-model-checkpoint ....   Passed    0.00 sec
test 11
      Start 11: exercise-ch06-ip-families

11: Test command: /usr/bin/python3 "/home/voc/projects/snodec/publications/book/companion/exercises/ch06/families.py" "ipv4" "/home/voc/projects/snodec/publications/book/build/proposal-readiness-phase-5d-examples/companion/exercises/ch06/endpoint-in" "ipv6" "/home/voc/projects/snodec/publications/book/build/proposal-readiness-phase-5d-examples/companion/exercises/ch06/endpoint-in6"
11: Working Directory: /home/voc/projects/snodec/publications/book/build/proposal-readiness-phase-5d-examples/companion/exercises/ch06
11: Test timeout computed to be: 40
11: Traceback (most recent call last):
11:   File "/home/voc/projects/snodec/publications/book/companion/exercises/ch06/families.py", line 23, in <module>
11:     with socket.socket(family) as reservation:
11:          ~~~~~~~~~~~~~^^^^^^^^
11:   File "/usr/lib/python3.14/socket.py", line 236, in __init__
11:     _socket.socket.__init__(self, family, type, proto, fileno)
11:     ~~~~~~~~~~~~~~~~~~~~~~~^^^^^^^^^^^^^^^^^^^^^^^^^^^^^^^^^^^
11: PermissionError: [Errno 1] Operation not permitted
11/22 Test #11: exercise-ch06-ip-families .........***Failed    0.05 sec
Traceback (most recent call last):
  File "/home/voc/projects/snodec/publications/book/companion/exercises/ch06/families.py", line 23, in <module>
    with socket.socket(family) as reservation:
         ~~~~~~~~~~~~~^^^^^^^^
  File "/usr/lib/python3.14/socket.py", line 236, in __init__
    _socket.socket.__init__(self, family, type, proto, fileno)
    ~~~~~~~~~~~~~~~~~~~~~~~^^^^^^^^^^^^^^^^^^^^^^^^^^^^^^^^^^^
PermissionError: [Errno 1] Operation not permitted

test 12
      Start 12: exercise-ch06-unix-path

12: Test command: /usr/bin/python3 "/home/voc/projects/snodec/publications/book/companion/exercises/ch06/families.py" "unix" "/home/voc/projects/snodec/publications/book/build/proposal-readiness-phase-5d-examples/companion/exercises/ch06/endpoint-un"
12: Working Directory: /home/voc/projects/snodec/publications/book/build/proposal-readiness-phase-5d-examples/companion/exercises/ch06
12: Test timeout computed to be: 40
12:
12: Traceback (most recent call last):
12:   File "/home/voc/projects/snodec/publications/book/companion/exercises/lab_support.py", line 33, in running
12:     yield process, path
12:   File "/home/voc/projects/snodec/publications/book/companion/exercises/ch06/families.py", line 33, in <module>
12:     peer.bind(own)
12:     ~~~~~~~~~^^^^^
12: PermissionError: [Errno 1] Operation not permitted
12:
12: During handling of the above exception, another exception occurred:
12:
12: Traceback (most recent call last):
12:   File "/home/voc/projects/snodec/publications/book/companion/exercises/ch06/families.py", line 27, in <module>
12:     with running(binary, args) as (process, log):
12:          ~~~~~~~^^^^^^^^^^^^^^
12:   File "/usr/lib/python3.14/contextlib.py", line 162, in __exit__
12:     self.gen.throw(value)
12:     ~~~~~~~~~~~~~~^^^^^^^
12:   File "/home/voc/projects/snodec/publications/book/companion/exercises/lab_support.py", line 51, in running
12:     raise RuntimeError(f'Process exited {process.returncode}: {path.read_text(errors="replace")[-4000:]}')
12: RuntimeError: Process exited -2:
12/22 Test #12: exercise-ch06-unix-path ...........***Failed    0.06 sec

Traceback (most recent call last):
  File "/home/voc/projects/snodec/publications/book/companion/exercises/lab_support.py", line 33, in running
    yield process, path
  File "/home/voc/projects/snodec/publications/book/companion/exercises/ch06/families.py", line 33, in <module>
    peer.bind(own)
    ~~~~~~~~~^^^^^
PermissionError: [Errno 1] Operation not permitted

During handling of the above exception, another exception occurred:

Traceback (most recent call last):
  File "/home/voc/projects/snodec/publications/book/companion/exercises/ch06/families.py", line 27, in <module>
    with running(binary, args) as (process, log):
         ~~~~~~~^^^^^^^^^^^^^^
  File "/usr/lib/python3.14/contextlib.py", line 162, in __exit__
    self.gen.throw(value)
    ~~~~~~~~~~~~~~^^^^^^^
  File "/home/voc/projects/snodec/publications/book/companion/exercises/lab_support.py", line 51, in running
    raise RuntimeError(f'Process exited {process.returncode}: {path.read_text(errors="replace")[-4000:]}')
RuntimeError: Process exited -2:

test 13
      Start 13: exercise-ch07-independent-peers

13: Test command: /usr/bin/python3 "/home/voc/projects/snodec/publications/book/companion/exercises/ch07/../ch01/independent-peers.py" "/home/voc/projects/snodec/publications/book/build/proposal-readiness-phase-5d-examples/companion/examples/EchoPair/echoserver"
13: Working Directory: /home/voc/projects/snodec/publications/book/build/proposal-readiness-phase-5d-examples/companion/exercises/ch07
13: Test timeout computed to be: 40
13: Traceback (most recent call last):
13:   File "/home/voc/projects/snodec/publications/book/companion/exercises/ch07/../ch01/independent-peers.py", line 8, in <module>
13:     port = free_port()
13:   File "/home/voc/projects/snodec/publications/book/companion/exercises/lab_support.py", line 15, in free_port
13:     with socket.socket() as sock:
13:          ~~~~~~~~~~~~~^^
13:   File "/usr/lib/python3.14/socket.py", line 236, in __init__
13:     _socket.socket.__init__(self, family, type, proto, fileno)
13:     ~~~~~~~~~~~~~~~~~~~~~~~^^^^^^^^^^^^^^^^^^^^^^^^^^^^^^^^^^^
13: PermissionError: [Errno 1] Operation not permitted
13/22 Test #13: exercise-ch07-independent-peers ...***Failed    0.05 sec
Traceback (most recent call last):
  File "/home/voc/projects/snodec/publications/book/companion/exercises/ch07/../ch01/independent-peers.py", line 8, in <module>
    port = free_port()
  File "/home/voc/projects/snodec/publications/book/companion/exercises/lab_support.py", line 15, in free_port
    with socket.socket() as sock:
         ~~~~~~~~~~~~~^^
  File "/usr/lib/python3.14/socket.py", line 236, in __init__
    _socket.socket.__init__(self, family, type, proto, fileno)
    ~~~~~~~~~~~~~~~~~~~~~~~^^^^^^^^^^^^^^^^^^^^^^^^^^^^^^^^^^^
PermissionError: [Errno 1] Operation not permitted

test 14
      Start 14: exercise-ch07-occupied-endpoint

14: Test command: /usr/bin/python3 "/home/voc/projects/snodec/publications/book/companion/exercises/ch07/../ch03/occupied-port.py" "/home/voc/projects/snodec/publications/book/build/proposal-readiness-phase-5d-examples/companion/examples/EchoPair/echoserver"
14: Working Directory: /home/voc/projects/snodec/publications/book/build/proposal-readiness-phase-5d-examples/companion/exercises/ch07
14: Test timeout computed to be: 40
14: Traceback (most recent call last):
14:   File "/home/voc/projects/snodec/publications/book/companion/exercises/ch07/../ch03/occupied-port.py", line 8, in <module>
14:     port = free_port()
14:   File "/home/voc/projects/snodec/publications/book/companion/exercises/lab_support.py", line 15, in free_port
14:     with socket.socket() as sock:
14:          ~~~~~~~~~~~~~^^
14:   File "/usr/lib/python3.14/socket.py", line 236, in __init__
14:     _socket.socket.__init__(self, family, type, proto, fileno)
14:     ~~~~~~~~~~~~~~~~~~~~~~~^^^^^^^^^^^^^^^^^^^^^^^^^^^^^^^^^^^
14: PermissionError: [Errno 1] Operation not permitted
14/22 Test #14: exercise-ch07-occupied-endpoint ...***Failed    0.05 sec
Traceback (most recent call last):
  File "/home/voc/projects/snodec/publications/book/companion/exercises/ch07/../ch03/occupied-port.py", line 8, in <module>
    port = free_port()
  File "/home/voc/projects/snodec/publications/book/companion/exercises/lab_support.py", line 15, in free_port
    with socket.socket() as sock:
         ~~~~~~~~~~~~~^^
  File "/usr/lib/python3.14/socket.py", line 236, in __init__
    _socket.socket.__init__(self, family, type, proto, fileno)
    ~~~~~~~~~~~~~~~~~~~~~~~^^^^^^^^^^^^^^^^^^^^^^^^^^^^^^^^^^^
PermissionError: [Errno 1] Operation not permitted

test 15
      Start 15: exercise-ch08-selectors

15: Test command: /home/voc/projects/snodec/publications/book/build/proposal-readiness-phase-5d-examples/companion/exercises/ch08/bluetooth-selectors
15: Working Directory: /home/voc/projects/snodec/publications/book/build/proposal-readiness-phase-5d-examples/companion/exercises/ch08
15: Test timeout computed to be: 40
15: Default: empty configured device string, zero selectors
15: RFCOMM 10:3D:1C:AC:BA:9C:16
15: L2CAP 10:3D:1C:AC:BA:9C:4097
15: PASS: one device; channel 16 and PSM 4097 (0x1001); no radio operation
15/22 Test #15: exercise-ch08-selectors ...........   Passed    0.00 sec
test 16
      Start 16: exercise-ch08-part-checkpoint

16: Test command: /usr/bin/python3 "/home/voc/projects/snodec/publications/book/companion/exercises/ch08/../ch06/families.py" "ipv4" "/home/voc/projects/snodec/publications/book/build/proposal-readiness-phase-5d-examples/companion/exercises/ch06/endpoint-in" "unix" "/home/voc/projects/snodec/publications/book/build/proposal-readiness-phase-5d-examples/companion/exercises/ch06/endpoint-un"
16: Working Directory: /home/voc/projects/snodec/publications/book/build/proposal-readiness-phase-5d-examples/companion/exercises/ch08
16: Test timeout computed to be: 40
16: Traceback (most recent call last):
16:   File "/home/voc/projects/snodec/publications/book/companion/exercises/ch08/../ch06/families.py", line 23, in <module>
16:     with socket.socket(family) as reservation:
16:          ~~~~~~~~~~~~~^^^^^^^^
16:   File "/usr/lib/python3.14/socket.py", line 236, in __init__
16:     _socket.socket.__init__(self, family, type, proto, fileno)
16:     ~~~~~~~~~~~~~~~~~~~~~~~^^^^^^^^^^^^^^^^^^^^^^^^^^^^^^^^^^^
16: PermissionError: [Errno 1] Operation not permitted
16/22 Test #16: exercise-ch08-part-checkpoint .....***Failed    0.06 sec
Traceback (most recent call last):
  File "/home/voc/projects/snodec/publications/book/companion/exercises/ch08/../ch06/families.py", line 23, in <module>
    with socket.socket(family) as reservation:
         ~~~~~~~~~~~~~^^^^^^^^
  File "/usr/lib/python3.14/socket.py", line 236, in __init__
    _socket.socket.__init__(self, family, type, proto, fileno)
    ~~~~~~~~~~~~~~~~~~~~~~~^^^^^^^^^^^^^^^^^^^^^^^^^^^^^^^^^^^
PermissionError: [Errno 1] Operation not permitted

test 17
      Start 17: exercise-ch18

17: Test command: /usr/bin/python3 "/home/voc/projects/snodec/publications/book/companion/exercises/ch18/solution.py" "/home/voc/projects/snodec/publications/book/build/proposal-readiness-phase-5d-examples/companion/examples/SSE-Server/sse-server"
17: Working Directory: /home/voc/projects/snodec/publications/book/build/proposal-readiness-phase-5d-examples/companion/exercises/ch18
17: Test timeout computed to be: 40
17: Traceback (most recent call last):
17:   File "/home/voc/projects/snodec/publications/book/companion/exercises/ch18/solution.py", line 8, in <module>
17:     port = free_port()
17:   File "/home/voc/projects/snodec/publications/book/companion/exercises/lab_support.py", line 15, in free_port
17:     with socket.socket() as sock:
17:          ~~~~~~~~~~~~~^^
17:   File "/usr/lib/python3.14/socket.py", line 236, in __init__
17:     _socket.socket.__init__(self, family, type, proto, fileno)
17:     ~~~~~~~~~~~~~~~~~~~~~~~^^^^^^^^^^^^^^^^^^^^^^^^^^^^^^^^^^^
17: PermissionError: [Errno 1] Operation not permitted
17/22 Test #17: exercise-ch18 .....................***Failed    0.06 sec
Traceback (most recent call last):
  File "/home/voc/projects/snodec/publications/book/companion/exercises/ch18/solution.py", line 8, in <module>
    port = free_port()
  File "/home/voc/projects/snodec/publications/book/companion/exercises/lab_support.py", line 15, in free_port
    with socket.socket() as sock:
         ~~~~~~~~~~~~~^^
  File "/usr/lib/python3.14/socket.py", line 236, in __init__
    _socket.socket.__init__(self, family, type, proto, fileno)
    ~~~~~~~~~~~~~~~~~~~~~~~^^^^^^^^^^^^^^^^^^^^^^^^^^^^^^^^^^^
PermissionError: [Errno 1] Operation not permitted

test 18
      Start 18: exercise-ch18-observers

18: Test command: /usr/bin/python3 "/home/voc/projects/snodec/publications/book/companion/exercises/ch18/observers.py" "/home/voc/projects/snodec/publications/book/build/proposal-readiness-phase-5d-examples/companion/examples/SSE-Server/sse-server"
18: Working Directory: /home/voc/projects/snodec/publications/book/build/proposal-readiness-phase-5d-examples/companion/exercises/ch18
18: Test timeout computed to be: 40
18: Traceback (most recent call last):
18:   File "/home/voc/projects/snodec/publications/book/companion/exercises/ch18/observers.py", line 8, in <module>
18:     port = free_port()
18:   File "/home/voc/projects/snodec/publications/book/companion/exercises/lab_support.py", line 15, in free_port
18:     with socket.socket() as sock:
18:          ~~~~~~~~~~~~~^^
18:   File "/usr/lib/python3.14/socket.py", line 236, in __init__
18:     _socket.socket.__init__(self, family, type, proto, fileno)
18:     ~~~~~~~~~~~~~~~~~~~~~~~^^^^^^^^^^^^^^^^^^^^^^^^^^^^^^^^^^^
18: PermissionError: [Errno 1] Operation not permitted
18/22 Test #18: exercise-ch18-observers ...........***Failed    0.06 sec
Traceback (most recent call last):
  File "/home/voc/projects/snodec/publications/book/companion/exercises/ch18/observers.py", line 8, in <module>
    port = free_port()
  File "/home/voc/projects/snodec/publications/book/companion/exercises/lab_support.py", line 15, in free_port
    with socket.socket() as sock:
         ~~~~~~~~~~~~~^^
  File "/usr/lib/python3.14/socket.py", line 236, in __init__
    _socket.socket.__init__(self, family, type, proto, fileno)
    ~~~~~~~~~~~~~~~~~~~~~~~^^^^^^^^^^^^^^^^^^^^^^^^^^^^^^^^^^^
PermissionError: [Errno 1] Operation not permitted

test 19
      Start 19: exercise-ch28

19: Test command: /usr/bin/python3 "/home/voc/projects/snodec/publications/book/companion/exercises/ch28/solution.py" "/home/voc/projects/snodec/publications/book/build/proposal-readiness-phase-5d-examples/companion/examples/MiniGateway/minigateway"
19: Working Directory: /home/voc/projects/snodec/publications/book/build/proposal-readiness-phase-5d-examples/companion/exercises/ch28
19: Test timeout computed to be: 40
19: Traceback (most recent call last):
19:   File "/home/voc/projects/snodec/publications/book/companion/exercises/ch28/solution.py", line 9, in <module>
19:     with socket.socket() as unavailable:
19:          ~~~~~~~~~~~~~^^
19:   File "/usr/lib/python3.14/socket.py", line 236, in __init__
19:     _socket.socket.__init__(self, family, type, proto, fileno)
19:     ~~~~~~~~~~~~~~~~~~~~~~~^^^^^^^^^^^^^^^^^^^^^^^^^^^^^^^^^^^
19: PermissionError: [Errno 1] Operation not permitted
19/22 Test #19: exercise-ch28 .....................***Failed    0.05 sec
Traceback (most recent call last):
  File "/home/voc/projects/snodec/publications/book/companion/exercises/ch28/solution.py", line 9, in <module>
    with socket.socket() as unavailable:
         ~~~~~~~~~~~~~^^
  File "/usr/lib/python3.14/socket.py", line 236, in __init__
    _socket.socket.__init__(self, family, type, proto, fileno)
    ~~~~~~~~~~~~~~~~~~~~~~~^^^^^^^^^^^^^^^^^^^^^^^^^^^^^^^^^^^
PermissionError: [Errno 1] Operation not permitted

test 20
      Start 20: exercise-ch28-validation

20: Test command: /home/voc/projects/snodec/publications/book/build/proposal-readiness-phase-5d-examples/companion/exercises/ch28/measurement-validation
20: Working Directory: /home/voc/projects/snodec/publications/book/build/proposal-readiness-phase-5d-examples/companion/exercises/ch28
20: Test timeout computed to be: 10000000
20: PASS: three invalid inputs leave state and notifications unchanged; next acceptance is 2
20/22 Test #20: exercise-ch28-validation ..........   Passed    0.00 sec
test 21
      Start 21: exercise-ch30

21: Test command: /home/voc/projects/snodec/publications/book/build/proposal-readiness-phase-5d-examples/companion/exercises/ch30/model-ownership
21: Working Directory: /home/voc/projects/snodec/publications/book/build/proposal-readiness-phase-5d-examples/companion/exercises/ch30
21: Test timeout computed to be: 10000000
21: PASS: input 900,2,1 -> accepted 1,2,3; detached observer sees only 1,2
21/22 Test #21: exercise-ch30 .....................   Passed    0.00 sec
test 22
      Start 22: exercise-ch30-model-instances

22: Test command: /home/voc/projects/snodec/publications/book/build/proposal-readiness-phase-5d-examples/companion/exercises/ch30/model-instances
22: Working Directory: /home/voc/projects/snodec/publications/book/build/proposal-readiness-phase-5d-examples/companion/exercises/ch30
22: Test timeout computed to be: 10000000
22: PASS: shared inputs accept 1,2; separate model instances each accept 1
22/22 Test #22: exercise-ch30-model-instances .....   Passed    0.00 sec

32% tests passed, 15 tests failed out of 22

Total Test time (real) =   8.51 sec

The following tests FAILED:
	  1 - exercise-ch01 (Failed)
	  2 - exercise-ch01-independent-peers (Failed)
	  3 - exercise-ch02-consumer (Failed)
	  4 - exercise-ch02-component (Failed)
	  5 - exercise-ch03 (Failed)
	  6 - exercise-ch03-occupied-port (Failed)
	  8 - exercise-ch04-independent-peers (Failed)
	 11 - exercise-ch06-ip-families (Failed)
	 12 - exercise-ch06-unix-path (Failed)
	 13 - exercise-ch07-independent-peers (Failed)
	 14 - exercise-ch07-occupied-endpoint (Failed)
	 16 - exercise-ch08-part-checkpoint (Failed)
	 17 - exercise-ch18 (Failed)
	 18 - exercise-ch18-observers (Failed)
	 19 - exercise-ch28 (Failed)
Errors while running CTest
