UpdateCTestConfiguration  from :/home/voc/projects/snodec/publications/book/build/proposal-readiness-phase-2-examples/DartConfiguration.tcl
Test project /home/voc/projects/snodec/publications/book/build/proposal-readiness-phase-2-examples
Constructing a list of tests
Done constructing a list of tests
Updating test list for fixtures
Added 0 tests to meet fixture requirements
Checking test dependency graph...
Checking test dependency graph end
test 1
      Start  1: exercise-ch01

1: Test command: /usr/bin/python3 "/home/voc/projects/snodec/publications/book/companion/exercises/ch01/solution.py" "/home/voc/projects/snodec/publications/book/build/proposal-readiness-phase-2-examples/companion/examples/EchoPair/echoserver" "/home/voc/projects/snodec/publications/book/build/proposal-readiness-phase-2-examples/companion/examples/Comparison-AsioEcho/asio-echo"
1: Working Directory: /home/voc/projects/snodec/publications/book/build/proposal-readiness-phase-2-examples/companion/exercises/ch01
1: Test timeout computed to be: 40
1: PASS: snodec: 20480 binary bytes unchanged; next connection also works
1: PASS: asio: 20480 binary bytes unchanged; next connection also works
 1/10 Test  #1: exercise-ch01 .....................   Passed    0.20 sec
test 2
      Start  2: exercise-ch01-independent-peers

2: Test command: /usr/bin/python3 "/home/voc/projects/snodec/publications/book/companion/exercises/ch01/independent-peers.py" "/home/voc/projects/snodec/publications/book/build/proposal-readiness-phase-2-examples/companion/examples/EchoPair/echoserver" "/home/voc/projects/snodec/publications/book/build/proposal-readiness-phase-2-examples/companion/examples/Comparison-AsioEcho/asio-echo"
2: Working Directory: /home/voc/projects/snodec/publications/book/build/proposal-readiness-phase-2-examples/companion/exercises/ch01
2: Test timeout computed to be: 40
2: PASS: snodec: active peer works while another is idle and after it closes
2: PASS: asio: active peer works while another is idle and after it closes
 2/10 Test  #2: exercise-ch01-independent-peers ...   Passed    0.11 sec
test 3
      Start  3: exercise-ch03

3: Test command: /usr/bin/python3 "/home/voc/projects/snodec/publications/book/companion/exercises/ch03/solution.py" "/home/voc/projects/snodec/publications/book/build/proposal-readiness-phase-2-examples/companion/examples/EchoPair/echoserver" "/home/voc/projects/snodec/publications/book/build/proposal-readiness-phase-2-examples/companion/exercises/ch03/greeting-client"
3: Working Directory: /home/voc/projects/snodec/publications/book/build/proposal-readiness-phase-2-examples/companion/exercises/ch03
3: Test timeout computed to be: 40
3: PASS: EchoPair receives Learning by echo
3: PASS: changed greeting and unchanged binary reflection with a controlled peer
 3/10 Test  #3: exercise-ch03 .....................   Passed    0.11 sec
test 4
      Start  4: exercise-ch03-occupied-port

4: Test command: /usr/bin/python3 "/home/voc/projects/snodec/publications/book/companion/exercises/ch03/occupied-port.py" "/home/voc/projects/snodec/publications/book/build/proposal-readiness-phase-2-examples/companion/examples/EchoPair/echoserver"
4: Working Directory: /home/voc/projects/snodec/publications/book/build/proposal-readiness-phase-2-examples/companion/exercises/ch03
4: Test timeout computed to be: 40
4: PASS: second listener reports occupied endpoint; original owner still reflects bytes
 4/10 Test  #4: exercise-ch03-occupied-port .......   Passed    0.11 sec
test 5
      Start  5: exercise-ch23

5: Test command: /usr/bin/python3 "/home/voc/projects/snodec/publications/book/companion/exercises/ch23/solution.py" "/home/voc/projects/snodec/publications/book/build/proposal-readiness-phase-2-examples/companion/examples/SSE-Server/sse-server"
5: Working Directory: /home/voc/projects/snodec/publications/book/build/proposal-readiness-phase-2-examples/companion/exercises/ch23
5: Test timeout computed to be: 40
5: PASS: 406 on restricted Accept; two matching live events; reconnect starts at current state
 5/10 Test  #5: exercise-ch23 .....................   Passed    0.09 sec
test 6
      Start  6: exercise-ch23-observers

6: Test command: /usr/bin/python3 "/home/voc/projects/snodec/publications/book/companion/exercises/ch23/observers.py" "/home/voc/projects/snodec/publications/book/build/proposal-readiness-phase-2-examples/companion/examples/SSE-Server/sse-server"
6: Working Directory: /home/voc/projects/snodec/publications/book/build/proposal-readiness-phase-2-examples/companion/exercises/ch23
6: Test timeout computed to be: 40
6: PASS: both observers see the same acceptance; remaining observer continues after peer closes
 6/10 Test  #6: exercise-ch23-observers ...........   Passed    0.09 sec
test 7
      Start  7: exercise-ch35

7: Test command: /usr/bin/python3 "/home/voc/projects/snodec/publications/book/companion/exercises/ch35/solution.py" "/home/voc/projects/snodec/publications/book/build/proposal-readiness-phase-2-examples/companion/examples/MiniGateway/minigateway"
7: Working Directory: /home/voc/projects/snodec/publications/book/build/proposal-readiness-phase-2-examples/companion/exercises/ch35
7: Test timeout computed to be: 40
7: PASS: HTTP/status/SSE agree without MQTT; restart resets sequence to zero
 7/10 Test  #7: exercise-ch35 .....................   Passed    0.13 sec
test 8
      Start  8: exercise-ch35-validation

8: Test command: /home/voc/projects/snodec/publications/book/build/proposal-readiness-phase-2-examples/companion/exercises/ch35/measurement-validation
8: Working Directory: /home/voc/projects/snodec/publications/book/build/proposal-readiness-phase-2-examples/companion/exercises/ch35
8: Test timeout computed to be: 10000000
8: PASS: three invalid inputs leave state and notifications unchanged; next acceptance is 2
 8/10 Test  #8: exercise-ch35-validation ..........   Passed    0.00 sec
test 9
      Start  9: exercise-ch37

9: Test command: /home/voc/projects/snodec/publications/book/build/proposal-readiness-phase-2-examples/companion/exercises/ch37/model-ownership
9: Working Directory: /home/voc/projects/snodec/publications/book/build/proposal-readiness-phase-2-examples/companion/exercises/ch37
9: Test timeout computed to be: 10000000
9: PASS: input 900,2,1 -> accepted 1,2,3; detached observer sees only 1,2
 9/10 Test  #9: exercise-ch37 .....................   Passed    0.00 sec
test 10
      Start 10: exercise-ch37-model-instances

10: Test command: /home/voc/projects/snodec/publications/book/build/proposal-readiness-phase-2-examples/companion/exercises/ch37/model-instances
10: Working Directory: /home/voc/projects/snodec/publications/book/build/proposal-readiness-phase-2-examples/companion/exercises/ch37
10: Test timeout computed to be: 10000000
10: PASS: shared inputs accept 1,2; separate model instances each accept 1
10/10 Test #10: exercise-ch37-model-instances .....   Passed    0.00 sec

100% tests passed, 0 tests failed out of 10

Total Test time (real) =   0.84 sec
