Source alignment passed: 38 chapter evidence records, 36 exact complete listings; SNode.C 2.0.0, base 1f0f728fc9b3b45174f2cd790d83b2f493e58af1, working-tree digest c83b6344c09b1b1a106bac2fb47cabd0c21543d6e66c19a5432303378770eebf
NOTICE: using a supplied installation; this run does not verify its framework commit or run framework CTests.
net-in-stream-legacy: loading dependencies 'net-in-stream, core-socket-stream-legacy'
  net-in-stream: loading dependencies 'net-in-phy-stream'
    net-in-phy-stream: loading dependencies 'net-in-phy'
      net-in-phy: loading dependencies 'net-in'
        net-in: loading dependencies 'net'
          net: loading dependencies 'core-socket'
            core-socket: loading dependencies 'core'
              core: loading dependencies 'mux-epoll, utils'
                mux-epoll: loaded
                utils: loading dependencies 'logger'
                  logger: loaded
                utils: loaded
              core: loaded
            core-socket: loaded
          net: loaded
        net-in: loaded
      net-in-phy: loaded
    net-in-phy-stream: loaded
  net-in-stream: loaded
  core-socket-stream-legacy: loading dependencies 'core-socket-stream'
    core-socket-stream: loading dependencies 'core-socket'
      core-socket: already loaded
    core-socket-stream: loaded
  core-socket-stream-legacy: loaded
net-in-stream-legacy: loaded
core: loading dependencies 'mux-epoll, utils'
  mux-epoll: loaded
  utils: loading dependencies 'logger'
    logger: loaded
  utils: loaded
core: loaded
http-server-express-legacy-in: loading dependencies 'net-in-stream-legacy, http-server-express'
  net-in-stream-legacy: loading dependencies 'net-in-stream, core-socket-stream-legacy'
    net-in-stream: loading dependencies 'net-in-phy-stream'
      net-in-phy-stream: loading dependencies 'net-in-phy'
        net-in-phy: loading dependencies 'net-in'
          net-in: loading dependencies 'net'
            net: loading dependencies 'core-socket'
              core-socket: loading dependencies 'core'
                core: loading dependencies 'mux-epoll, utils'
                  mux-epoll: loaded
                  utils: loading dependencies 'logger'
                    logger: loaded
                  utils: loaded
                core: loaded
              core-socket: loaded
            net: loaded
          net-in: loaded
        net-in-phy: loaded
      net-in-phy-stream: loaded
    net-in-stream: loaded
    core-socket-stream-legacy: loading dependencies 'core-socket-stream'
      core-socket-stream: loading dependencies 'core-socket'
        core-socket: already loaded
      core-socket-stream: loaded
    core-socket-stream-legacy: loaded
  net-in-stream-legacy: loaded
  http-server-express: loading dependencies 'http-server'
    http-server: loading dependencies 'http'
      http: loading dependencies 'core-socket-stream'
        core-socket-stream: already loaded
      http: loaded
      http: configured
    http-server: loaded
  http-server-express: loaded
http-server-express-legacy-in: loaded
websocket-server: loading dependencies 'websocket, http-server'
  websocket: loading dependencies 'utils'
    utils: already loaded
  websocket: loaded
  websocket: configured
  http-server: already loaded
websocket-server: loaded
http-client: loading dependencies 'http'
  http: loading dependencies 'core-socket-stream'
    core-socket-stream: loading dependencies 'core-socket'
      core-socket: loading dependencies 'core'
        core: loading dependencies 'mux-epoll, utils'
          mux-epoll: loaded
          utils: loading dependencies 'logger'
            logger: loaded
          utils: loaded
        core: loaded
      core-socket: loaded
    core-socket-stream: loaded
  http: loaded
  http: configured
http-client: loaded
net-in-stream-legacy: loading dependencies 'net-in-stream, core-socket-stream-legacy'
  net-in-stream: loading dependencies 'net-in-phy-stream'
    net-in-phy-stream: loading dependencies 'net-in-phy'
      net-in-phy: loading dependencies 'net-in'
        net-in: loading dependencies 'net'
          net: loading dependencies 'core-socket'
            core-socket: already loaded
          net: loaded
        net-in: loaded
      net-in-phy: loaded
    net-in-phy-stream: loaded
  net-in-stream: loaded
  core-socket-stream-legacy: loading dependencies 'core-socket-stream'
    core-socket-stream: already loaded
  core-socket-stream-legacy: loaded
net-in-stream-legacy: loaded
websocket-client: loading dependencies 'websocket, http-client'
  websocket: loading dependencies 'utils'
    utils: already loaded
  websocket: loaded
  websocket: configured
  http-client: already loaded
websocket-client: loaded
http-server-express-legacy-in: loading dependencies 'net-in-stream-legacy, http-server-express'
  net-in-stream-legacy: loading dependencies 'net-in-stream, core-socket-stream-legacy'
    net-in-stream: loading dependencies 'net-in-phy-stream'
      net-in-phy-stream: loading dependencies 'net-in-phy'
        net-in-phy: loading dependencies 'net-in'
          net-in: loading dependencies 'net'
            net: loading dependencies 'core-socket'
              core-socket: loading dependencies 'core'
                core: loading dependencies 'mux-epoll, utils'
                  mux-epoll: loaded
                  utils: loading dependencies 'logger'
                    logger: loaded
                  utils: loaded
                core: loaded
              core-socket: loaded
            net: loaded
          net-in: loaded
        net-in-phy: loaded
      net-in-phy-stream: loaded
    net-in-stream: loaded
    core-socket-stream-legacy: loading dependencies 'core-socket-stream'
      core-socket-stream: loading dependencies 'core-socket'
        core-socket: already loaded
      core-socket-stream: loaded
    core-socket-stream-legacy: loaded
  net-in-stream-legacy: loaded
  http-server-express: loading dependencies 'http-server'
    http-server: loading dependencies 'http'
      http: loading dependencies 'core-socket-stream'
        core-socket-stream: already loaded
      http: loaded
      http: configured
    http-server: loaded
  http-server-express: loaded
http-server-express-legacy-in: loaded
http-client: loading dependencies 'http'
  http: loading dependencies 'core-socket-stream'
    core-socket-stream: loading dependencies 'core-socket'
      core-socket: loading dependencies 'core'
        core: loading dependencies 'mux-epoll, utils'
          mux-epoll: loaded
          utils: loading dependencies 'logger'
            logger: loaded
          utils: loaded
        core: loaded
      core-socket: loaded
    core-socket-stream: loaded
  http: loaded
  http: configured
http-client: loaded
net-in-stream-legacy: loading dependencies 'net-in-stream, core-socket-stream-legacy'
  net-in-stream: loading dependencies 'net-in-phy-stream'
    net-in-phy-stream: loading dependencies 'net-in-phy'
      net-in-phy: loading dependencies 'net-in'
        net-in: loading dependencies 'net'
          net: loading dependencies 'core-socket'
            core-socket: already loaded
          net: loaded
        net-in: loaded
      net-in-phy: loaded
    net-in-phy-stream: loaded
  net-in-stream: loaded
  core-socket-stream-legacy: loading dependencies 'core-socket-stream'
    core-socket-stream: already loaded
  core-socket-stream-legacy: loaded
net-in-stream-legacy: loaded
websocket-server: loading dependencies 'websocket, http-server'
  websocket: loading dependencies 'utils'
    utils: loading dependencies 'logger'
      logger: loaded
    utils: loaded
  websocket: loaded
  websocket: configured
  http-server: loading dependencies 'http'
    http: loading dependencies 'core-socket-stream'
      core-socket-stream: loading dependencies 'core-socket'
        core-socket: loading dependencies 'core'
          core: loading dependencies 'mux-epoll, utils'
            mux-epoll: loaded
            utils: already loaded
          core: loaded
        core-socket: loaded
      core-socket-stream: loaded
    http: loaded
    http: configured
  http-server: loaded
websocket-server: loaded
websocket-client: loading dependencies 'websocket, http-client'
  websocket: loading dependencies 'utils'
    utils: loading dependencies 'logger'
      logger: loaded
    utils: loaded
  websocket: loaded
  websocket: configured
  http-client: loading dependencies 'http'
    http: loading dependencies 'core-socket-stream'
      core-socket-stream: loading dependencies 'core-socket'
        core-socket: loading dependencies 'core'
          core: loading dependencies 'mux-epoll, utils'
            mux-epoll: loaded
            utils: already loaded
          core: loaded
        core-socket: loaded
      core-socket-stream: loaded
    http: loaded
    http: configured
  http-client: loaded
websocket-client: loaded
net-in-stream-legacy: loading dependencies 'net-in-stream, core-socket-stream-legacy'
  net-in-stream: loading dependencies 'net-in-phy-stream'
    net-in-phy-stream: loading dependencies 'net-in-phy'
      net-in-phy: loading dependencies 'net-in'
        net-in: loading dependencies 'net'
          net: loading dependencies 'core-socket'
            core-socket: loading dependencies 'core'
              core: loading dependencies 'mux-epoll, utils'
                mux-epoll: loaded
                utils: loading dependencies 'logger'
                  logger: loaded
                utils: loaded
              core: loaded
            core-socket: loaded
          net: loaded
        net-in: loaded
      net-in-phy: loaded
    net-in-phy-stream: loaded
  net-in-stream: loaded
  core-socket-stream-legacy: loading dependencies 'core-socket-stream'
    core-socket-stream: loading dependencies 'core-socket'
      core-socket: already loaded
    core-socket-stream: loaded
  core-socket-stream-legacy: loaded
net-in-stream-legacy: loaded
net-in-stream-legacy: loading dependencies 'net-in-stream, core-socket-stream-legacy'
  net-in-stream: loading dependencies 'net-in-phy-stream'
    net-in-phy-stream: loading dependencies 'net-in-phy'
      net-in-phy: loading dependencies 'net-in'
        net-in: loading dependencies 'net'
          net: loading dependencies 'core-socket'
            core-socket: loading dependencies 'core'
              core: loading dependencies 'mux-epoll, utils'
                mux-epoll: loaded
                utils: loading dependencies 'logger'
                  logger: loaded
                utils: loaded
              core: loaded
            core-socket: loaded
          net: loaded
        net-in: loaded
      net-in-phy: loaded
    net-in-phy-stream: loaded
  net-in-stream: loaded
  core-socket-stream-legacy: loading dependencies 'core-socket-stream'
    core-socket-stream: loading dependencies 'core-socket'
      core-socket: already loaded
    core-socket-stream: loaded
  core-socket-stream-legacy: loaded
net-in-stream-legacy: loaded
mqtt-client: loading dependencies 'mqtt'
  mqtt: loading dependencies 'core-socket-stream'
    core-socket-stream: loading dependencies 'core-socket'
      core-socket: loading dependencies 'core'
        core: loading dependencies 'mux-epoll, utils'
          mux-epoll: loaded
          utils: loading dependencies 'logger'
            logger: loaded
          utils: loaded
        core: loaded
      core-socket: loaded
    core-socket-stream: loaded
  mqtt: loaded
mqtt-client: loaded
db-mariadb: loading dependencies 'core'
  core: loading dependencies 'mux-epoll, utils'
    mux-epoll: loaded
    utils: loading dependencies 'logger'
      logger: loaded
    utils: loaded
  core: loaded
db-mariadb: loaded
http-server-express-legacy-in: loading dependencies 'net-in-stream-legacy, http-server-express'
  net-in-stream-legacy: loading dependencies 'net-in-stream, core-socket-stream-legacy'
    net-in-stream: loading dependencies 'net-in-phy-stream'
      net-in-phy-stream: loading dependencies 'net-in-phy'
        net-in-phy: loading dependencies 'net-in'
          net-in: loading dependencies 'net'
            net: loading dependencies 'core-socket'
              core-socket: loading dependencies 'core'
                core: loading dependencies 'mux-epoll, utils'
                  mux-epoll: loaded
                  utils: loading dependencies 'logger'
                    logger: loaded
                  utils: loaded
                core: loaded
              core-socket: loaded
            net: loaded
          net-in: loaded
        net-in-phy: loaded
      net-in-phy-stream: loaded
    net-in-stream: loaded
    core-socket-stream-legacy: loading dependencies 'core-socket-stream'
      core-socket-stream: loading dependencies 'core-socket'
        core-socket: already loaded
      core-socket-stream: loaded
    core-socket-stream-legacy: loaded
  net-in-stream-legacy: loaded
  http-server-express: loading dependencies 'http-server'
    http-server: loading dependencies 'http'
      http: loading dependencies 'core-socket-stream'
        core-socket-stream: already loaded
      http: loaded
      http: configured
    http-server: loaded
  http-server-express: loaded
http-server-express-legacy-in: loaded
net-in-stream-legacy: already loaded
mqtt-client: loading dependencies 'mqtt'
  mqtt: loading dependencies 'core-socket-stream'
    core-socket-stream: already loaded
  mqtt: loaded
mqtt-client: loaded
http-server-express-legacy-in: loading dependencies 'net-in-stream-legacy, http-server-express'
  net-in-stream-legacy: loading dependencies 'net-in-stream, core-socket-stream-legacy'
    net-in-stream: loading dependencies 'net-in-phy-stream'
      net-in-phy-stream: loading dependencies 'net-in-phy'
        net-in-phy: loading dependencies 'net-in'
          net-in: loading dependencies 'net'
            net: loading dependencies 'core-socket'
              core-socket: loading dependencies 'core'
                core: loading dependencies 'mux-epoll, utils'
                  mux-epoll: loaded
                  utils: loading dependencies 'logger'
                    logger: loaded
                  utils: loaded
                core: loaded
              core-socket: loaded
            net: loaded
          net-in: loaded
        net-in-phy: loaded
      net-in-phy-stream: loaded
    net-in-stream: loaded
    core-socket-stream-legacy: loading dependencies 'core-socket-stream'
      core-socket-stream: loading dependencies 'core-socket'
        core-socket: already loaded
      core-socket-stream: loaded
    core-socket-stream-legacy: loaded
  net-in-stream-legacy: loaded
  http-server-express: loading dependencies 'http-server'
    http-server: loading dependencies 'http'
      http: loading dependencies 'core-socket-stream'
        core-socket-stream: already loaded
      http: loaded
      http: configured
    http-server: loaded
  http-server-express: loaded
http-server-express-legacy-in: loaded
net-in-stream-legacy: already loaded
mqtt-client: loading dependencies 'mqtt'
  mqtt: loading dependencies 'core-socket-stream'
    core-socket-stream: already loaded
  mqtt: loaded
mqtt-client: loaded
net-un-stream-legacy: loading dependencies 'net-un-stream, core-socket-stream-legacy'
  net-un-stream: loading dependencies 'net-un-phy-stream'
    net-un-phy-stream: loading dependencies 'net-un-phy'
      net-un-phy: loading dependencies 'net-un'
        net-un: loading dependencies 'net'
          net: already loaded
        net-un: loaded
      net-un-phy: loaded
    net-un-phy-stream: loaded
  net-un-stream: loaded
  core-socket-stream-legacy: already loaded
net-un-stream-legacy: loaded
-- Configuring done (0.2s)
-- Generating done (0.0s)
-- Build files have been written to: /home/voc/projects/snodec/publications/book/build/proposal-readiness-phase-2-examples
ninja: no work to do.
Test project /home/voc/projects/snodec/publications/book/build/proposal-readiness-phase-2-examples
    Start 1: exercise-ch01
1/5 Test #1: exercise-ch01 ....................   Passed    0.22 sec
    Start 2: exercise-ch03
2/5 Test #2: exercise-ch03 ....................   Passed    0.12 sec
    Start 3: exercise-ch23
3/5 Test #3: exercise-ch23 ....................   Passed    0.10 sec
    Start 4: exercise-ch35
4/5 Test #4: exercise-ch35 ....................   Passed    0.14 sec
    Start 5: exercise-ch37
5/5 Test #5: exercise-ch37 ....................   Passed    0.00 sec

100% tests passed, 0 tests failed out of 5

Total Test time (real) =   0.59 sec
Companion example build and public labs passed.
