UpdateCTestConfiguration  from :/home/voc/projects/snodec/publications/book/build/proposal-readiness-phase-5d-examples/DartConfiguration.tcl
Test project /home/voc/projects/snodec/publications/book/build/proposal-readiness-phase-5d-examples
Constructing a list of tests
Done constructing a list of tests
Updating test list for fixtures
Added 0 tests to meet fixture requirements
Checking test dependency graph...
Checking test dependency graph end
test 11
    Start 11: exercise-ch06-ip-families

11: Test command: /usr/bin/python3 "/home/voc/projects/snodec/publications/book/companion/exercises/ch06/families.py" "ipv4" "/home/voc/projects/snodec/publications/book/build/proposal-readiness-phase-5d-examples/companion/exercises/ch06/endpoint-in" "ipv6" "/home/voc/projects/snodec/publications/book/build/proposal-readiness-phase-5d-examples/companion/exercises/ch06/endpoint-in6"
11: Working Directory: /home/voc/projects/snodec/publications/book/build/proposal-readiness-phase-5d-examples/companion/exercises/ch06
11: Test timeout computed to be: 40
11: ipv4: producer local=('127.0.0.1', 46970), service=('127.0.0.1', 56459)
11: PASS: ipv4: exact measurement bytes, matching identities, owned cleanup
11: ipv6: producer local=('::1', 52260, 0, 0), service=('::1', 35169, 0, 0)
11: PASS: ipv6: exact measurement bytes, matching identities, owned cleanup
1/6 Test #11: exercise-ch06-ip-families .........   Passed    0.13 sec
test 12
    Start 12: exercise-ch06-unix-path

12: Test command: /usr/bin/python3 "/home/voc/projects/snodec/publications/book/companion/exercises/ch06/families.py" "unix" "/home/voc/projects/snodec/publications/book/build/proposal-readiness-phase-5d-examples/companion/exercises/ch06/endpoint-un"
12: Working Directory: /home/voc/projects/snodec/publications/book/build/proposal-readiness-phase-5d-examples/companion/exercises/ch06
12: Test timeout computed to be: 40
12: unix: producer local=/tmp/endpoint-lab-6xctxvdl/producer.sock, service=/tmp/endpoint-lab-6xctxvdl/service.sock
12: PASS: unix: exact measurement bytes, matching identities, owned cleanup
2/6 Test #12: exercise-ch06-unix-path ...........   Passed    0.10 sec
test 13
    Start 13: exercise-ch07-independent-peers

13: Test command: /usr/bin/python3 "/home/voc/projects/snodec/publications/book/companion/exercises/ch07/../ch01/independent-peers.py" "/home/voc/projects/snodec/publications/book/build/proposal-readiness-phase-5d-examples/companion/examples/EchoPair/echoserver"
13: Working Directory: /home/voc/projects/snodec/publications/book/build/proposal-readiness-phase-5d-examples/companion/exercises/ch07
13: Test timeout computed to be: 40
13: PASS: snodec: active peer works while another is idle and after it closes
3/6 Test #13: exercise-ch07-independent-peers ...   Passed    0.10 sec
test 14
    Start 14: exercise-ch07-occupied-endpoint

14: Test command: /usr/bin/python3 "/home/voc/projects/snodec/publications/book/companion/exercises/ch07/../ch03/occupied-port.py" "/home/voc/projects/snodec/publications/book/build/proposal-readiness-phase-5d-examples/companion/examples/EchoPair/echoserver"
14: Working Directory: /home/voc/projects/snodec/publications/book/build/proposal-readiness-phase-5d-examples/companion/exercises/ch07
14: Test timeout computed to be: 40
14: PASS: second listener reports occupied endpoint; original owner still reflects bytes
4/6 Test #14: exercise-ch07-occupied-endpoint ...   Passed    0.12 sec
test 15
    Start 15: exercise-ch08-selectors

15: Test command: /home/voc/projects/snodec/publications/book/build/proposal-readiness-phase-5d-examples/companion/exercises/ch08/bluetooth-selectors
15: Working Directory: /home/voc/projects/snodec/publications/book/build/proposal-readiness-phase-5d-examples/companion/exercises/ch08
15: Test timeout computed to be: 40
5/6 Test #15: exercise-ch08-selectors ...........***Failed    0.02 sec

test 16
    Start 16: exercise-ch08-part-checkpoint

16: Test command: /usr/bin/python3 "/home/voc/projects/snodec/publications/book/companion/exercises/ch08/../ch06/families.py" "ipv4" "/home/voc/projects/snodec/publications/book/build/proposal-readiness-phase-5d-examples/companion/exercises/ch06/endpoint-in" "unix" "/home/voc/projects/snodec/publications/book/build/proposal-readiness-phase-5d-examples/companion/exercises/ch06/endpoint-un"
16: Working Directory: /home/voc/projects/snodec/publications/book/build/proposal-readiness-phase-5d-examples/companion/exercises/ch08
16: Test timeout computed to be: 40
16: ipv4: producer local=('127.0.0.1', 46432), service=('127.0.0.1', 58873)
16: PASS: ipv4: exact measurement bytes, matching identities, owned cleanup
16: unix: producer local=/tmp/endpoint-lab-6oxsk3um/producer.sock, service=/tmp/endpoint-lab-6oxsk3um/service.sock
16: PASS: unix: exact measurement bytes, matching identities, owned cleanup
6/6 Test #16: exercise-ch08-part-checkpoint .....   Passed    0.14 sec

The following tests passed:
	exercise-ch06-ip-families
	exercise-ch06-unix-path
	exercise-ch07-independent-peers
	exercise-ch07-occupied-endpoint
	exercise-ch08-part-checkpoint

83% tests passed, 1 tests failed out of 6

Total Test time (real) =   0.61 sec

The following tests FAILED:
	 15 - exercise-ch08-selectors (Failed)
Errors while running CTest
