[1/42] Building CXX object companion/exercises/ch30/CMakeFiles/model-ownership.dir/__/__/examples/MiniGateway/MeasurementModel.cpp.o
[2/42] Building CXX object companion/exercises/ch30/CMakeFiles/model-ownership.dir/model-ownership.cpp.o
[3/42] Building CXX object companion/exercises/ch21/CMakeFiles/mqtt-ws-lab.dir/factory.cpp.o
[4/42] Linking CXX executable companion/examples/EchoPair/echoserver
[5/42] Linking CXX executable companion/examples/EchoPair/echoclient
[6/42] Linking CXX executable companion/examples/Comparison-AsioEcho/asio-echo
[7/42] Linking CXX executable companion/examples/SemanticLogging/semantic-logging
[8/42] Building CXX object companion/exercises/ch30/CMakeFiles/model-instances.dir/model-instances.cpp.o
[9/42] Building CXX object companion/exercises/ch30/CMakeFiles/model-instances.dir/__/__/examples/MiniGateway/MeasurementModel.cpp.o
[10/42] Linking CXX executable companion/examples/HttpUpgrade-Server/http-upgrade-server
[11/42] Linking CXX executable companion/examples/HttpUpgrade-Client/http-upgrade-client
[12/42] Creating library symlink companion/examples/WebSocket-Echo-ServerSubprotocol/libsnodec-websocket-echo-server.so
[13/42] Creating library symlink companion/examples/WebSocket-Echo-ClientSubprotocol/libsnodec-websocket-echo-client.so
[14/42] Linking CXX executable companion/examples/SSE-Server/sse-server
[15/42] Linking CXX executable companion/examples/SSE-EventSource-Client/sse-eventsource-client
[16/42] Linking CXX executable companion/examples/MariaDB-Minimal/mariadb-minimal
[17/42] Linking CXX executable companion/examples/LineProtocol-Client/line-protocol-client
[18/42] Linking CXX executable companion/examples/LineProtocol-Server/line-protocol-server
[19/42] Linking CXX executable companion/exercises/ch03/greeting-client
[20/42] Linking CXX executable companion/exercises/ch05/deferred-work
[21/42] Linking CXX executable companion/examples/MiniGateway/minigateway
[22/42] Linking CXX executable companion/examples/MiniGateway-Extended/minigateway-extended
[23/42] Linking CXX executable companion/exercises/ch06/endpoint-in
[24/42] Linking CXX executable companion/exercises/ch06/endpoint-in6
[25/42] Linking CXX executable companion/exercises/ch08/bluetooth-selectors
[26/42] Linking CXX executable companion/exercises/ch06/endpoint-un
[27/42] Linking CXX executable companion/exercises/ch08/endpoint-rc
[28/42] Building CXX object companion/exercises/ch28/CMakeFiles/measurement-validation.dir/__/__/examples/MiniGateway/MeasurementJsonCodec.cpp.o
[29/42] Linking CXX executable companion/exercises/ch10/line-refusal
[30/42] Linking CXX executable companion/exercises/ch08/endpoint-l2
[31/42] Linking CXX executable companion/exercises/ch11/line-unix
[32/42] Linking CXX executable companion/exercises/ch17/dispatch-lab
[33/42] Linking CXX executable companion/exercises/ch14/tls-echo
[34/42] Linking CXX executable companion/exercises/ch14/tls-policy-lab
[35/42] Linking CXX executable companion/exercises/ch19/ws-lab-server
[36/42] Linking CXX executable companion/exercises/ch19/ws-lab-client
[37/42] Linking CXX executable companion/exercises/ch20/mqtt-role-lab
[38/42] Linking CXX executable companion/exercises/ch20/mqtt-broker-lab
[39/42] Linking CXX executable companion/exercises/ch30/model-ownership
[40/42] Linking CXX executable companion/exercises/ch28/measurement-validation
[41/42] Linking CXX executable companion/exercises/ch30/model-instances
[42/42] Linking CXX executable companion/exercises/ch21/mqtt-ws-lab
