COMMAND: python3 ci/run-example-lifetime-tests.py --prefix /home/voc/projects/snodec/publications/book/build/ci-fix-2026-09-22/install-gcc --build /home/voc/projects/snodec/publications/book/build/proposal-readiness-phase-5d-examples --work /home/voc/projects/snodec/publications/book/build/phase-5d-follow-up-lifetime
-- Install configuration: ""
-- Up-to-date: /home/voc/projects/snodec/publications/book/build/ci-fix-2026-09-22/install-gcc/lib/snode.c/web/http/upgrade/websocket/libsnodec-websocket-echo-server.so.2
-- Up-to-date: /home/voc/projects/snodec/publications/book/build/ci-fix-2026-09-22/install-gcc/lib/snode.c/web/http/upgrade/websocket/libsnodec-websocket-echo-server.so
-- Up-to-date: /home/voc/projects/snodec/publications/book/build/ci-fix-2026-09-22/install-gcc/include/snodec-book/examples/WebSocket-Echo-ServerSubprotocol/EchoServer.h
-- Up-to-date: /home/voc/projects/snodec/publications/book/build/ci-fix-2026-09-22/install-gcc/include/snodec-book/examples/WebSocket-Echo-ServerSubprotocol/EchoServerFactory.h
-- Install configuration: ""
-- Up-to-date: /home/voc/projects/snodec/publications/book/build/ci-fix-2026-09-22/install-gcc/lib/snode.c/web/http/upgrade/websocket/libsnodec-websocket-echo-client.so.2
-- Up-to-date: /home/voc/projects/snodec/publications/book/build/ci-fix-2026-09-22/install-gcc/lib/snode.c/web/http/upgrade/websocket/libsnodec-websocket-echo-client.so
-- Up-to-date: /home/voc/projects/snodec/publications/book/build/ci-fix-2026-09-22/install-gcc/include/snodec-book/examples/WebSocket-Echo-ClientSubprotocol/EchoClient.h
-- Up-to-date: /home/voc/projects/snodec/publications/book/build/ci-fix-2026-09-22/install-gcc/include/snodec-book/examples/WebSocket-Echo-ClientSubprotocol/EchoClientFactory.h
http-server-express-legacy-in: loading dependencies 'net-in-stream-legacy, http-server-express'
  net-in-stream-legacy: loading dependencies 'net-in-stream, core-socket-stream-legacy'
    net-in-stream: loading dependencies 'net-in-phy-stream'
      net-in-phy-stream: loading dependencies 'net-in-phy'
        net-in-phy: loading dependencies 'net-in'
          net-in: loading dependencies 'net'
            net: loading dependencies 'core-socket'
              core-socket: loading dependencies 'core'
                core: loading dependencies 'mux-epoll, utils'
                  mux-epoll: loaded
                  utils: loading dependencies 'logger'
                    logger: loaded
                  utils: loaded
                core: loaded
              core-socket: loaded
            net: loaded
          net-in: loaded
        net-in-phy: loaded
      net-in-phy-stream: loaded
    net-in-stream: loaded
    core-socket-stream-legacy: loading dependencies 'core-socket-stream'
      core-socket-stream: loading dependencies 'core-socket'
        core-socket: already loaded
      core-socket-stream: loaded
    core-socket-stream-legacy: loaded
  net-in-stream-legacy: loaded
  http-server-express: loading dependencies 'http-server'
    http-server: loading dependencies 'http'
      http: loading dependencies 'core-socket-stream'
        core-socket-stream: already loaded
      http: loaded
      http: configured
    http-server: loaded
  http-server-express: loaded
http-server-express-legacy-in: loaded
http-server-express-legacy-in: loading dependencies 'net-in-stream-legacy, http-server-express'
  net-in-stream-legacy: loading dependencies 'net-in-stream, core-socket-stream-legacy'
    net-in-stream: loading dependencies 'net-in-phy-stream'
      net-in-phy-stream: loading dependencies 'net-in-phy'
        net-in-phy: loading dependencies 'net-in'
          net-in: loading dependencies 'net'
            net: loading dependencies 'core-socket'
              core-socket: loading dependencies 'core'
                core: loading dependencies 'mux-epoll, utils'
                  mux-epoll: loaded
                  utils: loading dependencies 'logger'
                    logger: loaded
                  utils: loaded
                core: loaded
              core-socket: loaded
            net: loaded
          net-in: loaded
        net-in-phy: loaded
      net-in-phy-stream: loaded
    net-in-stream: loaded
    core-socket-stream-legacy: loading dependencies 'core-socket-stream'
      core-socket-stream: loading dependencies 'core-socket'
        core-socket: already loaded
      core-socket-stream: loaded
    core-socket-stream-legacy: loaded
  net-in-stream-legacy: loaded
  http-server-express: loading dependencies 'http-server'
    http-server: loading dependencies 'http'
      http: loading dependencies 'core-socket-stream'
        core-socket-stream: already loaded
      http: loaded
      http: configured
    http-server: loaded
  http-server-express: loaded
http-server-express-legacy-in: loaded
net-in-stream-legacy: already loaded
mqtt-client: loading dependencies 'mqtt'
  mqtt: loading dependencies 'core-socket-stream'
    core-socket-stream: already loaded
  mqtt: loaded
mqtt-client: loaded
http-server-express-legacy-in: loading dependencies 'net-in-stream-legacy, http-server-express'
  net-in-stream-legacy: loading dependencies 'net-in-stream, core-socket-stream-legacy'
    net-in-stream: loading dependencies 'net-in-phy-stream'
      net-in-phy-stream: loading dependencies 'net-in-phy'
        net-in-phy: loading dependencies 'net-in'
          net-in: loading dependencies 'net'
            net: loading dependencies 'core-socket'
              core-socket: loading dependencies 'core'
                core: loading dependencies 'mux-epoll, utils'
                  mux-epoll: loaded
                  utils: loading dependencies 'logger'
                    logger: loaded
                  utils: loaded
                core: loaded
              core-socket: loaded
            net: loaded
          net-in: loaded
        net-in-phy: loaded
      net-in-phy-stream: loaded
    net-in-stream: loaded
    core-socket-stream-legacy: loading dependencies 'core-socket-stream'
      core-socket-stream: loading dependencies 'core-socket'
        core-socket: already loaded
      core-socket-stream: loaded
    core-socket-stream-legacy: loaded
  net-in-stream-legacy: loaded
  http-server-express: loading dependencies 'http-server'
    http-server: loading dependencies 'http'
      http: loading dependencies 'core-socket-stream'
        core-socket-stream: already loaded
      http: loaded
      http: configured
    http-server: loaded
  http-server-express: loaded
http-server-express-legacy-in: loaded
net-in-stream-legacy: already loaded
mqtt-client: loading dependencies 'mqtt'
  mqtt: loading dependencies 'core-socket-stream'
    core-socket-stream: already loaded
  mqtt: loaded
mqtt-client: loaded
net-un-stream-legacy: loading dependencies 'net-un-stream, core-socket-stream-legacy'
  net-un-stream: loading dependencies 'net-un-phy-stream'
    net-un-phy-stream: loading dependencies 'net-un-phy'
      net-un-phy: loading dependencies 'net-un'
        net-un: loading dependencies 'net'
          net: already loaded
        net-un: loaded
      net-un-phy: loaded
    net-un-phy-stream: loaded
  net-un-stream: loaded
  core-socket-stream-legacy: already loaded
net-un-stream-legacy: loaded
-- Configuring done (0.0s)
-- Generating done (0.0s)
-- Build files have been written to: /home/voc/projects/snodec/publications/book/build/phase-5d-follow-up-lifetime/fixture-build
[  4%] Building CXX object SSE-Server/CMakeFiles/sse-server.dir/main.cpp.o
[  8%] Building CXX object MiniGateway/CMakeFiles/minigateway.dir/MiniGatewayWeb.cpp.o
[ 12%] Building CXX object MiniGateway-Extended/CMakeFiles/minigateway-extended.dir/MiniGatewayWeb.cpp.o
[ 16%] Linking CXX executable minigateway
[ 20%] Linking CXX executable minigateway-extended
[ 52%] Built target minigateway
[ 56%] Linking CXX executable sse-server
[100%] Built target minigateway-extended
[100%] Built target sse-server
Starting SSE-Server: /home/voc/projects/snodec/publications/book/build/phase-5d-follow-up-lifetime/fixture-build/SSE-Server/sse-server --log-level=3 legacy local --host=127.0.0.1 --port=34861
PASS: SSE-Server idle FIN/RST churn wave 1, only the live observer retained
PASS: SSE-Server idle FIN/RST churn wave 2, only the live observer retained
PASS: SSE-Server idle FIN/RST churn wave 3, only the live observer retained
PASS: SSE-Server surviving observer receives the next measurement; final idle cleanup releases all responses
Starting MiniGateway: /home/voc/projects/snodec/publications/book/build/phase-5d-follow-up-lifetime/fixture-build/MiniGateway/minigateway --log-level=3 web local --host=127.0.0.1 --port=41707 mqtt-uplink --disabled
PASS: MiniGateway idle FIN/RST churn wave 1, only the live observer retained
PASS: MiniGateway idle FIN/RST churn wave 2, only the live observer retained
PASS: MiniGateway idle FIN/RST churn wave 3, only the live observer retained
PASS: MiniGateway surviving observer receives the next measurement; final idle cleanup releases all responses
Starting MiniGateway-Extended: /home/voc/projects/snodec/publications/book/build/phase-5d-follow-up-lifetime/fixture-build/MiniGateway-Extended/minigateway-extended --log-level=3 web local --host=127.0.0.1 --port=58457 mqtt-uplink --disabled measurement-input --disabled
PASS: MiniGateway-Extended idle FIN/RST churn wave 1, only the live observer retained
PASS: MiniGateway-Extended idle FIN/RST churn wave 2, only the live observer retained
PASS: MiniGateway-Extended idle FIN/RST churn wave 3, only the live observer retained
PASS: MiniGateway-Extended surviving observer receives the next measurement; final idle cleanup releases all responses
Starting websocket-echo: /home/voc/projects/snodec/publications/book/build/proposal-readiness-phase-5d-examples/companion/examples/HttpUpgrade-Server/http-upgrade-server --log-level=3 legacy local --host=127.0.0.1 --port=45131
PASS: unchanged teaching client receives hello and closes
PASS: WebSocket text/binary type, exact bytes, NUL/non-UTF8 binary, empty/sequential/fragmented messages, interleaved ping and close
All selected example lifetime/echo checks passed.
