UpdateCTestConfiguration  from :/home/voc/projects/snodec/publications/book/build/proposal-readiness-phase-5g-examples/DartConfiguration.tcl
Test project /home/voc/projects/snodec/publications/book/build/proposal-readiness-phase-5g-examples
Constructing a list of tests
Done constructing a list of tests
Updating test list for fixtures
Added 0 tests to meet fixture requirements
Checking test dependency graph...
Checking test dependency graph end
test 27
    Start 27: exercise-ch14-trust-identity

27: Test command: /usr/bin/python3 "/home/voc/projects/snodec/publications/book/companion/exercises/ch14/tls.py" "policy" "/home/voc/projects/snodec/publications/book/build/proposal-readiness-phase-5g-examples/companion/exercises/ch14/tls-policy-lab" "/usr/bin/openssl"
27: Working Directory: /home/voc/projects/snodec/publications/book/build/proposal-readiness-phase-5g-examples/companion/exercises/ch14
27: Test timeout computed to be: 60
27: PASS: trusted matching name; early SSL is null; ready=1
27: PASS: trusted wrong name; early SSL is null; ready=0
27: PASS: untrusted matching name; early SSL is null; ready=0
1/4 Test #27: exercise-ch14-trust-identity .....   Passed    1.36 sec
test 28
    Start 28: exercise-ch14-secure-echo

28: Test command: /usr/bin/python3 "/home/voc/projects/snodec/publications/book/companion/exercises/ch14/tls.py" "echo" "/home/voc/projects/snodec/publications/book/build/proposal-readiness-phase-5g-examples/companion/exercises/ch14/tls-echo" "/usr/bin/openssl"
28: Working Directory: /home/voc/projects/snodec/publications/book/build/proposal-readiness-phase-5g-examples/companion/exercises/ch14
28: Test timeout computed to be: 60
28: PASS: trusted sensor.example; exact binary echo; reciprocal close_notify
2/4 Test #28: exercise-ch14-secure-echo ........   Passed    0.17 sec
test 29
    Start 29: exercise-ch15-bounded-retry

29: Test command: /usr/bin/python3 "/home/voc/projects/snodec/publications/book/companion/exercises/ch15/recovery.py" "retry" "/home/voc/projects/snodec/publications/book/build/proposal-readiness-phase-5g-examples/companion/examples/EchoPair/echoclient"
29: Working Directory: /home/voc/projects/snodec/publications/book/build/proposal-readiness-phase-5g-examples/companion/exercises/ch15
29: Test timeout computed to be: 80
29: PASS: initial attempt plus one retry; two error statuses; no context attachment; natural exit
29: {"v": 1, "ts": "2026-09-22T18:35:18.349Z", "level": "error", "origin": "application", "boundary": "application", "component": "echo", "message": "echoclient: 127.0.0.1:35793 (127.0.0.1): Connection refused [111]"}
29: {"v": 1, "ts": "2026-09-22T18:35:18.550Z", "level": "error", "origin": "application", "boundary": "application", "component": "echo", "message": "echoclient: 127.0.0.1:35793 (127.0.0.1): Connection refused [111]"}
3/4 Test #29: exercise-ch15-bounded-retry ......   Passed    0.28 sec
test 30
    Start 30: exercise-ch15-part-checkpoint

30: Test command: /usr/bin/python3 "/home/voc/projects/snodec/publications/book/companion/exercises/ch15/recovery.py" "checkpoint" "/home/voc/projects/snodec/publications/book/build/proposal-readiness-phase-5g-examples/companion/examples/EchoPair/echoclient" "/home/voc/projects/snodec/publications/book/build/proposal-readiness-phase-5g-examples/companion/exercises/ch14/tls-policy-lab"
30: Working Directory: /home/voc/projects/snodec/publications/book/build/proposal-readiness-phase-5g-examples/companion/exercises/ch15
30: Test timeout computed to be: 80
30: PASS: trusted matching name; early SSL is null; ready=1
30: PASS: trusted wrong name; early SSL is null; ready=0
30: PASS: untrusted matching name; early SSL is null; ready=0
30: PASS: retry before first attachment; peer stop/restart; two connection identities; fresh greeting and exact echo
30: {"v": 1, "ts": "2026-09-22T18:35:18.901Z", "level": "error", "origin": "application", "boundary": "application", "component": "echo", "message": "echoclient: 127.0.0.1:37423 (127.0.0.1): Connection refused [111]"}
30: {"v": 1, "ts": "2026-09-22T18:35:19.103Z", "level": "info", "origin": "application", "boundary": "context", "component": "core.socket.context", "instance": "echoclient", "connection": "1", "message": "Echo context attached"}
30: {"v": 1, "ts": "2026-09-22T18:35:19.104Z", "level": "info", "origin": "application", "boundary": "context", "component": "core.socket.context", "instance": "echoclient", "connection": "1", "message": "Echo context detached: connection close"}
30: {"v": 1, "ts": "2026-09-22T18:35:19.104Z", "level": "debug", "origin": "framework", "boundary": "context", "component": "core.socket.context", "instance": "echoclient", "connection": "1", "message": "Context detached for connection close"}
30: {"v": 1, "ts": "2026-09-22T18:35:19.306Z", "level": "error", "origin": "application", "boundary": "application", "component": "echo", "message": "echoclient: 127.0.0.1:37423 (127.0.0.1): Connection refused [111]"}
30: {"v": 1, "ts": "2026-09-22T18:35:19.507Z", "level": "info", "origin": "application", "boundary": "context", "component": "core.socket.context", "instance": "echoclient", "connection": "2", "message": "Echo context attached"}
4/4 Test #30: exercise-ch15-part-checkpoint ....   Passed    0.95 sec

The following tests passed:
	exercise-ch14-trust-identity
	exercise-ch14-secure-echo
	exercise-ch15-bounded-retry
	exercise-ch15-part-checkpoint

100% tests passed, 0 tests failed out of 4

Total Test time (real) =   2.76 sec
