UpdateCTestConfiguration  from :/home/voc/projects/snodec/publications/book/build/proposal-readiness-phase-5b-examples/DartConfiguration.tcl
Test project /home/voc/projects/snodec/publications/book/build/proposal-readiness-phase-5b-examples
Constructing a list of tests
Done constructing a list of tests
Updating test list for fixtures
Added 0 tests to meet fixture requirements
Checking test dependency graph...
Checking test dependency graph end
test 1
      Start  1: exercise-ch01

1: Test command: /usr/bin/python3 "/home/voc/projects/snodec/publications/book/companion/exercises/ch01/solution.py" "/home/voc/projects/snodec/publications/book/build/proposal-readiness-phase-5b-examples/companion/examples/EchoPair/echoserver" "/home/voc/projects/snodec/publications/book/build/proposal-readiness-phase-5b-examples/companion/examples/Comparison-AsioEcho/asio-echo"
1: Working Directory: /home/voc/projects/snodec/publications/book/build/proposal-readiness-phase-5b-examples/companion/exercises/ch01
1: Test timeout computed to be: 40
1: PASS: snodec: 20480 binary bytes unchanged; next connection also works
1: PASS: asio: 20480 binary bytes unchanged; next connection also works
 1/12 Test  #1: exercise-ch01 .....................   Passed    0.21 sec
test 2
      Start  2: exercise-ch01-independent-peers

2: Test command: /usr/bin/python3 "/home/voc/projects/snodec/publications/book/companion/exercises/ch01/independent-peers.py" "/home/voc/projects/snodec/publications/book/build/proposal-readiness-phase-5b-examples/companion/examples/EchoPair/echoserver" "/home/voc/projects/snodec/publications/book/build/proposal-readiness-phase-5b-examples/companion/examples/Comparison-AsioEcho/asio-echo"
2: Working Directory: /home/voc/projects/snodec/publications/book/build/proposal-readiness-phase-5b-examples/companion/exercises/ch01
2: Test timeout computed to be: 40
2: PASS: snodec: active peer works while another is idle and after it closes
2: PASS: asio: active peer works while another is idle and after it closes
 2/12 Test  #2: exercise-ch01-independent-peers ...   Passed    0.12 sec
test 3
      Start  3: exercise-ch02-consumer

3: Test command: /usr/bin/python3 "/home/voc/projects/snodec/publications/book/companion/exercises/ch02/solution.py" "consumer"
3: Working Directory: /home/voc/projects/snodec/publications/book/build/proposal-readiness-phase-5b-examples/companion/exercises/ch02
3: Test timeout computed to be: 180
3: -- The CXX compiler identification is GNU 16.2.0
3: -- Detecting CXX compiler ABI info
3: -- Detecting CXX compiler ABI info - done
3: -- Check for working CXX compiler: /usr/bin/c++ - skipped
3: -- Detecting CXX compile features
3: -- Detecting CXX compile features - done
3: net-in-stream-legacy: loading dependencies 'net-in-stream, core-socket-stream-legacy'
3:   net-in-stream: loading dependencies 'net-in-phy-stream'
3:     net-in-phy-stream: loading dependencies 'net-in-phy'
3:       net-in-phy: loading dependencies 'net-in'
3:         net-in: loading dependencies 'net'
3:           net: loading dependencies 'core-socket'
3:             core-socket: loading dependencies 'core'
3:               core: loading dependencies 'mux-epoll, utils'
3:                 mux-epoll: loaded
3:                 utils: loading dependencies 'logger'
3:                   logger: loaded
3:                 utils: loaded
3:               core: loaded
3:             core-socket: loaded
3:           net: loaded
3:         net-in: loaded
3:       net-in-phy: loaded
3:     net-in-phy-stream: loaded
3:   net-in-stream: loaded
3:   core-socket-stream-legacy: loading dependencies 'core-socket-stream'
3:     core-socket-stream: loading dependencies 'core-socket'
3:       core-socket: already loaded
3:     core-socket-stream: loaded
3:   core-socket-stream-legacy: loaded
3: net-in-stream-legacy: loaded
3: -- Configuring done (0.2s)
3: -- Generating done (0.0s)
3: -- Build files have been written to: /tmp/snodec-environment-lab-kspmroki/build
3: [ 16%] Building CXX object CMakeFiles/echosocketcontext.dir/EchoSocketContext.cpp.o
3: [ 33%] Linking CXX static library libechosocketcontext.a
3: [ 33%] Built target echosocketcontext
3: [ 50%] Building CXX object CMakeFiles/echoclient.dir/echoclient.cpp.o
3: [ 66%] Building CXX object CMakeFiles/echoserver.dir/echoserver.cpp.o
3: [ 83%] Linking CXX executable echoserver
3: [100%] Linking CXX executable echoclient
3: [100%] Built target echoserver
3: [100%] Built target echoclient
3: PASS: snodec_DIR selects the requested installation: /home/voc/projects/snodec/publications/book/build/ci-fix-2026-09-22/install-gcc/lib/cmake/snodec
3: 2026-09-22T15:15:06.380Z DBG framework/system core.mux inst=epoll — Core::multiplexer: epoll
3: 2026-09-22T15:15:06.380Z TRC framework/system core.event-loop — SNode.C: Starting ... HELLO
3: Configuration for Application 'echoserver'
3:
3:
3: Usage: /tmp/snodec-environment-lab-kspmroki/build/echoserver [OPTIONS] [SECTION [--help]]
3:
3: Options (nonpersistent):
3:   -h, --help={standard,exact,expanded} {exact}
3:        Print help message and exit
3:        * standard: display help for the last command processed
3:        * exact: display help for the command directly preceding --help
3:        * expanded: display help including all descendant sections
3:   -s, --show-config
3:        Show current configuration and exit
3:   --command-line={standard,active,complete,required}
3:        Print command-line
3:        * standard (default): Show all non-default and required options
3:        * active: Show all active options
3:        * complete: Show the complete option set with default values
3:        * required: Show only required options
3:   -c, --config-file configfile:NOT DIR [/tmp/snodec-lab-hf697ro7/.config/snode.c/echoserver.conf]
3:        Read a config file
3:   -w, --write-config configfile:NOT DIR [/tmp/snodec-lab-hf697ro7/.config/snode.c/echoserver.conf]
3:        Write config file and exit
3:   -k, --kill
3:        Kill running daemon
3:   -a, --aliases instance=instance_alias [instance=instance_alias [...]]:TEXT
3:        Make an instance also known as an alias in configuration files
3:   -v, --version
3:        Framework version
3:
3: Options (persistent):
3:   --log-level level:LOG_LEVEL [4]
3:        Log level (0/off, 1/critical, 2/error, 3/warn, 4/info, 5/debug,
3:        6/trace)
3:   --verbose-level level:INT in [0 - 10] [2]
3:        Legacy verbose level (0..10; no semantic-log effect)
3:   --log-format text|json:FORMAT [text]
3:        Semantic log format
3:   --log-origin-level origin=level:(TEXT) AND (ORIGIN_LEVEL) ...
3:        Semantic origin log level override (framework|application=level)
3:   --log-boundary-level boundary=level:(TEXT) AND (BOUNDARY_LEVEL) ...
3:        Semantic boundary log level override
3:        (application|configuration|instance|connection|context|system=level)
3:   --log-component-level component=level:(TEXT) AND (COMPONENT_LEVEL) ...
3:        Semantic component log level override (component=level)
3:   --log-instance-level instance=level:(TEXT) AND (INSTANCE_LEVEL) ...
3:        Semantic instance log level override (instance=level)
3:   -l, --log-file logFile:NOT DIR [/tmp/snodec-lab-hf697ro7/.local/log/snode.c/echoserver.log]
3:        Log file
3:   -m, --monochrom={true,false} [true]
3:        Monochrom log output
3:   -q, --quiet={true,false} [false]
3:        Quiet mode
3:   -e, --enforce-log-file={true,false} [false]
3:        Enforce writing of logs to file for foreground applications
3:   -d, --daemonize={true,false} [false]
3:        Start application as daemon
3:   -u, --user-name username:TEXT [voc]
3:        Run daemon under specific user permissions
3:   -g, --group-name groupname:TEXT [voc]
3:        Run daemon under specific group permissions
3:
3: Instances:
3:   echoserver
3:        Configuration for server instance 'echoserver'
3:
3: Application 'echoserver' powered by SNode.C
3: (C) 2020-2026 Volker Christian <me@vchrist.at>
3: https://github.com/SNodeC/snode.c
3:
3: 2026-09-22T15:15:06.382Z TRC framework/system core.event-loop — Core: Graceful shutdown
3: 2026-09-22T15:15:06.382Z DBG framework/instance core.socket.stream role=server inst=echoserver — Initiating listen
3: 2026-09-22T15:15:06.383Z TRC framework/system core.event-loop — Core: Terminate remaining DescriptorEventReceivers and timers
3: 2026-09-22T15:15:06.383Z TRC framework/system core.event-loop — Core: Shutdown config system
3: 2026-09-22T15:15:06.383Z TRC framework/system core.event-loop — Core: All resources released
3: 2026-09-22T15:15:06.383Z TRC framework/system core.event-loop — SNode.C: Ended ... BYE
3:
3: Traceback (most recent call last):
3:   File "/home/voc/projects/snodec/publications/book/companion/exercises/lab_support.py", line 33, in running
3:     yield process, path
3:   File "/home/voc/projects/snodec/publications/book/companion/exercises/ch02/solution.py", line 43, in <module>
3:     assert process.wait(timeout=10) == 0
3:            ^^^^^^^^^^^^^^^^^^^^^^^^^^^^^
3: AssertionError
3:
3: During handling of the above exception, another exception occurred:
3:
3: Traceback (most recent call last):
3:   File "/home/voc/projects/snodec/publications/book/companion/exercises/ch02/solution.py", line 42, in <module>
3:     with running(str(build / name), ['--help']) as (process, log):
3:          ~~~~~~~^^^^^^^^^^^^^^^^^^^^^^^^^^^^^^^
3:   File "/usr/lib/python3.14/contextlib.py", line 162, in __exit__
3:     self.gen.throw(value)
3:     ~~~~~~~~~~~~~~^^^^^^^
3:   File "/home/voc/projects/snodec/publications/book/companion/exercises/lab_support.py", line 51, in running
3:     raise RuntimeError(f'Process exited {process.returncode}: {path.read_text(errors="replace")[-4000:]}')
3: RuntimeError: Process exited 2: 2026-09-22T15:15:06.380Z DBG framework/system core.mux inst=epoll — Core::multiplexer: epoll
3: 2026-09-22T15:15:06.380Z TRC framework/system core.event-loop — SNode.C: Starting ... HELLO
3: Configuration for Application 'echoserver'
3:
3:
3: Usage: /tmp/snodec-environment-lab-kspmroki/build/echoserver [OPTIONS] [SECTION [--help]]
3:
3: Options (nonpersistent):
3:   -h, --help={standard,exact,expanded} {exact}
3:        Print help message and exit
3:        * standard: display help for the last command processed
3:        * exact: display help for the command directly preceding --help
3:        * expanded: display help including all descendant sections
3:   -s, --show-config
3:        Show current configuration and exit
3:   --command-line={standard,active,complete,required}
3:        Print command-line
3:        * standard (default): Show all non-default and required options
3:        * active: Show all active options
3:        * complete: Show the complete option set with default values
3:        * required: Show only required options
3:   -c, --config-file configfile:NOT DIR [/tmp/snodec-lab-hf697ro7/.config/snode.c/echoserver.conf]
3:        Read a config file
3:   -w, --write-config configfile:NOT DIR [/tmp/snodec-lab-hf697ro7/.config/snode.c/echoserver.conf]
3:        Write config file and exit
3:   -k, --kill
3:        Kill running daemon
3:   -a, --aliases instance=instance_alias [instance=instance_alias [...]]:TEXT
3:        Make an instance also known as an alias in configuration files
3:   -v, --version
3:        Framework version
3:
3: Options (persistent):
3:   --log-level level:LOG_LEVEL [4]
3:        Log level (0/off, 1/critical, 2/error, 3/warn, 4/info, 5/debug,
3:        6/trace)
3:   --verbose-level level:INT in [0 - 10] [2]
3:        Legacy verbose level (0..10; no semantic-log effect)
3:   --log-format text|json:FORMAT [text]
3:        Semantic log format
3:   --log-origin-level origin=level:(TEXT) AND (ORIGIN_LEVEL) ...
3:        Semantic origin log level override (framework|application=level)
3:   --log-boundary-level boundary=level:(TEXT) AND (BOUNDARY_LEVEL) ...
3:        Semantic boundary log level override
3:        (application|configuration|instance|connection|context|system=level)
3:   --log-component-level component=level:(TEXT) AND (COMPONENT_LEVEL) ...
3:        Semantic component log level override (component=level)
3:   --log-instance-level instance=level:(TEXT) AND (INSTANCE_LEVEL) ...
3:        Semantic instance log level override (instance=level)
3:   -l, --log-file logFile:NOT DIR [/tmp/snodec-lab-hf697ro7/.local/log/snode.c/echoserver.log]
3:        Log file
3:   -m, --monochrom={true,false} [true]
3:        Monochrom log output
3:   -q, --quiet={true,false} [false]
3:        Quiet mode
3:   -e, --enforce-log-file={true,false} [false]
3:        Enforce writing of logs to file for foreground applications
3:   -d, --daemonize={true,false} [false]
3:        Start application as daemon
3:   -u, --user-name username:TEXT [voc]
3:        Run daemon under specific user permissions
3:   -g, --group-name groupname:TEXT [voc]
3:        Run daemon under specific group permissions
3:
3: Instances:
3:   echoserver
3:        Configuration for server instance 'echoserver'
3:
3: Application 'echoserver' powered by SNode.C
3: (C) 2020-2026 Volker Christian <me@vchrist.at>
3: https://github.com/SNodeC/snode.c
3:
3: 2026-09-22T15:15:06.382Z TRC framework/system core.event-loop — Core: Graceful shutdown
3: 2026-09-22T15:15:06.382Z DBG framework/instance core.socket.stream role=server inst=echoserver — Initiating listen
3: 2026-09-22T15:15:06.383Z TRC framework/system core.event-loop — Core: Terminate remaining DescriptorEventReceivers and timers
3: 2026-09-22T15:15:06.383Z TRC framework/system core.event-loop — Core: Shutdown config system
3: 2026-09-22T15:15:06.383Z TRC framework/system core.event-loop — Core: All resources released
3: 2026-09-22T15:15:06.383Z TRC framework/system core.event-loop — SNode.C: Ended ... BYE
3:
 3/12 Test  #3: exercise-ch02-consumer ............***Failed    4.20 sec
-- The CXX compiler identification is GNU 16.2.0
-- Detecting CXX compiler ABI info
-- Detecting CXX compiler ABI info - done
-- Check for working CXX compiler: /usr/bin/c++ - skipped
-- Detecting CXX compile features
-- Detecting CXX compile features - done
net-in-stream-legacy: loading dependencies 'net-in-stream, core-socket-stream-legacy'
  net-in-stream: loading dependencies 'net-in-phy-stream'
    net-in-phy-stream: loading dependencies 'net-in-phy'
      net-in-phy: loading dependencies 'net-in'
        net-in: loading dependencies 'net'
          net: loading dependencies 'core-socket'
            core-socket: loading dependencies 'core'
              core: loading dependencies 'mux-epoll, utils'
                mux-epoll: loaded
                utils: loading dependencies 'logger'
                  logger: loaded
                utils: loaded
              core: loaded
            core-socket: loaded
          net: loaded
        net-in: loaded
      net-in-phy: loaded
    net-in-phy-stream: loaded
  net-in-stream: loaded
  core-socket-stream-legacy: loading dependencies 'core-socket-stream'
    core-socket-stream: loading dependencies 'core-socket'
      core-socket: already loaded
    core-socket-stream: loaded
  core-socket-stream-legacy: loaded
net-in-stream-legacy: loaded
-- Configuring done (0.2s)
-- Generating done (0.0s)
-- Build files have been written to: /tmp/snodec-environment-lab-kspmroki/build
[ 16%] Building CXX object CMakeFiles/echosocketcontext.dir/EchoSocketContext.cpp.o
[ 33%] Linking CXX static library libechosocketcontext.a
[ 33%] Built target echosocketcontext
[ 50%] Building CXX object CMakeFiles/echoclient.dir/echoclient.cpp.o
[ 66%] Building CXX object CMakeFiles/echoserver.dir/echoserver.cpp.o
[ 83%] Linking CXX executable echoserver
[100%] Linking CXX executable echoclient
[100%] Built target echoserver
[100%] Built target echoclient
PASS: snodec_DIR selects the requested installation: /home/voc/projects/snodec/publications/book/build/ci-fix-2026-09-22/install-gcc/lib/cmake/snodec
2026-09-22T15:15:06.380Z DBG framework/system core.mux inst=epoll — Core::multiplexer: epoll
2026-09-22T15:15:06.380Z TRC framework/system core.event-loop — SNode.C: Starting ... HELLO
Configuration for Application 'echoserver'


Usage: /tmp/snodec-environment-lab-kspmroki/build/echoserver [OPTIONS] [SECTION [--help]]

Options (nonpersistent):
  -h, --help={standard,exact,expanded} {exact}
       Print help message and exit
       * standard: display help for the last command processed
       * exact: display help for the command directly preceding --help
       * expanded: display help including all descendant sections
  -s, --show-config
       Show current configuration and exit
  --command-line={standard,active,complete,required}
       Print command-line
       * standard (default): Show all non-default and required options
       * active: Show all active options
       * complete: Show the complete option set with default values
       * required: Show only required options
  -c, --config-file configfile:NOT DIR [/tmp/snodec-lab-hf697ro7/.config/snode.c/echoserver.conf]
       Read a config file
  -w, --write-config configfile:NOT DIR [/tmp/snodec-lab-hf697ro7/.config/snode.c/echoserver.conf]
       Write config file and exit
  -k, --kill
       Kill running daemon
  -a, --aliases instance=instance_alias [instance=instance_alias [...]]:TEXT
       Make an instance also known as an alias in configuration files
  -v, --version
       Framework version

Options (persistent):
  --log-level level:LOG_LEVEL [4]
       Log level (0/off, 1/critical, 2/error, 3/warn, 4/info, 5/debug,
       6/trace)
  --verbose-level level:INT in [0 - 10] [2]
       Legacy verbose level (0..10; no semantic-log effect)
  --log-format text|json:FORMAT [text]
       Semantic log format
  --log-origin-level origin=level:(TEXT) AND (ORIGIN_LEVEL) ...
       Semantic origin log level override (framework|application=level)
  --log-boundary-level boundary=level:(TEXT) AND (BOUNDARY_LEVEL) ...
       Semantic boundary log level override
       (application|configuration|instance|connection|context|system=level)
  --log-component-level component=level:(TEXT) AND (COMPONENT_LEVEL) ...
       Semantic component log level override (component=level)
  --log-instance-level instance=level:(TEXT) AND (INSTANCE_LEVEL) ...
       Semantic instance log level override (instance=level)
  -l, --log-file logFile:NOT DIR [/tmp/snodec-lab-hf697ro7/.local/log/snode.c/echoserver.log]
       Log file
  -m, --monochrom={true,false} [true]
       Monochrom log output
  -q, --quiet={true,false} [false]
       Quiet mode
  -e, --enforce-log-file={true,false} [false]
       Enforce writing of logs to file for foreground applications
  -d, --daemonize={true,false} [false]
       Start application as daemon
  -u, --user-name username:TEXT [voc]
       Run daemon under specific user permissions
  -g, --group-name groupname:TEXT [voc]
       Run daemon under specific group permissions

Instances:
  echoserver
       Configuration for server instance 'echoserver'

Application 'echoserver' powered by SNode.C
(C) 2020-2026 Volker Christian <me@vchrist.at>
https://github.com/SNodeC/snode.c

2026-09-22T15:15:06.382Z TRC framework/system core.event-loop — Core: Graceful shutdown
2026-09-22T15:15:06.382Z DBG framework/instance core.socket.stream role=server inst=echoserver — Initiating listen
2026-09-22T15:15:06.383Z TRC framework/system core.event-loop — Core: Terminate remaining DescriptorEventReceivers and timers
2026-09-22T15:15:06.383Z TRC framework/system core.event-loop — Core: Shutdown config system
2026-09-22T15:15:06.383Z TRC framework/system core.event-loop — Core: All resources released
2026-09-22T15:15:06.383Z TRC framework/system core.event-loop — SNode.C: Ended ... BYE

Traceback (most recent call last):
  File "/home/voc/projects/snodec/publications/book/companion/exercises/lab_support.py", line 33, in running
    yield process, path
  File "/home/voc/projects/snodec/publications/book/companion/exercises/ch02/solution.py", line 43, in <module>
    assert process.wait(timeout=10) == 0
           ^^^^^^^^^^^^^^^^^^^^^^^^^^^^^
AssertionError

During handling of the above exception, another exception occurred:

Traceback (most recent call last):
  File "/home/voc/projects/snodec/publications/book/companion/exercises/ch02/solution.py", line 42, in <module>
    with running(str(build / name), ['--help']) as (process, log):
         ~~~~~~~^^^^^^^^^^^^^^^^^^^^^^^^^^^^^^^
  File "/usr/lib/python3.14/contextlib.py", line 162, in __exit__
    self.gen.throw(value)
    ~~~~~~~~~~~~~~^^^^^^^
  File "/home/voc/projects/snodec/publications/book/companion/exercises/lab_support.py", line 51, in running
    raise RuntimeError(f'Process exited {process.returncode}: {path.read_text(errors="replace")[-4000:]}')
RuntimeError: Process exited 2: 2026-09-22T15:15:06.380Z DBG framework/system core.mux inst=epoll — Core::multiplexer: epoll
2026-09-22T15:15:06.380Z TRC framework/system core.event-loop — SNode.C: Starting ... HELLO
Configuration for Application 'echoserver'


Usage: /tmp/snodec-environment-lab-kspmroki/build/echoserver [OPTIONS] [SECTION [--help]]

Options (nonpersistent):
  -h, --help={standard,exact,expanded} {exact}
       Print help message and exit
       * standard: display help for the last command processed
       * exact: display help for the command directly preceding --help
       * expanded: display help including all descendant sections
  -s, --show-config
       Show current configuration and exit
  --command-line={standard,active,complete,required}
       Print command-line
       * standard (default): Show all non-default and required options
       * active: Show all active options
       * complete: Show the complete option set with default values
       * required: Show only required options
  -c, --config-file configfile:NOT DIR [/tmp/snodec-lab-hf697ro7/.config/snode.c/echoserver.conf]
       Read a config file
  -w, --write-config configfile:NOT DIR [/tmp/snodec-lab-hf697ro7/.config/snode.c/echoserver.conf]
       Write config file and exit
  -k, --kill
       Kill running daemon
  -a, --aliases instance=instance_alias [instance=instance_alias [...]]:TEXT
       Make an instance also known as an alias in configuration files
  -v, --version
       Framework version

Options (persistent):
  --log-level level:LOG_LEVEL [4]
       Log level (0/off, 1/critical, 2/error, 3/warn, 4/info, 5/debug,
       6/trace)
  --verbose-level level:INT in [0 - 10] [2]
       Legacy verbose level (0..10; no semantic-log effect)
  --log-format text|json:FORMAT [text]
       Semantic log format
  --log-origin-level origin=level:(TEXT) AND (ORIGIN_LEVEL) ...
       Semantic origin log level override (framework|application=level)
  --log-boundary-level boundary=level:(TEXT) AND (BOUNDARY_LEVEL) ...
       Semantic boundary log level override
       (application|configuration|instance|connection|context|system=level)
  --log-component-level component=level:(TEXT) AND (COMPONENT_LEVEL) ...
       Semantic component log level override (component=level)
  --log-instance-level instance=level:(TEXT) AND (INSTANCE_LEVEL) ...
       Semantic instance log level override (instance=level)
  -l, --log-file logFile:NOT DIR [/tmp/snodec-lab-hf697ro7/.local/log/snode.c/echoserver.log]
       Log file
  -m, --monochrom={true,false} [true]
       Monochrom log output
  -q, --quiet={true,false} [false]
       Quiet mode
  -e, --enforce-log-file={true,false} [false]
       Enforce writing of logs to file for foreground applications
  -d, --daemonize={true,false} [false]
       Start application as daemon
  -u, --user-name username:TEXT [voc]
       Run daemon under specific user permissions
  -g, --group-name groupname:TEXT [voc]
       Run daemon under specific group permissions

Instances:
  echoserver
       Configuration for server instance 'echoserver'

Application 'echoserver' powered by SNode.C
(C) 2020-2026 Volker Christian <me@vchrist.at>
https://github.com/SNodeC/snode.c

2026-09-22T15:15:06.382Z TRC framework/system core.event-loop — Core: Graceful shutdown
2026-09-22T15:15:06.382Z DBG framework/instance core.socket.stream role=server inst=echoserver — Initiating listen
2026-09-22T15:15:06.383Z TRC framework/system core.event-loop — Core: Terminate remaining DescriptorEventReceivers and timers
2026-09-22T15:15:06.383Z TRC framework/system core.event-loop — Core: Shutdown config system
2026-09-22T15:15:06.383Z TRC framework/system core.event-loop — Core: All resources released
2026-09-22T15:15:06.383Z TRC framework/system core.event-loop — SNode.C: Ended ... BYE


test 4
      Start  4: exercise-ch02-component

4: Test command: /usr/bin/python3 "/home/voc/projects/snodec/publications/book/companion/exercises/ch02/solution.py" "component"
4: Working Directory: /home/voc/projects/snodec/publications/book/build/proposal-readiness-phase-5b-examples/companion/exercises/ch02
4: Test timeout computed to be: 180
4: net-in-stream-legacy: loading dependencies 'net-in-stream, core-socket-stream-legacy'
4:   net-in-stream: loading dependencies 'net-in-phy-stream'
4:     net-in-phy-stream: loading dependencies 'net-in-phy'
4:       net-in-phy: loading dependencies 'net-in'
4:         net-in: loading dependencies 'net'
4:           net: loading dependencies 'core-socket'
4:             core-socket: loading dependencies 'core'
4:               core: loading dependencies 'mux-epoll, utils'
4:                 mux-epoll: loaded
4:                 utils: loading dependencies 'logger'
4:                   logger: loaded
4:                 utils: loaded
4:               core: loaded
4:             core-socket: loaded
4:           net: loaded
4:         net-in: loaded
4:       net-in-phy: loaded
4:     net-in-phy-stream: loaded
4:   net-in-stream: loaded
4:   core-socket-stream-legacy: loading dependencies 'core-socket-stream'
4:     core-socket-stream: loading dependencies 'core-socket'
4:       core-socket: already loaded
4:     core-socket-stream: loaded
4:   core-socket-stream-legacy: loaded
4: net-in-stream-legacy: loaded
4: -- Configuring done (0.0s)
4: -- Generating done (0.0s)
4: -- Build files have been written to: /tmp/snodec-environment-lab-necnp1z0/build
4: [ 16%] Building CXX object CMakeFiles/echosocketcontext.dir/EchoSocketContext.cpp.o
4: [ 33%] Linking CXX static library libechosocketcontext.a
4: [ 33%] Built target echosocketcontext
4: [ 50%] Building CXX object CMakeFiles/echoserver.dir/echoserver.cpp.o
4: [ 66%] Building CXX object CMakeFiles/echoclient.dir/echoclient.cpp.o
4: [ 83%] Linking CXX executable echoserver
4: [100%] Linking CXX executable echoclient
4: [100%] Built target echoserver
4: [100%] Built target echoclient
4: -- The CXX compiler identification is GNU 16.2.0
4: -- Detecting CXX compiler ABI info
4: -- Detecting CXX compiler ABI info - done
4: -- Check for working CXX compiler: /usr/bin/c++ - skipped
4: -- Detecting CXX compile features
4: -- Detecting CXX compile features - done
4: CMake Error at CMakeLists.txt:9 (find_package):
4:   Found package configuration file:
4:
4:     /home/voc/projects/snodec/publications/book/build/ci-fix-2026-09-22/install-gcc/lib/cmake/snodec/snodecConfig.cmake
4:
4:   but it set snodec_FOUND to FALSE so package "snodec" is considered to be
4:   NOT FOUND.  Reason given by package:
4:
4:   Unsupported SNode.C component requested: net-in-stream-missing
4:
4:
4:
4: -- Configuring incomplete, errors occurred!
4:
4: PASS: missing component stops configuration before any runtime endpoint exists
4: PASS: snodec_DIR selects the requested installation: /home/voc/projects/snodec/publications/book/build/ci-fix-2026-09-22/install-gcc/lib/cmake/snodec
4: 2026-09-22T15:15:10.523Z DBG framework/system core.mux inst=epoll — Core::multiplexer: epoll
4: 2026-09-22T15:15:10.523Z TRC framework/system core.event-loop — SNode.C: Starting ... HELLO
4: Configuration for Application 'echoserver'
4:
4:
4: Usage: /tmp/snodec-environment-lab-necnp1z0/build/echoserver [OPTIONS] [SECTION [--help]]
4:
4: Options (nonpersistent):
4:   -h, --help={standard,exact,expanded} {exact}
4:        Print help message and exit
4:        * standard: display help for the last command processed
4:        * exact: display help for the command directly preceding --help
4:        * expanded: display help including all descendant sections
4:   -s, --show-config
4:        Show current configuration and exit
4:   --command-line={standard,active,complete,required}
4:        Print command-line
4:        * standard (default): Show all non-default and required options
4:        * active: Show all active options
4:        * complete: Show the complete option set with default values
4:        * required: Show only required options
4:   -c, --config-file configfile:NOT DIR [/tmp/snodec-lab-ymiu06u7/.config/snode.c/echoserver.conf]
4:        Read a config file
4:   -w, --write-config configfile:NOT DIR [/tmp/snodec-lab-ymiu06u7/.config/snode.c/echoserver.conf]
4:        Write config file and exit
4:   -k, --kill
4:        Kill running daemon
4:   -a, --aliases instance=instance_alias [instance=instance_alias [...]]:TEXT
4:        Make an instance also known as an alias in configuration files
4:   -v, --version
4:        Framework version
4:
4: Options (persistent):
4:   --log-level level:LOG_LEVEL [4]
4:        Log level (0/off, 1/critical, 2/error, 3/warn, 4/info, 5/debug,
4:        6/trace)
4:   --verbose-level level:INT in [0 - 10] [2]
4:        Legacy verbose level (0..10; no semantic-log effect)
4:   --log-format text|json:FORMAT [text]
4:        Semantic log format
4:   --log-origin-level origin=level:(TEXT) AND (ORIGIN_LEVEL) ...
4:        Semantic origin log level override (framework|application=level)
4:   --log-boundary-level boundary=level:(TEXT) AND (BOUNDARY_LEVEL) ...
4:        Semantic boundary log level override
4:        (application|configuration|instance|connection|context|system=level)
4:   --log-component-level component=level:(TEXT) AND (COMPONENT_LEVEL) ...
4:        Semantic component log level override (component=level)
4:   --log-instance-level instance=level:(TEXT) AND (INSTANCE_LEVEL) ...
4:        Semantic instance log level override (instance=level)
4:   -l, --log-file logFile:NOT DIR [/tmp/snodec-lab-ymiu06u7/.local/log/snode.c/echoserver.log]
4:        Log file
4:   -m, --monochrom={true,false} [true]
4:        Monochrom log output
4:   -q, --quiet={true,false} [false]
4:        Quiet mode
4:   -e, --enforce-log-file={true,false} [false]
4:        Enforce writing of logs to file for foreground applications
4:   -d, --daemonize={true,false} [false]
4:        Start application as daemon
4:   -u, --user-name username:TEXT [voc]
4:        Run daemon under specific user permissions
4:   -g, --group-name groupname:TEXT [voc]
4:        Run daemon under specific group permissions
4:
4: Instances:
4:   echoserver
4:        Configuration for server instance 'echoserver'
4:
4: Application 'echoserver' powered by SNode.C
4: (C) 2020-2026 Volker Christian <me@vchrist.at>
4: https://github.com/SNodeC/snode.c
4:
4: 2026-09-22T15:15:10.526Z TRC framework/system core.event-loop — Core: Graceful shutdown
4: 2026-09-22T15:15:10.526Z DBG framework/instance core.socket.stream role=server inst=echoserver — Initiating listen
4: 2026-09-22T15:15:10.526Z TRC framework/system core.event-loop — Core: Terminate remaining DescriptorEventReceivers and timers
4: 2026-09-22T15:15:10.527Z TRC framework/system core.event-loop — Core: Shutdown config system
4: 2026-09-22T15:15:10.527Z TRC framework/system core.event-loop — Core: All resources released
4: 2026-09-22T15:15:10.527Z TRC framework/system core.event-loop — SNode.C: Ended ... BYE
4:
4: Traceback (most recent call last):
4:   File "/home/voc/projects/snodec/publications/book/companion/exercises/lab_support.py", line 33, in running
4:     yield process, path
4:   File "/home/voc/projects/snodec/publications/book/companion/exercises/ch02/solution.py", line 43, in <module>
4:     assert process.wait(timeout=10) == 0
4:            ^^^^^^^^^^^^^^^^^^^^^^^^^^^^^
4: AssertionError
4:
4: During handling of the above exception, another exception occurred:
4:
4: Traceback (most recent call last):
4:   File "/home/voc/projects/snodec/publications/book/companion/exercises/ch02/solution.py", line 42, in <module>
4:     with running(str(build / name), ['--help']) as (process, log):
4:          ~~~~~~~^^^^^^^^^^^^^^^^^^^^^^^^^^^^^^^
4:   File "/usr/lib/python3.14/contextlib.py", line 162, in __exit__
4:     self.gen.throw(value)
4:     ~~~~~~~~~~~~~~^^^^^^^
4:   File "/home/voc/projects/snodec/publications/book/companion/exercises/lab_support.py", line 51, in running
4:     raise RuntimeError(f'Process exited {process.returncode}: {path.read_text(errors="replace")[-4000:]}')
4: RuntimeError: Process exited 2: 2026-09-22T15:15:10.523Z DBG framework/system core.mux inst=epoll — Core::multiplexer: epoll
4: 2026-09-22T15:15:10.523Z TRC framework/system core.event-loop — SNode.C: Starting ... HELLO
4: Configuration for Application 'echoserver'
4:
4:
4: Usage: /tmp/snodec-environment-lab-necnp1z0/build/echoserver [OPTIONS] [SECTION [--help]]
4:
4: Options (nonpersistent):
4:   -h, --help={standard,exact,expanded} {exact}
4:        Print help message and exit
4:        * standard: display help for the last command processed
4:        * exact: display help for the command directly preceding --help
4:        * expanded: display help including all descendant sections
4:   -s, --show-config
4:        Show current configuration and exit
4:   --command-line={standard,active,complete,required}
4:        Print command-line
4:        * standard (default): Show all non-default and required options
4:        * active: Show all active options
4:        * complete: Show the complete option set with default values
4:        * required: Show only required options
4:   -c, --config-file configfile:NOT DIR [/tmp/snodec-lab-ymiu06u7/.config/snode.c/echoserver.conf]
4:        Read a config file
4:   -w, --write-config configfile:NOT DIR [/tmp/snodec-lab-ymiu06u7/.config/snode.c/echoserver.conf]
4:        Write config file and exit
4:   -k, --kill
4:        Kill running daemon
4:   -a, --aliases instance=instance_alias [instance=instance_alias [...]]:TEXT
4:        Make an instance also known as an alias in configuration files
4:   -v, --version
4:        Framework version
4:
4: Options (persistent):
4:   --log-level level:LOG_LEVEL [4]
4:        Log level (0/off, 1/critical, 2/error, 3/warn, 4/info, 5/debug,
4:        6/trace)
4:   --verbose-level level:INT in [0 - 10] [2]
4:        Legacy verbose level (0..10; no semantic-log effect)
4:   --log-format text|json:FORMAT [text]
4:        Semantic log format
4:   --log-origin-level origin=level:(TEXT) AND (ORIGIN_LEVEL) ...
4:        Semantic origin log level override (framework|application=level)
4:   --log-boundary-level boundary=level:(TEXT) AND (BOUNDARY_LEVEL) ...
4:        Semantic boundary log level override
4:        (application|configuration|instance|connection|context|system=level)
4:   --log-component-level component=level:(TEXT) AND (COMPONENT_LEVEL) ...
4:        Semantic component log level override (component=level)
4:   --log-instance-level instance=level:(TEXT) AND (INSTANCE_LEVEL) ...
4:        Semantic instance log level override (instance=level)
4:   -l, --log-file logFile:NOT DIR [/tmp/snodec-lab-ymiu06u7/.local/log/snode.c/echoserver.log]
4:        Log file
4:   -m, --monochrom={true,false} [true]
4:        Monochrom log output
4:   -q, --quiet={true,false} [false]
4:        Quiet mode
4:   -e, --enforce-log-file={true,false} [false]
4:        Enforce writing of logs to file for foreground applications
4:   -d, --daemonize={true,false} [false]
4:        Start application as daemon
4:   -u, --user-name username:TEXT [voc]
4:        Run daemon under specific user permissions
4:   -g, --group-name groupname:TEXT [voc]
4:        Run daemon under specific group permissions
4:
4: Instances:
4:   echoserver
4:        Configuration for server instance 'echoserver'
4:
4: Application 'echoserver' powered by SNode.C
4: (C) 2020-2026 Volker Christian <me@vchrist.at>
4: https://github.com/SNodeC/snode.c
4:
4: 2026-09-22T15:15:10.526Z TRC framework/system core.event-loop — Core: Graceful shutdown
4: 2026-09-22T15:15:10.526Z DBG framework/instance core.socket.stream role=server inst=echoserver — Initiating listen
4: 2026-09-22T15:15:10.526Z TRC framework/system core.event-loop — Core: Terminate remaining DescriptorEventReceivers and timers
4: 2026-09-22T15:15:10.527Z TRC framework/system core.event-loop — Core: Shutdown config system
4: 2026-09-22T15:15:10.527Z TRC framework/system core.event-loop — Core: All resources released
4: 2026-09-22T15:15:10.527Z TRC framework/system core.event-loop — SNode.C: Ended ... BYE
4:
 4/12 Test  #4: exercise-ch02-component ...........***Failed    4.13 sec
net-in-stream-legacy: loading dependencies 'net-in-stream, core-socket-stream-legacy'
  net-in-stream: loading dependencies 'net-in-phy-stream'
    net-in-phy-stream: loading dependencies 'net-in-phy'
      net-in-phy: loading dependencies 'net-in'
        net-in: loading dependencies 'net'
          net: loading dependencies 'core-socket'
            core-socket: loading dependencies 'core'
              core: loading dependencies 'mux-epoll, utils'
                mux-epoll: loaded
                utils: loading dependencies 'logger'
                  logger: loaded
                utils: loaded
              core: loaded
            core-socket: loaded
          net: loaded
        net-in: loaded
      net-in-phy: loaded
    net-in-phy-stream: loaded
  net-in-stream: loaded
  core-socket-stream-legacy: loading dependencies 'core-socket-stream'
    core-socket-stream: loading dependencies 'core-socket'
      core-socket: already loaded
    core-socket-stream: loaded
  core-socket-stream-legacy: loaded
net-in-stream-legacy: loaded
-- Configuring done (0.0s)
-- Generating done (0.0s)
-- Build files have been written to: /tmp/snodec-environment-lab-necnp1z0/build
[ 16%] Building CXX object CMakeFiles/echosocketcontext.dir/EchoSocketContext.cpp.o
[ 33%] Linking CXX static library libechosocketcontext.a
[ 33%] Built target echosocketcontext
[ 50%] Building CXX object CMakeFiles/echoserver.dir/echoserver.cpp.o
[ 66%] Building CXX object CMakeFiles/echoclient.dir/echoclient.cpp.o
[ 83%] Linking CXX executable echoserver
[100%] Linking CXX executable echoclient
[100%] Built target echoserver
[100%] Built target echoclient
-- The CXX compiler identification is GNU 16.2.0
-- Detecting CXX compiler ABI info
-- Detecting CXX compiler ABI info - done
-- Check for working CXX compiler: /usr/bin/c++ - skipped
-- Detecting CXX compile features
-- Detecting CXX compile features - done
CMake Error at CMakeLists.txt:9 (find_package):
  Found package configuration file:

    /home/voc/projects/snodec/publications/book/build/ci-fix-2026-09-22/install-gcc/lib/cmake/snodec/snodecConfig.cmake

  but it set snodec_FOUND to FALSE so package "snodec" is considered to be
  NOT FOUND.  Reason given by package:

  Unsupported SNode.C component requested: net-in-stream-missing



-- Configuring incomplete, errors occurred!

PASS: missing component stops configuration before any runtime endpoint exists
PASS: snodec_DIR selects the requested installation: /home/voc/projects/snodec/publications/book/build/ci-fix-2026-09-22/install-gcc/lib/cmake/snodec
2026-09-22T15:15:10.523Z DBG framework/system core.mux inst=epoll — Core::multiplexer: epoll
2026-09-22T15:15:10.523Z TRC framework/system core.event-loop — SNode.C: Starting ... HELLO
Configuration for Application 'echoserver'


Usage: /tmp/snodec-environment-lab-necnp1z0/build/echoserver [OPTIONS] [SECTION [--help]]

Options (nonpersistent):
  -h, --help={standard,exact,expanded} {exact}
       Print help message and exit
       * standard: display help for the last command processed
       * exact: display help for the command directly preceding --help
       * expanded: display help including all descendant sections
  -s, --show-config
       Show current configuration and exit
  --command-line={standard,active,complete,required}
       Print command-line
       * standard (default): Show all non-default and required options
       * active: Show all active options
       * complete: Show the complete option set with default values
       * required: Show only required options
  -c, --config-file configfile:NOT DIR [/tmp/snodec-lab-ymiu06u7/.config/snode.c/echoserver.conf]
       Read a config file
  -w, --write-config configfile:NOT DIR [/tmp/snodec-lab-ymiu06u7/.config/snode.c/echoserver.conf]
       Write config file and exit
  -k, --kill
       Kill running daemon
  -a, --aliases instance=instance_alias [instance=instance_alias [...]]:TEXT
       Make an instance also known as an alias in configuration files
  -v, --version
       Framework version

Options (persistent):
  --log-level level:LOG_LEVEL [4]
       Log level (0/off, 1/critical, 2/error, 3/warn, 4/info, 5/debug,
       6/trace)
  --verbose-level level:INT in [0 - 10] [2]
       Legacy verbose level (0..10; no semantic-log effect)
  --log-format text|json:FORMAT [text]
       Semantic log format
  --log-origin-level origin=level:(TEXT) AND (ORIGIN_LEVEL) ...
       Semantic origin log level override (framework|application=level)
  --log-boundary-level boundary=level:(TEXT) AND (BOUNDARY_LEVEL) ...
       Semantic boundary log level override
       (application|configuration|instance|connection|context|system=level)
  --log-component-level component=level:(TEXT) AND (COMPONENT_LEVEL) ...
       Semantic component log level override (component=level)
  --log-instance-level instance=level:(TEXT) AND (INSTANCE_LEVEL) ...
       Semantic instance log level override (instance=level)
  -l, --log-file logFile:NOT DIR [/tmp/snodec-lab-ymiu06u7/.local/log/snode.c/echoserver.log]
       Log file
  -m, --monochrom={true,false} [true]
       Monochrom log output
  -q, --quiet={true,false} [false]
       Quiet mode
  -e, --enforce-log-file={true,false} [false]
       Enforce writing of logs to file for foreground applications
  -d, --daemonize={true,false} [false]
       Start application as daemon
  -u, --user-name username:TEXT [voc]
       Run daemon under specific user permissions
  -g, --group-name groupname:TEXT [voc]
       Run daemon under specific group permissions

Instances:
  echoserver
       Configuration for server instance 'echoserver'

Application 'echoserver' powered by SNode.C
(C) 2020-2026 Volker Christian <me@vchrist.at>
https://github.com/SNodeC/snode.c

2026-09-22T15:15:10.526Z TRC framework/system core.event-loop — Core: Graceful shutdown
2026-09-22T15:15:10.526Z DBG framework/instance core.socket.stream role=server inst=echoserver — Initiating listen
2026-09-22T15:15:10.526Z TRC framework/system core.event-loop — Core: Terminate remaining DescriptorEventReceivers and timers
2026-09-22T15:15:10.527Z TRC framework/system core.event-loop — Core: Shutdown config system
2026-09-22T15:15:10.527Z TRC framework/system core.event-loop — Core: All resources released
2026-09-22T15:15:10.527Z TRC framework/system core.event-loop — SNode.C: Ended ... BYE

Traceback (most recent call last):
  File "/home/voc/projects/snodec/publications/book/companion/exercises/lab_support.py", line 33, in running
    yield process, path
  File "/home/voc/projects/snodec/publications/book/companion/exercises/ch02/solution.py", line 43, in <module>
    assert process.wait(timeout=10) == 0
           ^^^^^^^^^^^^^^^^^^^^^^^^^^^^^
AssertionError

During handling of the above exception, another exception occurred:

Traceback (most recent call last):
  File "/home/voc/projects/snodec/publications/book/companion/exercises/ch02/solution.py", line 42, in <module>
    with running(str(build / name), ['--help']) as (process, log):
         ~~~~~~~^^^^^^^^^^^^^^^^^^^^^^^^^^^^^^^
  File "/usr/lib/python3.14/contextlib.py", line 162, in __exit__
    self.gen.throw(value)
    ~~~~~~~~~~~~~~^^^^^^^
  File "/home/voc/projects/snodec/publications/book/companion/exercises/lab_support.py", line 51, in running
    raise RuntimeError(f'Process exited {process.returncode}: {path.read_text(errors="replace")[-4000:]}')
RuntimeError: Process exited 2: 2026-09-22T15:15:10.523Z DBG framework/system core.mux inst=epoll — Core::multiplexer: epoll
2026-09-22T15:15:10.523Z TRC framework/system core.event-loop — SNode.C: Starting ... HELLO
Configuration for Application 'echoserver'


Usage: /tmp/snodec-environment-lab-necnp1z0/build/echoserver [OPTIONS] [SECTION [--help]]

Options (nonpersistent):
  -h, --help={standard,exact,expanded} {exact}
       Print help message and exit
       * standard: display help for the last command processed
       * exact: display help for the command directly preceding --help
       * expanded: display help including all descendant sections
  -s, --show-config
       Show current configuration and exit
  --command-line={standard,active,complete,required}
       Print command-line
       * standard (default): Show all non-default and required options
       * active: Show all active options
       * complete: Show the complete option set with default values
       * required: Show only required options
  -c, --config-file configfile:NOT DIR [/tmp/snodec-lab-ymiu06u7/.config/snode.c/echoserver.conf]
       Read a config file
  -w, --write-config configfile:NOT DIR [/tmp/snodec-lab-ymiu06u7/.config/snode.c/echoserver.conf]
       Write config file and exit
  -k, --kill
       Kill running daemon
  -a, --aliases instance=instance_alias [instance=instance_alias [...]]:TEXT
       Make an instance also known as an alias in configuration files
  -v, --version
       Framework version

Options (persistent):
  --log-level level:LOG_LEVEL [4]
       Log level (0/off, 1/critical, 2/error, 3/warn, 4/info, 5/debug,
       6/trace)
  --verbose-level level:INT in [0 - 10] [2]
       Legacy verbose level (0..10; no semantic-log effect)
  --log-format text|json:FORMAT [text]
       Semantic log format
  --log-origin-level origin=level:(TEXT) AND (ORIGIN_LEVEL) ...
       Semantic origin log level override (framework|application=level)
  --log-boundary-level boundary=level:(TEXT) AND (BOUNDARY_LEVEL) ...
       Semantic boundary log level override
       (application|configuration|instance|connection|context|system=level)
  --log-component-level component=level:(TEXT) AND (COMPONENT_LEVEL) ...
       Semantic component log level override (component=level)
  --log-instance-level instance=level:(TEXT) AND (INSTANCE_LEVEL) ...
       Semantic instance log level override (instance=level)
  -l, --log-file logFile:NOT DIR [/tmp/snodec-lab-ymiu06u7/.local/log/snode.c/echoserver.log]
       Log file
  -m, --monochrom={true,false} [true]
       Monochrom log output
  -q, --quiet={true,false} [false]
       Quiet mode
  -e, --enforce-log-file={true,false} [false]
       Enforce writing of logs to file for foreground applications
  -d, --daemonize={true,false} [false]
       Start application as daemon
  -u, --user-name username:TEXT [voc]
       Run daemon under specific user permissions
  -g, --group-name groupname:TEXT [voc]
       Run daemon under specific group permissions

Instances:
  echoserver
       Configuration for server instance 'echoserver'

Application 'echoserver' powered by SNode.C
(C) 2020-2026 Volker Christian <me@vchrist.at>
https://github.com/SNodeC/snode.c

2026-09-22T15:15:10.526Z TRC framework/system core.event-loop — Core: Graceful shutdown
2026-09-22T15:15:10.526Z DBG framework/instance core.socket.stream role=server inst=echoserver — Initiating listen
2026-09-22T15:15:10.526Z TRC framework/system core.event-loop — Core: Terminate remaining DescriptorEventReceivers and timers
2026-09-22T15:15:10.527Z TRC framework/system core.event-loop — Core: Shutdown config system
2026-09-22T15:15:10.527Z TRC framework/system core.event-loop — Core: All resources released
2026-09-22T15:15:10.527Z TRC framework/system core.event-loop — SNode.C: Ended ... BYE


test 5
      Start  5: exercise-ch03

5: Test command: /usr/bin/python3 "/home/voc/projects/snodec/publications/book/companion/exercises/ch03/solution.py" "/home/voc/projects/snodec/publications/book/build/proposal-readiness-phase-5b-examples/companion/examples/EchoPair/echoserver" "/home/voc/projects/snodec/publications/book/build/proposal-readiness-phase-5b-examples/companion/exercises/ch03/greeting-client"
5: Working Directory: /home/voc/projects/snodec/publications/book/build/proposal-readiness-phase-5b-examples/companion/exercises/ch03
5: Test timeout computed to be: 40
5: PASS: EchoPair receives Learning by echo
5: PASS: independent measurement peers reflect even invalid values; closing one leaves the other usable
5: PASS: changed greeting and unchanged binary reflection with a controlled peer
 5/12 Test  #5: exercise-ch03 .....................   Passed    0.13 sec
test 6
      Start  6: exercise-ch03-occupied-port

6: Test command: /usr/bin/python3 "/home/voc/projects/snodec/publications/book/companion/exercises/ch03/occupied-port.py" "/home/voc/projects/snodec/publications/book/build/proposal-readiness-phase-5b-examples/companion/examples/EchoPair/echoserver"
6: Working Directory: /home/voc/projects/snodec/publications/book/build/proposal-readiness-phase-5b-examples/companion/exercises/ch03
6: Test timeout computed to be: 40
6: PASS: second listener reports occupied endpoint; original owner still reflects bytes
 6/12 Test  #6: exercise-ch03-occupied-port .......   Passed    0.11 sec
test 7
      Start  7: exercise-ch18

7: Test command: /usr/bin/python3 "/home/voc/projects/snodec/publications/book/companion/exercises/ch18/solution.py" "/home/voc/projects/snodec/publications/book/build/proposal-readiness-phase-5b-examples/companion/examples/SSE-Server/sse-server"
7: Working Directory: /home/voc/projects/snodec/publications/book/build/proposal-readiness-phase-5b-examples/companion/exercises/ch18
7: Test timeout computed to be: 40
7: PASS: 406 on restricted Accept; two matching live events; reconnect starts at current state
 7/12 Test  #7: exercise-ch18 .....................   Passed    0.09 sec
test 8
      Start  8: exercise-ch18-observers

8: Test command: /usr/bin/python3 "/home/voc/projects/snodec/publications/book/companion/exercises/ch18/observers.py" "/home/voc/projects/snodec/publications/book/build/proposal-readiness-phase-5b-examples/companion/examples/SSE-Server/sse-server"
8: Working Directory: /home/voc/projects/snodec/publications/book/build/proposal-readiness-phase-5b-examples/companion/exercises/ch18
8: Test timeout computed to be: 40
8: PASS: both observers see the same acceptance; remaining observer continues after peer closes
 8/12 Test  #8: exercise-ch18-observers ...........   Passed    0.10 sec
test 9
      Start  9: exercise-ch28

9: Test command: /usr/bin/python3 "/home/voc/projects/snodec/publications/book/companion/exercises/ch28/solution.py" "/home/voc/projects/snodec/publications/book/build/proposal-readiness-phase-5b-examples/companion/examples/MiniGateway/minigateway"
9: Working Directory: /home/voc/projects/snodec/publications/book/build/proposal-readiness-phase-5b-examples/companion/exercises/ch28
9: Test timeout computed to be: 40
9: PASS: HTTP/status/SSE agree without MQTT; restart resets sequence to zero
 9/12 Test  #9: exercise-ch28 .....................   Passed    0.13 sec
test 10
      Start 10: exercise-ch28-validation

10: Test command: /home/voc/projects/snodec/publications/book/build/proposal-readiness-phase-5b-examples/companion/exercises/ch28/measurement-validation
10: Working Directory: /home/voc/projects/snodec/publications/book/build/proposal-readiness-phase-5b-examples/companion/exercises/ch28
10: Test timeout computed to be: 10000000
10: PASS: three invalid inputs leave state and notifications unchanged; next acceptance is 2
10/12 Test #10: exercise-ch28-validation ..........   Passed    0.00 sec
test 11
      Start 11: exercise-ch30

11: Test command: /home/voc/projects/snodec/publications/book/build/proposal-readiness-phase-5b-examples/companion/exercises/ch30/model-ownership
11: Working Directory: /home/voc/projects/snodec/publications/book/build/proposal-readiness-phase-5b-examples/companion/exercises/ch30
11: Test timeout computed to be: 10000000
11: PASS: input 900,2,1 -> accepted 1,2,3; detached observer sees only 1,2
11/12 Test #11: exercise-ch30 .....................   Passed    0.00 sec
test 12
      Start 12: exercise-ch30-model-instances

12: Test command: /home/voc/projects/snodec/publications/book/build/proposal-readiness-phase-5b-examples/companion/exercises/ch30/model-instances
12: Working Directory: /home/voc/projects/snodec/publications/book/build/proposal-readiness-phase-5b-examples/companion/exercises/ch30
12: Test timeout computed to be: 10000000
12: PASS: shared inputs accept 1,2; separate model instances each accept 1
12/12 Test #12: exercise-ch30-model-instances .....   Passed    0.00 sec

83% tests passed, 2 tests failed out of 12

Total Test time (real) =   9.22 sec

The following tests FAILED:
	  3 - exercise-ch02-consumer (Failed)
	  4 - exercise-ch02-component (Failed)
Errors while running CTest
