Test project /home/voc/projects/snodec/publications/book/build/proposal-readiness-phase-2-examples
      Start  1: exercise-ch01
 1/10 Test  #1: exercise-ch01 .....................***Failed    0.06 sec
Traceback (most recent call last):
  File "/home/voc/projects/snodec/publications/book/companion/exercises/ch01/solution.py", line 9, in <module>
    port = free_port()
  File "/home/voc/projects/snodec/publications/book/companion/exercises/lab_support.py", line 15, in free_port
    with socket.socket() as sock:
         ~~~~~~~~~~~~~^^
  File "/usr/lib/python3.14/socket.py", line 236, in __init__
    _socket.socket.__init__(self, family, type, proto, fileno)
    ~~~~~~~~~~~~~~~~~~~~~~~^^^^^^^^^^^^^^^^^^^^^^^^^^^^^^^^^^^
PermissionError: [Errno 1] Operation not permitted

      Start  2: exercise-ch01-independent-peers
 2/10 Test  #2: exercise-ch01-independent-peers ...***Failed    0.06 sec
Traceback (most recent call last):
  File "/home/voc/projects/snodec/publications/book/companion/exercises/ch01/independent-peers.py", line 8, in <module>
    port = free_port()
  File "/home/voc/projects/snodec/publications/book/companion/exercises/lab_support.py", line 15, in free_port
    with socket.socket() as sock:
         ~~~~~~~~~~~~~^^
  File "/usr/lib/python3.14/socket.py", line 236, in __init__
    _socket.socket.__init__(self, family, type, proto, fileno)
    ~~~~~~~~~~~~~~~~~~~~~~~^^^^^^^^^^^^^^^^^^^^^^^^^^^^^^^^^^^
PermissionError: [Errno 1] Operation not permitted

      Start  3: exercise-ch03
 3/10 Test  #3: exercise-ch03 .....................***Failed    0.06 sec
Traceback (most recent call last):
  File "/home/voc/projects/snodec/publications/book/companion/exercises/ch03/solution.py", line 10, in <module>
    port = free_port()
  File "/home/voc/projects/snodec/publications/book/companion/exercises/lab_support.py", line 15, in free_port
    with socket.socket() as sock:
         ~~~~~~~~~~~~~^^
  File "/usr/lib/python3.14/socket.py", line 236, in __init__
    _socket.socket.__init__(self, family, type, proto, fileno)
    ~~~~~~~~~~~~~~~~~~~~~~~^^^^^^^^^^^^^^^^^^^^^^^^^^^^^^^^^^^
PermissionError: [Errno 1] Operation not permitted

      Start  4: exercise-ch03-occupied-port
 4/10 Test  #4: exercise-ch03-occupied-port .......***Failed    0.06 sec
Traceback (most recent call last):
  File "/home/voc/projects/snodec/publications/book/companion/exercises/ch03/occupied-port.py", line 8, in <module>
    port = free_port()
  File "/home/voc/projects/snodec/publications/book/companion/exercises/lab_support.py", line 15, in free_port
    with socket.socket() as sock:
         ~~~~~~~~~~~~~^^
  File "/usr/lib/python3.14/socket.py", line 236, in __init__
    _socket.socket.__init__(self, family, type, proto, fileno)
    ~~~~~~~~~~~~~~~~~~~~~~~^^^^^^^^^^^^^^^^^^^^^^^^^^^^^^^^^^^
PermissionError: [Errno 1] Operation not permitted

      Start  5: exercise-ch23
 5/10 Test  #5: exercise-ch23 .....................***Failed    0.06 sec
Traceback (most recent call last):
  File "/home/voc/projects/snodec/publications/book/companion/exercises/ch23/solution.py", line 8, in <module>
    port = free_port()
  File "/home/voc/projects/snodec/publications/book/companion/exercises/lab_support.py", line 15, in free_port
    with socket.socket() as sock:
         ~~~~~~~~~~~~~^^
  File "/usr/lib/python3.14/socket.py", line 236, in __init__
    _socket.socket.__init__(self, family, type, proto, fileno)
    ~~~~~~~~~~~~~~~~~~~~~~~^^^^^^^^^^^^^^^^^^^^^^^^^^^^^^^^^^^
PermissionError: [Errno 1] Operation not permitted

      Start  6: exercise-ch23-observers
 6/10 Test  #6: exercise-ch23-observers ...........***Failed    0.05 sec
Traceback (most recent call last):
  File "/home/voc/projects/snodec/publications/book/companion/exercises/ch23/observers.py", line 8, in <module>
    port = free_port()
  File "/home/voc/projects/snodec/publications/book/companion/exercises/lab_support.py", line 15, in free_port
    with socket.socket() as sock:
         ~~~~~~~~~~~~~^^
  File "/usr/lib/python3.14/socket.py", line 236, in __init__
    _socket.socket.__init__(self, family, type, proto, fileno)
    ~~~~~~~~~~~~~~~~~~~~~~~^^^^^^^^^^^^^^^^^^^^^^^^^^^^^^^^^^^
PermissionError: [Errno 1] Operation not permitted

      Start  7: exercise-ch35
 7/10 Test  #7: exercise-ch35 .....................***Failed    0.06 sec
Traceback (most recent call last):
  File "/home/voc/projects/snodec/publications/book/companion/exercises/ch35/solution.py", line 9, in <module>
    with socket.socket() as unavailable:
         ~~~~~~~~~~~~~^^
  File "/usr/lib/python3.14/socket.py", line 236, in __init__
    _socket.socket.__init__(self, family, type, proto, fileno)
    ~~~~~~~~~~~~~~~~~~~~~~~^^^^^^^^^^^^^^^^^^^^^^^^^^^^^^^^^^^
PermissionError: [Errno 1] Operation not permitted

      Start  8: exercise-ch35-validation
 8/10 Test  #8: exercise-ch35-validation ..........   Passed    0.00 sec
      Start  9: exercise-ch37
 9/10 Test  #9: exercise-ch37 .....................   Passed    0.00 sec
      Start 10: exercise-ch37-model-instances
10/10 Test #10: exercise-ch37-model-instances .....   Passed    0.00 sec

30% tests passed, 7 tests failed out of 10

Total Test time (real) =   0.42 sec

The following tests FAILED:
	  1 - exercise-ch01 (Failed)
	  2 - exercise-ch01-independent-peers (Failed)
	  3 - exercise-ch03 (Failed)
	  4 - exercise-ch03-occupied-port (Failed)
	  5 - exercise-ch23 (Failed)
	  6 - exercise-ch23-observers (Failed)
	  7 - exercise-ch35 (Failed)
Errors while running CTest
