Source alignment passed: 31 chapter/appendix evidence records, 36 exact complete listings; SNode.C 2.0.0, base 1f0f728fc9b3b45174f2cd790d83b2f493e58af1, working-tree digest c83b6344c09b1b1a106bac2fb47cabd0c21543d6e66c19a5432303378770eebf
NOTICE: using a supplied installation; this run does not verify its framework commit or run framework CTests.
net-in-stream-legacy: loading dependencies 'net-in-stream, core-socket-stream-legacy'
  net-in-stream: loading dependencies 'net-in-phy-stream'
    net-in-phy-stream: loading dependencies 'net-in-phy'
      net-in-phy: loading dependencies 'net-in'
        net-in: loading dependencies 'net'
          net: loading dependencies 'core-socket'
            core-socket: loading dependencies 'core'
              core: loading dependencies 'mux-epoll, utils'
                mux-epoll: loaded
                utils: loading dependencies 'logger'
                  logger: loaded
                utils: loaded
              core: loaded
            core-socket: loaded
          net: loaded
        net-in: loaded
      net-in-phy: loaded
    net-in-phy-stream: loaded
  net-in-stream: loaded
  core-socket-stream-legacy: loading dependencies 'core-socket-stream'
    core-socket-stream: loading dependencies 'core-socket'
      core-socket: already loaded
    core-socket-stream: loaded
  core-socket-stream-legacy: loaded
net-in-stream-legacy: loaded
core: loading dependencies 'mux-epoll, utils'
  mux-epoll: loaded
  utils: loading dependencies 'logger'
    logger: loaded
  utils: loaded
core: loaded
http-server-express-legacy-in: loading dependencies 'net-in-stream-legacy, http-server-express'
  net-in-stream-legacy: loading dependencies 'net-in-stream, core-socket-stream-legacy'
    net-in-stream: loading dependencies 'net-in-phy-stream'
      net-in-phy-stream: loading dependencies 'net-in-phy'
        net-in-phy: loading dependencies 'net-in'
          net-in: loading dependencies 'net'
            net: loading dependencies 'core-socket'
              core-socket: loading dependencies 'core'
                core: loading dependencies 'mux-epoll, utils'
                  mux-epoll: loaded
                  utils: loading dependencies 'logger'
                    logger: loaded
                  utils: loaded
                core: loaded
              core-socket: loaded
            net: loaded
          net-in: loaded
        net-in-phy: loaded
      net-in-phy-stream: loaded
    net-in-stream: loaded
    core-socket-stream-legacy: loading dependencies 'core-socket-stream'
      core-socket-stream: loading dependencies 'core-socket'
        core-socket: already loaded
      core-socket-stream: loaded
    core-socket-stream-legacy: loaded
  net-in-stream-legacy: loaded
  http-server-express: loading dependencies 'http-server'
    http-server: loading dependencies 'http'
      http: loading dependencies 'core-socket-stream'
        core-socket-stream: already loaded
      http: loaded
      http: configured
    http-server: loaded
  http-server-express: loaded
http-server-express-legacy-in: loaded
websocket-server: loading dependencies 'websocket, http-server'
  websocket: loading dependencies 'utils'
    utils: already loaded
  websocket: loaded
  websocket: configured
  http-server: already loaded
websocket-server: loaded
http-client: loading dependencies 'http'
  http: loading dependencies 'core-socket-stream'
    core-socket-stream: loading dependencies 'core-socket'
      core-socket: loading dependencies 'core'
        core: loading dependencies 'mux-epoll, utils'
          mux-epoll: loaded
          utils: loading dependencies 'logger'
            logger: loaded
          utils: loaded
        core: loaded
      core-socket: loaded
    core-socket-stream: loaded
  http: loaded
  http: configured
http-client: loaded
net-in-stream-legacy: loading dependencies 'net-in-stream, core-socket-stream-legacy'
  net-in-stream: loading dependencies 'net-in-phy-stream'
    net-in-phy-stream: loading dependencies 'net-in-phy'
      net-in-phy: loading dependencies 'net-in'
        net-in: loading dependencies 'net'
          net: loading dependencies 'core-socket'
            core-socket: already loaded
          net: loaded
        net-in: loaded
      net-in-phy: loaded
    net-in-phy-stream: loaded
  net-in-stream: loaded
  core-socket-stream-legacy: loading dependencies 'core-socket-stream'
    core-socket-stream: already loaded
  core-socket-stream-legacy: loaded
net-in-stream-legacy: loaded
websocket-client: loading dependencies 'websocket, http-client'
  websocket: loading dependencies 'utils'
    utils: already loaded
  websocket: loaded
  websocket: configured
  http-client: already loaded
websocket-client: loaded
http-server-express-legacy-in: loading dependencies 'net-in-stream-legacy, http-server-express'
  net-in-stream-legacy: loading dependencies 'net-in-stream, core-socket-stream-legacy'
    net-in-stream: loading dependencies 'net-in-phy-stream'
      net-in-phy-stream: loading dependencies 'net-in-phy'
        net-in-phy: loading dependencies 'net-in'
          net-in: loading dependencies 'net'
            net: loading dependencies 'core-socket'
              core-socket: loading dependencies 'core'
                core: loading dependencies 'mux-epoll, utils'
                  mux-epoll: loaded
                  utils: loading dependencies 'logger'
                    logger: loaded
                  utils: loaded
                core: loaded
              core-socket: loaded
            net: loaded
          net-in: loaded
        net-in-phy: loaded
      net-in-phy-stream: loaded
    net-in-stream: loaded
    core-socket-stream-legacy: loading dependencies 'core-socket-stream'
      core-socket-stream: loading dependencies 'core-socket'
        core-socket: already loaded
      core-socket-stream: loaded
    core-socket-stream-legacy: loaded
  net-in-stream-legacy: loaded
  http-server-express: loading dependencies 'http-server'
    http-server: loading dependencies 'http'
      http: loading dependencies 'core-socket-stream'
        core-socket-stream: already loaded
      http: loaded
      http: configured
    http-server: loaded
  http-server-express: loaded
http-server-express-legacy-in: loaded
http-client: loading dependencies 'http'
  http: loading dependencies 'core-socket-stream'
    core-socket-stream: loading dependencies 'core-socket'
      core-socket: loading dependencies 'core'
        core: loading dependencies 'mux-epoll, utils'
          mux-epoll: loaded
          utils: loading dependencies 'logger'
            logger: loaded
          utils: loaded
        core: loaded
      core-socket: loaded
    core-socket-stream: loaded
  http: loaded
  http: configured
http-client: loaded
net-in-stream-legacy: loading dependencies 'net-in-stream, core-socket-stream-legacy'
  net-in-stream: loading dependencies 'net-in-phy-stream'
    net-in-phy-stream: loading dependencies 'net-in-phy'
      net-in-phy: loading dependencies 'net-in'
        net-in: loading dependencies 'net'
          net: loading dependencies 'core-socket'
            core-socket: already loaded
          net: loaded
        net-in: loaded
      net-in-phy: loaded
    net-in-phy-stream: loaded
  net-in-stream: loaded
  core-socket-stream-legacy: loading dependencies 'core-socket-stream'
    core-socket-stream: already loaded
  core-socket-stream-legacy: loaded
net-in-stream-legacy: loaded
websocket-server: loading dependencies 'websocket, http-server'
  websocket: loading dependencies 'utils'
    utils: loading dependencies 'logger'
      logger: loaded
    utils: loaded
  websocket: loaded
  websocket: configured
  http-server: loading dependencies 'http'
    http: loading dependencies 'core-socket-stream'
      core-socket-stream: loading dependencies 'core-socket'
        core-socket: loading dependencies 'core'
          core: loading dependencies 'mux-epoll, utils'
            mux-epoll: loaded
            utils: already loaded
          core: loaded
        core-socket: loaded
      core-socket-stream: loaded
    http: loaded
    http: configured
  http-server: loaded
websocket-server: loaded
websocket-client: loading dependencies 'websocket, http-client'
  websocket: loading dependencies 'utils'
    utils: loading dependencies 'logger'
      logger: loaded
    utils: loaded
  websocket: loaded
  websocket: configured
  http-client: loading dependencies 'http'
    http: loading dependencies 'core-socket-stream'
      core-socket-stream: loading dependencies 'core-socket'
        core-socket: loading dependencies 'core'
          core: loading dependencies 'mux-epoll, utils'
            mux-epoll: loaded
            utils: already loaded
          core: loaded
        core-socket: loaded
      core-socket-stream: loaded
    http: loaded
    http: configured
  http-client: loaded
websocket-client: loaded
net-in-stream-legacy: loading dependencies 'net-in-stream, core-socket-stream-legacy'
  net-in-stream: loading dependencies 'net-in-phy-stream'
    net-in-phy-stream: loading dependencies 'net-in-phy'
      net-in-phy: loading dependencies 'net-in'
        net-in: loading dependencies 'net'
          net: loading dependencies 'core-socket'
            core-socket: loading dependencies 'core'
              core: loading dependencies 'mux-epoll, utils'
                mux-epoll: loaded
                utils: loading dependencies 'logger'
                  logger: loaded
                utils: loaded
              core: loaded
            core-socket: loaded
          net: loaded
        net-in: loaded
      net-in-phy: loaded
    net-in-phy-stream: loaded
  net-in-stream: loaded
  core-socket-stream-legacy: loading dependencies 'core-socket-stream'
    core-socket-stream: loading dependencies 'core-socket'
      core-socket: already loaded
    core-socket-stream: loaded
  core-socket-stream-legacy: loaded
net-in-stream-legacy: loaded
net-in-stream-legacy: loading dependencies 'net-in-stream, core-socket-stream-legacy'
  net-in-stream: loading dependencies 'net-in-phy-stream'
    net-in-phy-stream: loading dependencies 'net-in-phy'
      net-in-phy: loading dependencies 'net-in'
        net-in: loading dependencies 'net'
          net: loading dependencies 'core-socket'
            core-socket: loading dependencies 'core'
              core: loading dependencies 'mux-epoll, utils'
                mux-epoll: loaded
                utils: loading dependencies 'logger'
                  logger: loaded
                utils: loaded
              core: loaded
            core-socket: loaded
          net: loaded
        net-in: loaded
      net-in-phy: loaded
    net-in-phy-stream: loaded
  net-in-stream: loaded
  core-socket-stream-legacy: loading dependencies 'core-socket-stream'
    core-socket-stream: loading dependencies 'core-socket'
      core-socket: already loaded
    core-socket-stream: loaded
  core-socket-stream-legacy: loaded
net-in-stream-legacy: loaded
mqtt-client: loading dependencies 'mqtt'
  mqtt: loading dependencies 'core-socket-stream'
    core-socket-stream: loading dependencies 'core-socket'
      core-socket: loading dependencies 'core'
        core: loading dependencies 'mux-epoll, utils'
          mux-epoll: loaded
          utils: loading dependencies 'logger'
            logger: loaded
          utils: loaded
        core: loaded
      core-socket: loaded
    core-socket-stream: loaded
  mqtt: loaded
mqtt-client: loaded
db-mariadb: loading dependencies 'core'
  core: loading dependencies 'mux-epoll, utils'
    mux-epoll: loaded
    utils: loading dependencies 'logger'
      logger: loaded
    utils: loaded
  core: loaded
db-mariadb: loaded
http-server-express-legacy-in: loading dependencies 'net-in-stream-legacy, http-server-express'
  net-in-stream-legacy: loading dependencies 'net-in-stream, core-socket-stream-legacy'
    net-in-stream: loading dependencies 'net-in-phy-stream'
      net-in-phy-stream: loading dependencies 'net-in-phy'
        net-in-phy: loading dependencies 'net-in'
          net-in: loading dependencies 'net'
            net: loading dependencies 'core-socket'
              core-socket: loading dependencies 'core'
                core: loading dependencies 'mux-epoll, utils'
                  mux-epoll: loaded
                  utils: loading dependencies 'logger'
                    logger: loaded
                  utils: loaded
                core: loaded
              core-socket: loaded
            net: loaded
          net-in: loaded
        net-in-phy: loaded
      net-in-phy-stream: loaded
    net-in-stream: loaded
    core-socket-stream-legacy: loading dependencies 'core-socket-stream'
      core-socket-stream: loading dependencies 'core-socket'
        core-socket: already loaded
      core-socket-stream: loaded
    core-socket-stream-legacy: loaded
  net-in-stream-legacy: loaded
  http-server-express: loading dependencies 'http-server'
    http-server: loading dependencies 'http'
      http: loading dependencies 'core-socket-stream'
        core-socket-stream: already loaded
      http: loaded
      http: configured
    http-server: loaded
  http-server-express: loaded
http-server-express-legacy-in: loaded
net-in-stream-legacy: already loaded
mqtt-client: loading dependencies 'mqtt'
  mqtt: loading dependencies 'core-socket-stream'
    core-socket-stream: already loaded
  mqtt: loaded
mqtt-client: loaded
http-server-express-legacy-in: loading dependencies 'net-in-stream-legacy, http-server-express'
  net-in-stream-legacy: loading dependencies 'net-in-stream, core-socket-stream-legacy'
    net-in-stream: loading dependencies 'net-in-phy-stream'
      net-in-phy-stream: loading dependencies 'net-in-phy'
        net-in-phy: loading dependencies 'net-in'
          net-in: loading dependencies 'net'
            net: loading dependencies 'core-socket'
              core-socket: loading dependencies 'core'
                core: loading dependencies 'mux-epoll, utils'
                  mux-epoll: loaded
                  utils: loading dependencies 'logger'
                    logger: loaded
                  utils: loaded
                core: loaded
              core-socket: loaded
            net: loaded
          net-in: loaded
        net-in-phy: loaded
      net-in-phy-stream: loaded
    net-in-stream: loaded
    core-socket-stream-legacy: loading dependencies 'core-socket-stream'
      core-socket-stream: loading dependencies 'core-socket'
        core-socket: already loaded
      core-socket-stream: loaded
    core-socket-stream-legacy: loaded
  net-in-stream-legacy: loaded
  http-server-express: loading dependencies 'http-server'
    http-server: loading dependencies 'http'
      http: loading dependencies 'core-socket-stream'
        core-socket-stream: already loaded
      http: loaded
      http: configured
    http-server: loaded
  http-server-express: loaded
http-server-express-legacy-in: loaded
net-in-stream-legacy: already loaded
mqtt-client: loading dependencies 'mqtt'
  mqtt: loading dependencies 'core-socket-stream'
    core-socket-stream: already loaded
  mqtt: loaded
mqtt-client: loaded
net-un-stream-legacy: loading dependencies 'net-un-stream, core-socket-stream-legacy'
  net-un-stream: loading dependencies 'net-un-phy-stream'
    net-un-phy-stream: loading dependencies 'net-un-phy'
      net-un-phy: loading dependencies 'net-un'
        net-un: loading dependencies 'net'
          net: already loaded
        net-un: loaded
      net-un-phy: loaded
    net-un-phy-stream: loaded
  net-un-stream: loaded
  core-socket-stream-legacy: already loaded
net-un-stream-legacy: loaded
core: loading dependencies 'mux-epoll, utils'
  mux-epoll: loaded
  utils: loading dependencies 'logger'
    logger: loaded
  utils: loaded
core: loaded
net-in-stream-legacy: loading dependencies 'net-in-stream, core-socket-stream-legacy'
  net-in-stream: loading dependencies 'net-in-phy-stream'
    net-in-phy-stream: loading dependencies 'net-in-phy'
      net-in-phy: loading dependencies 'net-in'
        net-in: loading dependencies 'net'
          net: loading dependencies 'core-socket'
            core-socket: loading dependencies 'core'
              core: loading dependencies 'mux-epoll, utils'
                mux-epoll: loaded
                utils: loading dependencies 'logger'
                  logger: loaded
                utils: loaded
              core: loaded
            core-socket: loaded
          net: loaded
        net-in: loaded
      net-in-phy: loaded
    net-in-phy-stream: loaded
  net-in-stream: loaded
  core-socket-stream-legacy: loading dependencies 'core-socket-stream'
    core-socket-stream: loading dependencies 'core-socket'
      core-socket: already loaded
    core-socket-stream: loaded
  core-socket-stream-legacy: loaded
net-in-stream-legacy: loaded
net-in6-stream-legacy: loading dependencies 'net-in6-stream, core-socket-stream-legacy'
  net-in6-stream: loading dependencies 'net-in6-phy-stream'
    net-in6-phy-stream: loading dependencies 'net-in6-phy'
      net-in6-phy: loading dependencies 'net-in6'
        net-in6: loading dependencies 'net'
          net: already loaded
        net-in6: loaded
      net-in6-phy: loaded
    net-in6-phy-stream: loaded
  net-in6-stream: loaded
  core-socket-stream-legacy: already loaded
net-in6-stream-legacy: loaded
net-un-stream-legacy: loading dependencies 'net-un-stream, core-socket-stream-legacy'
  net-un-stream: loading dependencies 'net-un-phy-stream'
    net-un-phy-stream: loading dependencies 'net-un-phy'
      net-un-phy: loading dependencies 'net-un'
        net-un: loading dependencies 'net'
          net: already loaded
        net-un: loaded
      net-un-phy: loaded
    net-un-phy-stream: loaded
  net-un-stream: loaded
  core-socket-stream-legacy: already loaded
net-un-stream-legacy: loaded
net-rc-stream-legacy: loading dependencies 'net-rc-stream, core-socket-stream-legacy'
  net-rc-stream: loading dependencies 'net-rc-phy-stream'
    net-rc-phy-stream: loading dependencies 'net-rc-phy'
      net-rc-phy: loading dependencies 'net-rc'
        net-rc: loading dependencies 'net'
          net: loading dependencies 'core-socket'
            core-socket: loading dependencies 'core'
              core: loading dependencies 'mux-epoll, utils'
                mux-epoll: loaded
                utils: loading dependencies 'logger'
                  logger: loaded
                utils: loaded
              core: loaded
            core-socket: loaded
          net: loaded
        net-rc: loaded
      net-rc-phy: loaded
    net-rc-phy-stream: loaded
  net-rc-stream: loaded
  core-socket-stream-legacy: loading dependencies 'core-socket-stream'
    core-socket-stream: loading dependencies 'core-socket'
      core-socket: already loaded
    core-socket-stream: loaded
  core-socket-stream-legacy: loaded
net-rc-stream-legacy: loaded
net-l2-stream-legacy: loading dependencies 'net-l2-stream, core-socket-stream-legacy'
  net-l2-stream: loading dependencies 'net-l2-phy-stream'
    net-l2-phy-stream: loading dependencies 'net-l2-phy'
      net-l2-phy: loading dependencies 'net-l2'
        net-l2: loading dependencies 'net'
          net: already loaded
        net-l2: loaded
      net-l2-phy: loaded
    net-l2-phy-stream: loaded
  net-l2-stream: loaded
  core-socket-stream-legacy: already loaded
net-l2-stream-legacy: loaded
net-in-stream-legacy: loading dependencies 'net-in-stream, core-socket-stream-legacy'
  net-in-stream: loading dependencies 'net-in-phy-stream'
    net-in-phy-stream: loading dependencies 'net-in-phy'
      net-in-phy: loading dependencies 'net-in'
        net-in: loading dependencies 'net'
          net: loading dependencies 'core-socket'
            core-socket: loading dependencies 'core'
              core: loading dependencies 'mux-epoll, utils'
                mux-epoll: loaded
                utils: loading dependencies 'logger'
                  logger: loaded
                utils: loaded
              core: loaded
            core-socket: loaded
          net: loaded
        net-in: loaded
      net-in-phy: loaded
    net-in-phy-stream: loaded
  net-in-stream: loaded
  core-socket-stream-legacy: loading dependencies 'core-socket-stream'
    core-socket-stream: loading dependencies 'core-socket'
      core-socket: already loaded
    core-socket-stream: loaded
  core-socket-stream-legacy: loaded
net-in-stream-legacy: loaded
net-un-stream-legacy: loading dependencies 'net-un-stream, core-socket-stream-legacy'
  net-un-stream: loading dependencies 'net-un-phy-stream'
    net-un-phy-stream: loading dependencies 'net-un-phy'
      net-un-phy: loading dependencies 'net-un'
        net-un: loading dependencies 'net'
          net: loading dependencies 'core-socket'
            core-socket: loading dependencies 'core'
              core: loading dependencies 'mux-epoll, utils'
                mux-epoll: loaded
                utils: loading dependencies 'logger'
                  logger: loaded
                utils: loaded
              core: loaded
            core-socket: loaded
          net: loaded
        net-un: loaded
      net-un-phy: loaded
    net-un-phy-stream: loaded
  net-un-stream: loaded
  core-socket-stream-legacy: loading dependencies 'core-socket-stream'
    core-socket-stream: loading dependencies 'core-socket'
      core-socket: already loaded
    core-socket-stream: loaded
  core-socket-stream-legacy: loaded
net-un-stream-legacy: loaded
net-in-stream-tls: loading dependencies 'net-in-stream, core-socket-stream-tls'
  net-in-stream: loading dependencies 'net-in-phy-stream'
    net-in-phy-stream: loading dependencies 'net-in-phy'
      net-in-phy: loading dependencies 'net-in'
        net-in: loading dependencies 'net'
          net: loading dependencies 'core-socket'
            core-socket: loading dependencies 'core'
              core: loading dependencies 'mux-epoll, utils'
                mux-epoll: loaded
                utils: loading dependencies 'logger'
                  logger: loaded
                utils: loaded
              core: loaded
            core-socket: loaded
          net: loaded
        net-in: loaded
      net-in-phy: loaded
    net-in-phy-stream: loaded
  net-in-stream: loaded
  core-socket-stream-tls: loading dependencies 'core-socket-stream'
    core-socket-stream: loading dependencies 'core-socket'
      core-socket: already loaded
    core-socket-stream: loaded
  core-socket-stream-tls: loaded
net-in-stream-tls: loaded
http-server-express-legacy-in: loading dependencies 'net-in-stream-legacy, http-server-express'
  net-in-stream-legacy: loading dependencies 'net-in-stream, core-socket-stream-legacy'
    net-in-stream: loading dependencies 'net-in-phy-stream'
      net-in-phy-stream: loading dependencies 'net-in-phy'
        net-in-phy: loading dependencies 'net-in'
          net-in: loading dependencies 'net'
            net: loading dependencies 'core-socket'
              core-socket: loading dependencies 'core'
                core: loading dependencies 'mux-epoll, utils'
                  mux-epoll: loaded
                  utils: loading dependencies 'logger'
                    logger: loaded
                  utils: loaded
                core: loaded
              core-socket: loaded
            net: loaded
          net-in: loaded
        net-in-phy: loaded
      net-in-phy-stream: loaded
    net-in-stream: loaded
    core-socket-stream-legacy: loading dependencies 'core-socket-stream'
      core-socket-stream: loading dependencies 'core-socket'
        core-socket: already loaded
      core-socket-stream: loaded
    core-socket-stream-legacy: loaded
  net-in-stream-legacy: loaded
  http-server-express: loading dependencies 'http-server'
    http-server: loading dependencies 'http'
      http: loading dependencies 'core-socket-stream'
        core-socket-stream: already loaded
      http: loaded
      http: configured
    http-server: loaded
  http-server-express: loaded
http-server-express-legacy-in: loaded
websocket-server: loading dependencies 'websocket, http-server'
  websocket: loading dependencies 'utils'
    utils: loading dependencies 'logger'
      logger: loaded
    utils: loaded
  websocket: loaded
  websocket: configured
  http-server: loading dependencies 'http'
    http: loading dependencies 'core-socket-stream'
      core-socket-stream: loading dependencies 'core-socket'
        core-socket: loading dependencies 'core'
          core: loading dependencies 'mux-epoll, utils'
            mux-epoll: loaded
            utils: already loaded
          core: loaded
        core-socket: loaded
      core-socket-stream: loaded
    http: loaded
    http: configured
  http-server: loaded
websocket-server: loaded
websocket-client: loading dependencies 'websocket, http-client'
  websocket: already loaded
  http-client: loading dependencies 'http'
    http: already loaded
  http-client: loaded
websocket-client: loaded
http-server-express-legacy-in: loading dependencies 'net-in-stream-legacy, http-server-express'
  net-in-stream-legacy: loading dependencies 'net-in-stream, core-socket-stream-legacy'
    net-in-stream: loading dependencies 'net-in-phy-stream'
      net-in-phy-stream: loading dependencies 'net-in-phy'
        net-in-phy: loading dependencies 'net-in'
          net-in: loading dependencies 'net'
            net: loading dependencies 'core-socket'
              core-socket: already loaded
            net: loaded
          net-in: loaded
        net-in-phy: loaded
      net-in-phy-stream: loaded
    net-in-stream: loaded
    core-socket-stream-legacy: loading dependencies 'core-socket-stream'
      core-socket-stream: already loaded
    core-socket-stream-legacy: loaded
  net-in-stream-legacy: loaded
  http-server-express: loading dependencies 'http-server'
    http-server: already loaded
  http-server-express: loaded
http-server-express-legacy-in: loaded
http-client: already loaded
net-in-stream-legacy: already loaded
mqtt-client: loading dependencies 'mqtt'
  mqtt: loading dependencies 'core-socket-stream'
    core-socket-stream: loading dependencies 'core-socket'
      core-socket: loading dependencies 'core'
        core: loading dependencies 'mux-epoll, utils'
          mux-epoll: loaded
          utils: loading dependencies 'logger'
            logger: loaded
          utils: loaded
        core: loaded
      core-socket: loaded
    core-socket-stream: loaded
  mqtt: loaded
mqtt-client: loaded
mqtt-server: loading dependencies 'mqtt'
  mqtt: already loaded
mqtt-server: loaded
net-in-stream-legacy: loading dependencies 'net-in-stream, core-socket-stream-legacy'
  net-in-stream: loading dependencies 'net-in-phy-stream'
    net-in-phy-stream: loading dependencies 'net-in-phy'
      net-in-phy: loading dependencies 'net-in'
        net-in: loading dependencies 'net'
          net: loading dependencies 'core-socket'
            core-socket: already loaded
          net: loaded
        net-in: loaded
      net-in-phy: loaded
    net-in-phy-stream: loaded
  net-in-stream: loaded
  core-socket-stream-legacy: loading dependencies 'core-socket-stream'
    core-socket-stream: already loaded
  core-socket-stream-legacy: loaded
net-in-stream-legacy: loaded
mqtt-client-websocket: loading dependencies 'mqtt-client, websocket-client'
  mqtt-client: loading dependencies 'mqtt'
    mqtt: loading dependencies 'core-socket-stream'
      core-socket-stream: loading dependencies 'core-socket'
        core-socket: loading dependencies 'core'
          core: loading dependencies 'mux-epoll, utils'
            mux-epoll: loaded
            utils: loading dependencies 'logger'
              logger: loaded
            utils: loaded
          core: loaded
        core-socket: loaded
      core-socket-stream: loaded
    mqtt: loaded
  mqtt-client: loaded
  websocket-client: loading dependencies 'websocket, http-client'
    websocket: loading dependencies 'utils'
      utils: already loaded
    websocket: loaded
    websocket: configured
    http-client: loading dependencies 'http'
      http: loading dependencies 'core-socket-stream'
        core-socket-stream: already loaded
      http: loaded
      http: configured
    http-client: loaded
  websocket-client: loaded
mqtt-client-websocket: loaded
websocket-client: already loaded
http-client: already loaded
net-in-stream-legacy: loading dependencies 'net-in-stream, core-socket-stream-legacy'
  net-in-stream: loading dependencies 'net-in-phy-stream'
    net-in-phy-stream: loading dependencies 'net-in-phy'
      net-in-phy: loading dependencies 'net-in'
        net-in: loading dependencies 'net'
          net: loading dependencies 'core-socket'
            core-socket: already loaded
          net: loaded
        net-in: loaded
      net-in-phy: loaded
    net-in-phy-stream: loaded
  net-in-stream: loaded
  core-socket-stream-legacy: loading dependencies 'core-socket-stream'
    core-socket-stream: already loaded
  core-socket-stream-legacy: loaded
net-in-stream-legacy: loaded
-- Configuring done (0.3s)
-- Generating done (0.1s)
-- Build files have been written to: /home/voc/projects/snodec/publications/book/build/proposal-readiness-phase-5i-examples
[1/112] Building CXX object companion/examples/WebSocket-Echo-ServerSubprotocol/CMakeFiles/websocket-echo-server-subprotocol.dir/EchoServerFactory.cpp.o
[2/112] Building CXX object companion/examples/WebSocket-Echo-ClientSubprotocol/CMakeFiles/websocket-echo-client-subprotocol.dir/EchoClient.cpp.o
[3/112] Building CXX object companion/examples/WebSocket-Echo-ClientSubprotocol/CMakeFiles/websocket-echo-client-subprotocol.dir/EchoClientFactory.cpp.o
[4/112] Building CXX object companion/examples/EchoPair/CMakeFiles/echosocketcontext.dir/EchoSocketContext.cpp.o
[5/112] Building CXX object companion/examples/WebSocket-Echo-ServerSubprotocol/CMakeFiles/websocket-echo-server-subprotocol.dir/EchoServer.cpp.o
[6/112] Linking CXX static library companion/examples/EchoPair/libechosocketcontext.a
[7/112] Building CXX object companion/examples/MQTT-ClientRole/CMakeFiles/mqtt-client-role.dir/SensorClient.cpp.o
[8/112] Building CXX object companion/examples/SemanticLogging/CMakeFiles/semantic-logging.dir/main.cpp.o
[9/112] Building CXX object companion/examples/Comparison-AsioEcho/CMakeFiles/asio-echo.dir/main.cpp.o
[10/112] Building CXX object companion/examples/EchoPair/CMakeFiles/echoserver.dir/echoserver.cpp.o
[11/112] Building CXX object companion/examples/EchoPair/CMakeFiles/echoclient.dir/echoclient.cpp.o
[12/112] Building CXX object companion/examples/HttpUpgrade-Server/CMakeFiles/http-upgrade-server.dir/main.cpp.o
[13/112] Linking CXX shared library companion/examples/WebSocket-Echo-ServerSubprotocol/libsnodec-websocket-echo-server.so.2
[14/112] Linking CXX shared library companion/examples/WebSocket-Echo-ClientSubprotocol/libsnodec-websocket-echo-client.so.2
[15/112] Building CXX object companion/examples/HttpUpgrade-Client/CMakeFiles/http-upgrade-client.dir/main.cpp.o
[16/112] Building CXX object companion/examples/LineProtocol-Server/CMakeFiles/line-protocol-server.dir/LineCommandServerContext.cpp.o
[17/112] Building CXX object companion/examples/SSE-EventSource-Client/CMakeFiles/sse-eventsource-client.dir/main.cpp.o
[18/112] Building CXX object companion/examples/SSE-Server/CMakeFiles/sse-server.dir/main.cpp.o
[19/112] Linking CXX static library companion/examples/MQTT-ClientRole/libmqtt-client-role.a
[20/112] Building CXX object companion/examples/LineProtocol-Server/CMakeFiles/line-protocol-server.dir/main.cpp.o
[21/112] Building CXX object companion/examples/LineProtocol-Client/CMakeFiles/line-protocol-client.dir/LineCommandClientContext.cpp.o
[22/112] Building CXX object companion/examples/MariaDB-Minimal/CMakeFiles/mariadb-minimal.dir/main.cpp.o
[23/112] Building CXX object companion/examples/MiniGateway/CMakeFiles/minigateway.dir/MeasurementModel.cpp.o
[24/112] Building CXX object companion/examples/LineProtocol-Client/CMakeFiles/line-protocol-client.dir/main.cpp.o
[25/112] Building CXX object companion/examples/MiniGateway/CMakeFiles/minigateway.dir/MeasurementJsonCodec.cpp.o
[26/112] Building CXX object companion/examples/MiniGateway/CMakeFiles/minigateway.dir/main.cpp.o
[27/112] Building CXX object companion/examples/MiniGateway/CMakeFiles/minigateway.dir/MiniGatewayMqtt.cpp.o
[28/112] Building CXX object companion/examples/MiniGateway/CMakeFiles/minigateway.dir/SocketStateReporter.cpp.o
[29/112] Building CXX object companion/examples/MiniGateway/CMakeFiles/minigateway.dir/MiniGatewayWeb.cpp.o
[30/112] Building CXX object companion/examples/MiniGateway/CMakeFiles/minigateway.dir/MiniGatewayMqttClient.cpp.o
[31/112] Building CXX object companion/examples/MiniGateway/CMakeFiles/minigateway.dir/MiniGatewayMqttSocketContextFactory.cpp.o
[32/112] Building CXX object companion/examples/MiniGateway-Extended/CMakeFiles/minigateway-extended.dir/MeasurementModel.cpp.o
[33/112] Building CXX object companion/examples/MiniGateway/CMakeFiles/minigateway.dir/ConfigSections.cpp.o
[34/112] Building CXX object companion/examples/MiniGateway-Extended/CMakeFiles/minigateway-extended.dir/main.cpp.o
[35/112] Building CXX object companion/examples/MiniGateway-Extended/CMakeFiles/minigateway-extended.dir/MeasurementJsonCodec.cpp.o
[36/112] Building CXX object companion/examples/MiniGateway-Extended/CMakeFiles/minigateway-extended.dir/MeasurementUnixSocketContextFactory.cpp.o
[37/112] Building CXX object companion/examples/MiniGateway-Extended/CMakeFiles/minigateway-extended.dir/MeasurementUnixSocketContext.cpp.o
[38/112] Building CXX object companion/examples/MiniGateway-Extended/CMakeFiles/minigateway-extended.dir/MiniGatewayWeb.cpp.o
[39/112] Building CXX object companion/examples/MiniGateway-Extended/CMakeFiles/minigateway-extended.dir/MeasurementUnixSocketServer.cpp.o
[40/112] Building CXX object companion/examples/MiniGateway-Extended/CMakeFiles/minigateway-extended.dir/MiniGatewayMqtt.cpp.o
[41/112] Building CXX object companion/examples/MiniGateway-Extended/CMakeFiles/minigateway-extended.dir/SocketStateReporter.cpp.o
[42/112] Building CXX object companion/examples/MiniGateway-Extended/CMakeFiles/minigateway-extended.dir/MiniGatewayMqttClient.cpp.o
[43/112] Building CXX object companion/exercises/ch05/CMakeFiles/deferred-work.dir/deferred-work.cpp.o
[44/112] Building CXX object companion/examples/MiniGateway-Extended/CMakeFiles/minigateway-extended.dir/MiniGatewayMqttSocketContextFactory.cpp.o
[45/112] Building CXX object companion/examples/MiniGateway-Extended/CMakeFiles/minigateway-extended.dir/ConfigSections.cpp.o
[46/112] Building CXX object companion/exercises/ch03/CMakeFiles/greeting-client.dir/greeting-client.cpp.o
[47/112] Building CXX object companion/exercises/ch08/CMakeFiles/bluetooth-selectors.dir/selectors.cpp.o
[48/112] Building CXX object companion/exercises/ch06/CMakeFiles/endpoint-in.dir/family-server.cpp.o
[49/112] Building CXX object companion/exercises/ch06/CMakeFiles/endpoint-in6.dir/family-server.cpp.o
[50/112] Building CXX object companion/exercises/ch06/CMakeFiles/endpoint-un.dir/family-server.cpp.o
[51/112] Building CXX object companion/exercises/ch10/CMakeFiles/line-refusal.dir/__/__/examples/LineProtocol-Server/LineCommandServerContext.cpp.o
[52/112] Building CXX object companion/exercises/ch08/CMakeFiles/endpoint-rc.dir/__/ch06/family-server.cpp.o
[53/112] Building CXX object companion/exercises/ch11/CMakeFiles/line-unix.dir/__/__/examples/LineProtocol-Server/LineCommandServerContext.cpp.o
[54/112] Building CXX object companion/exercises/ch08/CMakeFiles/endpoint-l2.dir/__/ch06/family-server.cpp.o
[55/112] Building CXX object companion/exercises/ch10/CMakeFiles/line-refusal.dir/refusal.cpp.o
[56/112] Building CXX object companion/exercises/ch11/CMakeFiles/line-unix.dir/unix-main.cpp.o
[57/112] Building CXX object companion/exercises/ch14/CMakeFiles/tls-policy-lab.dir/tls-runtime.cpp.o
[58/112] Building CXX object companion/exercises/ch14/CMakeFiles/tls-echo.dir/tls-main.cpp.o
[59/112] Building CXX object companion/exercises/ch19/CMakeFiles/ws-lab-server.dir/__/__/examples/WebSocket-Echo-ServerSubprotocol/EchoServerFactory.cpp.o
[60/112] Building CXX object companion/exercises/ch19/CMakeFiles/ws-lab-server.dir/__/__/examples/WebSocket-Echo-ServerSubprotocol/EchoServer.cpp.o
[61/112] Building CXX object companion/exercises/ch17/CMakeFiles/dispatch-lab.dir/dispatch.cpp.o
[62/112] Building CXX object companion/exercises/ch19/CMakeFiles/ws-lab-client.dir/__/__/examples/WebSocket-Echo-ClientSubprotocol/EchoClient.cpp.o
[63/112] Building CXX object companion/exercises/ch19/CMakeFiles/ws-lab-client.dir/__/__/examples/WebSocket-Echo-ClientSubprotocol/EchoClientFactory.cpp.o
[64/112] Building CXX object companion/exercises/ch19/CMakeFiles/ws-lab-server.dir/server.cpp.o
[65/112] Building CXX object companion/exercises/ch19/CMakeFiles/ws-lab-client.dir/client.cpp.o
[66/112] Building CXX object companion/exercises/ch20/CMakeFiles/mqtt-role-lab.dir/client.cpp.o
[67/112] Building CXX object companion/exercises/ch20/CMakeFiles/mqtt-broker-lab.dir/broker.cpp.o
[68/112] Building CXX object companion/exercises/ch21/CMakeFiles/mqtt-ws-lab.dir/factory.cpp.o
FAILED: [code=1] companion/exercises/ch21/CMakeFiles/mqtt-ws-lab.dir/factory.cpp.o 
/usr/bin/c++ -DHAS_LIBMAGIC -I/home/voc/projects/snodec/publications/book/companion/exercises/ch21/../../examples/MQTT-ClientRole -isystem /home/voc/projects/snodec/publications/book/build/ci-fix-2026-09-22/install-gcc/include/snode.c  -MD -MT companion/exercises/ch21/CMakeFiles/mqtt-ws-lab.dir/factory.cpp.o -MF companion/exercises/ch21/CMakeFiles/mqtt-ws-lab.dir/factory.cpp.o.d -o companion/exercises/ch21/CMakeFiles/mqtt-ws-lab.dir/factory.cpp.o -c /home/voc/projects/snodec/publications/book/companion/exercises/ch21/factory.cpp
/home/voc/projects/snodec/publications/book/companion/exercises/ch21/factory.cpp: In function ‘void linkMqttLab()’:
/home/voc/projects/snodec/publications/book/companion/exercises/ch21/factory.cpp:15:61: error: no matching function for call to ‘web::websocket::client::SubProtocolFactorySelector::link(const char [5], linkMqttLab()::<lambda()>)’
   15 |     web::websocket::client::SubProtocolFactorySelector::link("mqtt", []() -> web::websocket::SubProtocolFactory<web::websocket::client::SubProtocol>* { return new Factory; });
      |     ~~~~~~~~~~~~~~~~~~~~~~~~~~~~~~~~~~~~~~~~~~~~~~~~~~~~~~~~^~~~~~~~~~~~~~~~~~~~~~~~~~~~~~~~~~~~~~~~~~~~~~~~~~~~~~~~~~~~~~~~~~~~~~~~~~~~~~~~~~~~~~~~~~~~~~~~~~~~~~~~~~~~~~~~~~
  • there is 1 candidate
In file included from /home/voc/projects/snodec/publications/book/companion/exercises/ch21/factory.cpp:4:
    • candidate 1: ‘template<class SubProtocolFactory> static void web::websocket::client::SubProtocolFactorySelector::link(const std::string&, SubProtocolFactory* (*)())’
      /home/voc/projects/snodec/publications/book/build/ci-fix-2026-09-22/install-gcc/include/snode.c/web/websocket/client/SubProtocolFactorySelector.h:82:21:
         82 |         static void link(const std::string& subProtocolName, SubProtocolFactory* (*getSubProtocolFactory)()) {
            |                     ^~~~
      • template argument deduction/substitution failed:
        •   mismatched types ‘SubProtocolFactory* (*)()’ and ‘linkMqttLab()::<lambda()>’
          /home/voc/projects/snodec/publications/book/companion/exercises/ch21/factory.cpp:15:61:
             15 |     web::websocket::client::SubProtocolFactorySelector::link("mqtt", []() -> web::websocket::SubProtocolFactory<web::websocket::client::SubProtocol>* { return new Factory; });
                |     ~~~~~~~~~~~~~~~~~~~~~~~~~~~~~~~~~~~~~~~~~~~~~~~~~~~~~~~~^~~~~~~~~~~~~~~~~~~~~~~~~~~~~~~~~~~~~~~~~~~~~~~~~~~~~~~~~~~~~~~~~~~~~~~~~~~~~~~~~~~~~~~~~~~~~~~~~~~~~~~~~~~~~~~~~~
[69/112] Building CXX object companion/exercises/ch28/CMakeFiles/measurement-validation.dir/__/__/examples/MiniGateway/MeasurementModel.cpp.o
[70/112] Building CXX object companion/exercises/ch21/CMakeFiles/mqtt-ws-lab.dir/client.cpp.o
[71/112] Building CXX object companion/exercises/ch28/CMakeFiles/measurement-validation.dir/validation.cpp.o
ninja: build stopped: subcommand failed.
