COMMAND: ctest --test-dir /home/voc/projects/snodec/publications/book/build/proposal-readiness-phase-5c-examples --output-on-failure --no-tests=error -V
UpdateCTestConfiguration  from :/home/voc/projects/snodec/publications/book/build/proposal-readiness-phase-5c-examples/DartConfiguration.tcl
Test project /home/voc/projects/snodec/publications/book/build/proposal-readiness-phase-5c-examples
Constructing a list of tests
Done constructing a list of tests
Updating test list for fixtures
Added 0 tests to meet fixture requirements
Checking test dependency graph...
Checking test dependency graph end
test 1
      Start  1: exercise-ch01

1: Test command: /usr/bin/python3 "/home/voc/projects/snodec/publications/book/companion/exercises/ch01/solution.py" "/home/voc/projects/snodec/publications/book/build/proposal-readiness-phase-5c-examples/companion/examples/EchoPair/echoserver" "/home/voc/projects/snodec/publications/book/build/proposal-readiness-phase-5c-examples/companion/examples/Comparison-AsioEcho/asio-echo"
1: Working Directory: /home/voc/projects/snodec/publications/book/build/proposal-readiness-phase-5c-examples/companion/exercises/ch01
1: Test timeout computed to be: 40
1: PASS: snodec: 20480 binary bytes unchanged; next connection also works
1: PASS: asio: 20480 binary bytes unchanged; next connection also works
 1/16 Test  #1: exercise-ch01 .....................   Passed    0.22 sec
test 2
      Start  2: exercise-ch01-independent-peers

2: Test command: /usr/bin/python3 "/home/voc/projects/snodec/publications/book/companion/exercises/ch01/independent-peers.py" "/home/voc/projects/snodec/publications/book/build/proposal-readiness-phase-5c-examples/companion/examples/EchoPair/echoserver" "/home/voc/projects/snodec/publications/book/build/proposal-readiness-phase-5c-examples/companion/examples/Comparison-AsioEcho/asio-echo"
2: Working Directory: /home/voc/projects/snodec/publications/book/build/proposal-readiness-phase-5c-examples/companion/exercises/ch01
2: Test timeout computed to be: 40
2: PASS: snodec: active peer works while another is idle and after it closes
2: PASS: asio: active peer works while another is idle and after it closes
 2/16 Test  #2: exercise-ch01-independent-peers ...   Passed    0.13 sec
test 3
      Start  3: exercise-ch02-consumer

3: Test command: /usr/bin/python3 "/home/voc/projects/snodec/publications/book/companion/exercises/ch02/solution.py" "consumer"
3: Working Directory: /home/voc/projects/snodec/publications/book/build/proposal-readiness-phase-5c-examples/companion/exercises/ch02
3: Test timeout computed to be: 180
3: -- The CXX compiler identification is GNU 16.2.0
3: -- Detecting CXX compiler ABI info
3: -- Detecting CXX compiler ABI info - done
3: -- Check for working CXX compiler: /usr/bin/c++ - skipped
3: -- Detecting CXX compile features
3: -- Detecting CXX compile features - done
3: net-in-stream-legacy: loading dependencies 'net-in-stream, core-socket-stream-legacy'
3:   net-in-stream: loading dependencies 'net-in-phy-stream'
3:     net-in-phy-stream: loading dependencies 'net-in-phy'
3:       net-in-phy: loading dependencies 'net-in'
3:         net-in: loading dependencies 'net'
3:           net: loading dependencies 'core-socket'
3:             core-socket: loading dependencies 'core'
3:               core: loading dependencies 'mux-epoll, utils'
3:                 mux-epoll: loaded
3:                 utils: loading dependencies 'logger'
3:                   logger: loaded
3:                 utils: loaded
3:               core: loaded
3:             core-socket: loaded
3:           net: loaded
3:         net-in: loaded
3:       net-in-phy: loaded
3:     net-in-phy-stream: loaded
3:   net-in-stream: loaded
3:   core-socket-stream-legacy: loading dependencies 'core-socket-stream'
3:     core-socket-stream: loading dependencies 'core-socket'
3:       core-socket: already loaded
3:     core-socket-stream: loaded
3:   core-socket-stream-legacy: loaded
3: net-in-stream-legacy: loaded
3: -- Configuring done (0.2s)
3: -- Generating done (0.0s)
3: -- Build files have been written to: /tmp/snodec-environment-lab-bnw134xq/build
3: [ 16%] Building CXX object CMakeFiles/echosocketcontext.dir/EchoSocketContext.cpp.o
3: [ 33%] Linking CXX static library libechosocketcontext.a
3: [ 33%] Built target echosocketcontext
3: [ 50%] Building CXX object CMakeFiles/echoclient.dir/echoclient.cpp.o
3: [ 66%] Building CXX object CMakeFiles/echoserver.dir/echoserver.cpp.o
3: [ 83%] Linking CXX executable echoserver
3: [100%] Linking CXX executable echoclient
3: [100%] Built target echoserver
3: [100%] Built target echoclient
3: PASS: snodec_DIR selects the requested installation: /home/voc/projects/snodec/publications/book/build/ci-fix-2026-09-22/install-gcc/lib/cmake/snodec
3: PASS: canonical EchoPair builds and its server reflects environment-ready unchanged
 3/16 Test  #3: exercise-ch02-consumer ............   Passed    4.20 sec
test 4
      Start  4: exercise-ch02-component

4: Test command: /usr/bin/python3 "/home/voc/projects/snodec/publications/book/companion/exercises/ch02/solution.py" "component"
4: Working Directory: /home/voc/projects/snodec/publications/book/build/proposal-readiness-phase-5c-examples/companion/exercises/ch02
4: Test timeout computed to be: 180
4: net-in-stream-legacy: loading dependencies 'net-in-stream, core-socket-stream-legacy'
4:   net-in-stream: loading dependencies 'net-in-phy-stream'
4:     net-in-phy-stream: loading dependencies 'net-in-phy'
4:       net-in-phy: loading dependencies 'net-in'
4:         net-in: loading dependencies 'net'
4:           net: loading dependencies 'core-socket'
4:             core-socket: loading dependencies 'core'
4:               core: loading dependencies 'mux-epoll, utils'
4:                 mux-epoll: loaded
4:                 utils: loading dependencies 'logger'
4:                   logger: loaded
4:                 utils: loaded
4:               core: loaded
4:             core-socket: loaded
4:           net: loaded
4:         net-in: loaded
4:       net-in-phy: loaded
4:     net-in-phy-stream: loaded
4:   net-in-stream: loaded
4:   core-socket-stream-legacy: loading dependencies 'core-socket-stream'
4:     core-socket-stream: loading dependencies 'core-socket'
4:       core-socket: already loaded
4:     core-socket-stream: loaded
4:   core-socket-stream-legacy: loaded
4: net-in-stream-legacy: loaded
4: -- Configuring done (0.0s)
4: -- Generating done (0.0s)
4: -- Build files have been written to: /tmp/snodec-environment-lab-vtlatcvw/build
4: [ 16%] Building CXX object CMakeFiles/echosocketcontext.dir/EchoSocketContext.cpp.o
4: [ 33%] Linking CXX static library libechosocketcontext.a
4: [ 33%] Built target echosocketcontext
4: [ 50%] Building CXX object CMakeFiles/echoclient.dir/echoclient.cpp.o
4: [ 66%] Building CXX object CMakeFiles/echoserver.dir/echoserver.cpp.o
4: [ 83%] Linking CXX executable echoserver
4: [100%] Linking CXX executable echoclient
4: [100%] Built target echoserver
4: [100%] Built target echoclient
4: -- The CXX compiler identification is GNU 16.2.0
4: -- Detecting CXX compiler ABI info
4: -- Detecting CXX compiler ABI info - done
4: -- Check for working CXX compiler: /usr/bin/c++ - skipped
4: -- Detecting CXX compile features
4: -- Detecting CXX compile features - done
4: CMake Error at CMakeLists.txt:9 (find_package):
4:   Found package configuration file:
4:
4:     /home/voc/projects/snodec/publications/book/build/ci-fix-2026-09-22/install-gcc/lib/cmake/snodec/snodecConfig.cmake
4:
4:   but it set snodec_FOUND to FALSE so package "snodec" is considered to be
4:   NOT FOUND.  Reason given by package:
4:
4:   Unsupported SNode.C component requested: net-in-stream-missing
4:
4:
4:
4: -- Configuring incomplete, errors occurred!
4:
4: PASS: missing component stops configuration before any runtime endpoint exists
4: PASS: snodec_DIR selects the requested installation: /home/voc/projects/snodec/publications/book/build/ci-fix-2026-09-22/install-gcc/lib/cmake/snodec
4: PASS: canonical EchoPair builds and its server reflects environment-ready unchanged
 4/16 Test  #4: exercise-ch02-component ...........   Passed    4.18 sec
test 5
      Start  5: exercise-ch03

5: Test command: /usr/bin/python3 "/home/voc/projects/snodec/publications/book/companion/exercises/ch03/solution.py" "/home/voc/projects/snodec/publications/book/build/proposal-readiness-phase-5c-examples/companion/examples/EchoPair/echoserver" "/home/voc/projects/snodec/publications/book/build/proposal-readiness-phase-5c-examples/companion/exercises/ch03/greeting-client"
5: Working Directory: /home/voc/projects/snodec/publications/book/build/proposal-readiness-phase-5c-examples/companion/exercises/ch03
5: Test timeout computed to be: 40
5: PASS: EchoPair receives Learning by echo
5: PASS: independent measurement peers reflect even invalid values; closing one leaves the other usable
5: PASS: changed greeting and unchanged binary reflection with a controlled peer
 5/16 Test  #5: exercise-ch03 .....................   Passed    0.15 sec
test 6
      Start  6: exercise-ch03-occupied-port

6: Test command: /usr/bin/python3 "/home/voc/projects/snodec/publications/book/companion/exercises/ch03/occupied-port.py" "/home/voc/projects/snodec/publications/book/build/proposal-readiness-phase-5c-examples/companion/examples/EchoPair/echoserver"
6: Working Directory: /home/voc/projects/snodec/publications/book/build/proposal-readiness-phase-5c-examples/companion/exercises/ch03
6: Test timeout computed to be: 40
6: PASS: second listener reports occupied endpoint; original owner still reflects bytes
 6/16 Test  #6: exercise-ch03-occupied-port .......   Passed    0.12 sec
test 7
      Start  7: exercise-ch04-model-instances

7: Test command: /home/voc/projects/snodec/publications/book/build/proposal-readiness-phase-5c-examples/companion/exercises/ch30/model-instances
7: Working Directory: /home/voc/projects/snodec/publications/book/build/proposal-readiness-phase-5c-examples/companion/exercises/ch04
7: Test timeout computed to be: 40
7: PASS: shared inputs accept 1,2; separate model instances each accept 1
 7/16 Test  #7: exercise-ch04-model-instances .....   Passed    0.00 sec
test 8
      Start  8: exercise-ch04-independent-peers

8: Test command: /usr/bin/python3 "/home/voc/projects/snodec/publications/book/companion/exercises/ch04/../ch01/independent-peers.py" "/home/voc/projects/snodec/publications/book/build/proposal-readiness-phase-5c-examples/companion/examples/EchoPair/echoserver"
8: Working Directory: /home/voc/projects/snodec/publications/book/build/proposal-readiness-phase-5c-examples/companion/exercises/ch04
8: Test timeout computed to be: 40
8: PASS: snodec: active peer works while another is idle and after it closes
 8/16 Test  #8: exercise-ch04-independent-peers ...   Passed    0.10 sec
test 9
      Start  9: exercise-ch05-deferred-work

9: Test command: /home/voc/projects/snodec/publications/book/build/proposal-readiness-phase-5c-examples/companion/exercises/ch05/deferred-work
9: Working Directory: /home/voc/projects/snodec/publications/book/build/proposal-readiness-phase-5c-examples/companion/exercises/ch05
9: Environment variables:
9:  XDG_CONFIG_HOME=/home/voc/projects/snodec/publications/book/build/proposal-readiness-phase-5c-examples/companion/exercises/ch05/config
9: Test timeout computed to be: 10
9: PASS: empty trace before start; RUNNING dispatch gives 1,2,3; child sees first callback returned
 9/16 Test  #9: exercise-ch05-deferred-work .......   Passed    0.01 sec
test 10
      Start 10: exercise-ch05-model-checkpoint

10: Test command: /home/voc/projects/snodec/publications/book/build/proposal-readiness-phase-5c-examples/companion/exercises/ch30/model-ownership
10: Working Directory: /home/voc/projects/snodec/publications/book/build/proposal-readiness-phase-5c-examples/companion/exercises/ch05
10: Test timeout computed to be: 10
10: PASS: input 900,2,1 -> accepted 1,2,3; detached observer sees only 1,2
10/16 Test #10: exercise-ch05-model-checkpoint ....   Passed    0.00 sec
test 11
      Start 11: exercise-ch18

11: Test command: /usr/bin/python3 "/home/voc/projects/snodec/publications/book/companion/exercises/ch18/solution.py" "/home/voc/projects/snodec/publications/book/build/proposal-readiness-phase-5c-examples/companion/examples/SSE-Server/sse-server"
11: Working Directory: /home/voc/projects/snodec/publications/book/build/proposal-readiness-phase-5c-examples/companion/exercises/ch18
11: Test timeout computed to be: 40
11: PASS: 406 on restricted Accept; two matching live events; reconnect starts at current state
11/16 Test #11: exercise-ch18 .....................   Passed    0.10 sec
test 12
      Start 12: exercise-ch18-observers

12: Test command: /usr/bin/python3 "/home/voc/projects/snodec/publications/book/companion/exercises/ch18/observers.py" "/home/voc/projects/snodec/publications/book/build/proposal-readiness-phase-5c-examples/companion/examples/SSE-Server/sse-server"
12: Working Directory: /home/voc/projects/snodec/publications/book/build/proposal-readiness-phase-5c-examples/companion/exercises/ch18
12: Test timeout computed to be: 40
12: PASS: both observers see the same acceptance; remaining observer continues after peer closes
12/16 Test #12: exercise-ch18-observers ...........   Passed    0.11 sec
test 13
      Start 13: exercise-ch28

13: Test command: /usr/bin/python3 "/home/voc/projects/snodec/publications/book/companion/exercises/ch28/solution.py" "/home/voc/projects/snodec/publications/book/build/proposal-readiness-phase-5c-examples/companion/examples/MiniGateway/minigateway"
13: Working Directory: /home/voc/projects/snodec/publications/book/build/proposal-readiness-phase-5c-examples/companion/exercises/ch28
13: Test timeout computed to be: 40
13: PASS: HTTP/status/SSE agree without MQTT; restart resets sequence to zero
13/16 Test #13: exercise-ch28 .....................   Passed    0.15 sec
test 14
      Start 14: exercise-ch28-validation

14: Test command: /home/voc/projects/snodec/publications/book/build/proposal-readiness-phase-5c-examples/companion/exercises/ch28/measurement-validation
14: Working Directory: /home/voc/projects/snodec/publications/book/build/proposal-readiness-phase-5c-examples/companion/exercises/ch28
14: Test timeout computed to be: 10000000
14: PASS: three invalid inputs leave state and notifications unchanged; next acceptance is 2
14/16 Test #14: exercise-ch28-validation ..........   Passed    0.00 sec
test 15
      Start 15: exercise-ch30

15: Test command: /home/voc/projects/snodec/publications/book/build/proposal-readiness-phase-5c-examples/companion/exercises/ch30/model-ownership
15: Working Directory: /home/voc/projects/snodec/publications/book/build/proposal-readiness-phase-5c-examples/companion/exercises/ch30
15: Test timeout computed to be: 10000000
15: PASS: input 900,2,1 -> accepted 1,2,3; detached observer sees only 1,2
15/16 Test #15: exercise-ch30 .....................   Passed    0.00 sec
test 16
      Start 16: exercise-ch30-model-instances

16: Test command: /home/voc/projects/snodec/publications/book/build/proposal-readiness-phase-5c-examples/companion/exercises/ch30/model-instances
16: Working Directory: /home/voc/projects/snodec/publications/book/build/proposal-readiness-phase-5c-examples/companion/exercises/ch30
16: Test timeout computed to be: 10000000
16: PASS: shared inputs accept 1,2; separate model instances each accept 1
16/16 Test #16: exercise-ch30-model-instances .....   Passed    0.00 sec

100% tests passed, 0 tests failed out of 16

Total Test time (real) =   9.48 sec
