Test project /home/voc/projects/snodec/publications/book/build/proposal-readiness-phase-2-examples
      Start  1: exercise-ch01
 1/10 Test  #1: exercise-ch01 .....................   Passed    0.21 sec
      Start  2: exercise-ch01-independent-peers
 2/10 Test  #2: exercise-ch01-independent-peers ...   Passed    0.12 sec
      Start  3: exercise-ch03
 3/10 Test  #3: exercise-ch03 .....................   Passed    0.12 sec
      Start  4: exercise-ch03-occupied-port
 4/10 Test  #4: exercise-ch03-occupied-port .......   Passed    0.11 sec
      Start  5: exercise-ch23
 5/10 Test  #5: exercise-ch23 .....................   Passed    0.09 sec
      Start  6: exercise-ch23-observers
 6/10 Test  #6: exercise-ch23-observers ...........   Passed    0.09 sec
      Start  7: exercise-ch35
 7/10 Test  #7: exercise-ch35 .....................   Passed    0.13 sec
      Start  8: exercise-ch35-validation
 8/10 Test  #8: exercise-ch35-validation ..........   Passed    0.00 sec
      Start  9: exercise-ch37
 9/10 Test  #9: exercise-ch37 .....................   Passed    0.00 sec
      Start 10: exercise-ch37-model-instances
10/10 Test #10: exercise-ch37-model-instances .....   Passed    0.00 sec

100% tests passed, 0 tests failed out of 10

Total Test time (real) =   0.86 sec
