Chapter references passed: 30 chapters + Appendix A, 39 stable topics, 298 current references, 374 old-reference dispositions.
{
  "chapters": [
    {
      "chapter": 23,
      "path": "manuscript/chapters/23-database-support-and-application-state.md",
      "words_before": 5197,
      "words_after": 3826,
      "budget": 3900,
      "prose_words": 3460,
      "code_words": 366,
      "headings": 10,
      "heading_ceiling": 10,
      "average_section_prose_words": 334.8,
      "objectives": [
        "O1",
        "O2",
        "O3"
      ],
      "exercise_mapping": [
        [
          "Review",
          "O1"
        ],
        [
          "Review",
          "O2, O3"
        ],
        [
          "Lab",
          "O1, O2"
        ],
        [
          "Lab",
          "O2, O3"
        ],
        [
          "Design",
          "O1, O3"
        ]
      ],
      "apparatus_words": 231
    },
    {
      "chapter": 24,
      "path": "manuscript/chapters/24-snodec-in-larger-systems.md",
      "words_before": 10556,
      "words_after": 5591,
      "budget": 6200,
      "prose_words": 5329,
      "code_words": 262,
      "headings": 17,
      "heading_ceiling": 17,
      "average_section_prose_words": 304.35,
      "objectives": [
        "O1",
        "O2",
        "O3"
      ],
      "exercise_mapping": [
        [
          "Review",
          "O1"
        ],
        [
          "Review",
          "O2, O3"
        ],
        [
          "Lab",
          "O1"
        ],
        [
          "Lab",
          "O2, O3"
        ],
        [
          "Design",
          "O1, O2, O3"
        ]
      ],
      "apparatus_words": 260
    }
  ],
  "part_ix_words": 9417,
  "part_ix_budget": 10100,
  "frontmatter_words": 1980,
  "frontmatter_budget": 2500,
  "all_part_openers_words": 1327,
  "all_part_openers_budget": 1650,
  "retained_sample_reductions": [
    {
      "chapter": "1",
      "prose_reduction_percent": 26.42
    },
    {
      "chapter": "3",
      "prose_reduction_percent": 24.23
    },
    {
      "chapter": "18",
      "prose_reduction_percent": 20.91
    },
    {
      "chapter": "28",
      "prose_reduction_percent": 21.61
    },
    {
      "chapter": "30",
      "prose_reduction_percent": 22.51
    }
  ],
  "preserved_executable_configuration_fences": 293,
  "preservation_and_scope_checks_passed": true,
  "prior_lifetime_tests_preserved": true,
  "canonical_entry_dependencies_unique": true,
  "pdfs": {
    "snodec-book": {
      "pages": 338,
      "sha256": "fd2609d1dc1be726c2ed86c9f7f94cf5bf5777a4a393f5ac88dc9bb846eca4a6",
      "warnings": 0,
      "bad_boxes": 0
    },
    "book-proposal-package": {
      "pages": 6,
      "sha256": "30bd4f05e74308624d1ad9cca08450cffe3fd574f2974a78fd8b311b60c2ed26",
      "warnings": 0,
      "bad_boxes": 0
    },
    "book-proposal-sample-package": {
      "pages": 54,
      "sha256": "342da8d9d5a4dda72a90c6c406b0dbc96103ea1e3c356457376ec3729206bca9",
      "warnings": 0,
      "bad_boxes": 0
    }
  },
  "archive_identical_files": 352,
  "reserve_used": 0,
  "reserve_remaining": 2750,
  "global_words": 109822,
  "word_delta_from_phase_5i": -6300
}
PASS: Part IX budgets, pedagogy, mappings, scope, preserved listings, clean final PDFs and package contents.
Execution and editorial/visual review are recorded in separate Phase 5j logs; future Parts are not certified.
