Source alignment passed: 38 chapter evidence records, 36 exact complete listings; SNode.C 2.0.0, base 1f0f728fc9b3b45174f2cd790d83b2f493e58af1, working-tree digest c83b6344c09b1b1a106bac2fb47cabd0c21543d6e66c19a5432303378770eebf
NOTICE: using a supplied installation; this run does not verify its framework commit or run framework CTests.
-- The CXX compiler identification is GNU 16.2.0
-- Detecting CXX compiler ABI info
-- Detecting CXX compiler ABI info - done
-- Check for working CXX compiler: /usr/bin/c++ - skipped
-- Detecting CXX compile features
-- Detecting CXX compile features - done
net-in-stream-legacy: loading dependencies 'net-in-stream, core-socket-stream-legacy'
  net-in-stream: loading dependencies 'net-in-phy-stream'
    net-in-phy-stream: loading dependencies 'net-in-phy'
      net-in-phy: loading dependencies 'net-in'
        net-in: loading dependencies 'net'
          net: loading dependencies 'core-socket'
            core-socket: loading dependencies 'core'
              core: loading dependencies 'mux-epoll, utils'
                mux-epoll: loaded
                utils: loading dependencies 'logger'
                  logger: loaded
                utils: loaded
              core: loaded
            core-socket: loaded
          net: loaded
        net-in: loaded
      net-in-phy: loaded
    net-in-phy-stream: loaded
  net-in-stream: loaded
  core-socket-stream-legacy: loading dependencies 'core-socket-stream'
    core-socket-stream: loading dependencies 'core-socket'
      core-socket: already loaded
    core-socket-stream: loaded
  core-socket-stream-legacy: loaded
net-in-stream-legacy: loaded
core: loading dependencies 'mux-epoll, utils'
  mux-epoll: loaded
  utils: loading dependencies 'logger'
    logger: loaded
  utils: loaded
core: loaded
http-server-express-legacy-in: loading dependencies 'net-in-stream-legacy, http-server-express'
  net-in-stream-legacy: loading dependencies 'net-in-stream, core-socket-stream-legacy'
    net-in-stream: loading dependencies 'net-in-phy-stream'
      net-in-phy-stream: loading dependencies 'net-in-phy'
        net-in-phy: loading dependencies 'net-in'
          net-in: loading dependencies 'net'
            net: loading dependencies 'core-socket'
              core-socket: loading dependencies 'core'
                core: loading dependencies 'mux-epoll, utils'
                  mux-epoll: loaded
                  utils: loading dependencies 'logger'
                    logger: loaded
                  utils: loaded
                core: loaded
              core-socket: loaded
            net: loaded
          net-in: loaded
        net-in-phy: loaded
      net-in-phy-stream: loaded
    net-in-stream: loaded
    core-socket-stream-legacy: loading dependencies 'core-socket-stream'
      core-socket-stream: loading dependencies 'core-socket'
        core-socket: already loaded
      core-socket-stream: loaded
    core-socket-stream-legacy: loaded
  net-in-stream-legacy: loaded
  http-server-express: loading dependencies 'http-server'
    http-server: loading dependencies 'http'
      http: loading dependencies 'core-socket-stream'
        core-socket-stream: already loaded
      http: loaded
      http: configured
    http-server: loaded
  http-server-express: loaded
http-server-express-legacy-in: loaded
websocket-server: loading dependencies 'websocket, http-server'
  websocket: loading dependencies 'utils'
    utils: already loaded
  websocket: loaded
  websocket: configured
  http-server: already loaded
websocket-server: loaded
http-client: loading dependencies 'http'
  http: loading dependencies 'core-socket-stream'
    core-socket-stream: loading dependencies 'core-socket'
      core-socket: loading dependencies 'core'
        core: loading dependencies 'mux-epoll, utils'
          mux-epoll: loaded
          utils: loading dependencies 'logger'
            logger: loaded
          utils: loaded
        core: loaded
      core-socket: loaded
    core-socket-stream: loaded
  http: loaded
  http: configured
http-client: loaded
net-in-stream-legacy: loading dependencies 'net-in-stream, core-socket-stream-legacy'
  net-in-stream: loading dependencies 'net-in-phy-stream'
    net-in-phy-stream: loading dependencies 'net-in-phy'
      net-in-phy: loading dependencies 'net-in'
        net-in: loading dependencies 'net'
          net: loading dependencies 'core-socket'
            core-socket: already loaded
          net: loaded
        net-in: loaded
      net-in-phy: loaded
    net-in-phy-stream: loaded
  net-in-stream: loaded
  core-socket-stream-legacy: loading dependencies 'core-socket-stream'
    core-socket-stream: already loaded
  core-socket-stream-legacy: loaded
net-in-stream-legacy: loaded
websocket-client: loading dependencies 'websocket, http-client'
  websocket: loading dependencies 'utils'
    utils: already loaded
  websocket: loaded
  websocket: configured
  http-client: already loaded
websocket-client: loaded
-- Found nlohmann_json: /usr/share/cmake/nlohmann_json/nlohmann_jsonConfig.cmake (found suitable version "3.11.3", minimum required is "3.7.0")
http-server-express-legacy-in: loading dependencies 'net-in-stream-legacy, http-server-express'
  net-in-stream-legacy: loading dependencies 'net-in-stream, core-socket-stream-legacy'
    net-in-stream: loading dependencies 'net-in-phy-stream'
      net-in-phy-stream: loading dependencies 'net-in-phy'
        net-in-phy: loading dependencies 'net-in'
          net-in: loading dependencies 'net'
            net: loading dependencies 'core-socket'
              core-socket: loading dependencies 'core'
                core: loading dependencies 'mux-epoll, utils'
                  mux-epoll: loaded
                  utils: loading dependencies 'logger'
                    logger: loaded
                  utils: loaded
                core: loaded
              core-socket: loaded
            net: loaded
          net-in: loaded
        net-in-phy: loaded
      net-in-phy-stream: loaded
    net-in-stream: loaded
    core-socket-stream-legacy: loading dependencies 'core-socket-stream'
      core-socket-stream: loading dependencies 'core-socket'
        core-socket: already loaded
      core-socket-stream: loaded
    core-socket-stream-legacy: loaded
  net-in-stream-legacy: loaded
  http-server-express: loading dependencies 'http-server'
    http-server: loading dependencies 'http'
      http: loading dependencies 'core-socket-stream'
        core-socket-stream: already loaded
      http: loaded
      http: configured
    http-server: loaded
  http-server-express: loaded
http-server-express-legacy-in: loaded
http-client: loading dependencies 'http'
  http: loading dependencies 'core-socket-stream'
    core-socket-stream: loading dependencies 'core-socket'
      core-socket: loading dependencies 'core'
        core: loading dependencies 'mux-epoll, utils'
          mux-epoll: loaded
          utils: loading dependencies 'logger'
            logger: loaded
          utils: loaded
        core: loaded
      core-socket: loaded
    core-socket-stream: loaded
  http: loaded
  http: configured
http-client: loaded
net-in-stream-legacy: loading dependencies 'net-in-stream, core-socket-stream-legacy'
  net-in-stream: loading dependencies 'net-in-phy-stream'
    net-in-phy-stream: loading dependencies 'net-in-phy'
      net-in-phy: loading dependencies 'net-in'
        net-in: loading dependencies 'net'
          net: loading dependencies 'core-socket'
            core-socket: already loaded
          net: loaded
        net-in: loaded
      net-in-phy: loaded
    net-in-phy-stream: loaded
  net-in-stream: loaded
  core-socket-stream-legacy: loading dependencies 'core-socket-stream'
    core-socket-stream: already loaded
  core-socket-stream-legacy: loaded
net-in-stream-legacy: loaded
websocket-server: loading dependencies 'websocket, http-server'
  websocket: loading dependencies 'utils'
    utils: loading dependencies 'logger'
      logger: loaded
    utils: loaded
  websocket: loaded
  websocket: configured
  http-server: loading dependencies 'http'
    http: loading dependencies 'core-socket-stream'
      core-socket-stream: loading dependencies 'core-socket'
        core-socket: loading dependencies 'core'
          core: loading dependencies 'mux-epoll, utils'
            mux-epoll: loaded
            utils: already loaded
          core: loaded
        core-socket: loaded
      core-socket-stream: loaded
    http: loaded
    http: configured
  http-server: loaded
websocket-server: loaded
websocket-client: loading dependencies 'websocket, http-client'
  websocket: loading dependencies 'utils'
    utils: loading dependencies 'logger'
      logger: loaded
    utils: loaded
  websocket: loaded
  websocket: configured
  http-client: loading dependencies 'http'
    http: loading dependencies 'core-socket-stream'
      core-socket-stream: loading dependencies 'core-socket'
        core-socket: loading dependencies 'core'
          core: loading dependencies 'mux-epoll, utils'
            mux-epoll: loaded
            utils: already loaded
          core: loaded
        core-socket: loaded
      core-socket-stream: loaded
    http: loaded
    http: configured
  http-client: loaded
websocket-client: loaded
net-in-stream-legacy: loading dependencies 'net-in-stream, core-socket-stream-legacy'
  net-in-stream: loading dependencies 'net-in-phy-stream'
    net-in-phy-stream: loading dependencies 'net-in-phy'
      net-in-phy: loading dependencies 'net-in'
        net-in: loading dependencies 'net'
          net: loading dependencies 'core-socket'
            core-socket: loading dependencies 'core'
              core: loading dependencies 'mux-epoll, utils'
                mux-epoll: loaded
                utils: loading dependencies 'logger'
                  logger: loaded
                utils: loaded
              core: loaded
            core-socket: loaded
          net: loaded
        net-in: loaded
      net-in-phy: loaded
    net-in-phy-stream: loaded
  net-in-stream: loaded
  core-socket-stream-legacy: loading dependencies 'core-socket-stream'
    core-socket-stream: loading dependencies 'core-socket'
      core-socket: already loaded
    core-socket-stream: loaded
  core-socket-stream-legacy: loaded
net-in-stream-legacy: loaded
net-in-stream-legacy: loading dependencies 'net-in-stream, core-socket-stream-legacy'
  net-in-stream: loading dependencies 'net-in-phy-stream'
    net-in-phy-stream: loading dependencies 'net-in-phy'
      net-in-phy: loading dependencies 'net-in'
        net-in: loading dependencies 'net'
          net: loading dependencies 'core-socket'
            core-socket: loading dependencies 'core'
              core: loading dependencies 'mux-epoll, utils'
                mux-epoll: loaded
                utils: loading dependencies 'logger'
                  logger: loaded
                utils: loaded
              core: loaded
            core-socket: loaded
          net: loaded
        net-in: loaded
      net-in-phy: loaded
    net-in-phy-stream: loaded
  net-in-stream: loaded
  core-socket-stream-legacy: loading dependencies 'core-socket-stream'
    core-socket-stream: loading dependencies 'core-socket'
      core-socket: already loaded
    core-socket-stream: loaded
  core-socket-stream-legacy: loaded
net-in-stream-legacy: loaded
mqtt-client: loading dependencies 'mqtt'
  mqtt: loading dependencies 'core-socket-stream'
    core-socket-stream: loading dependencies 'core-socket'
      core-socket: loading dependencies 'core'
        core: loading dependencies 'mux-epoll, utils'
          mux-epoll: loaded
          utils: loading dependencies 'logger'
            logger: loaded
          utils: loaded
        core: loaded
      core-socket: loaded
    core-socket-stream: loaded
  mqtt: loaded
mqtt-client: loaded
db-mariadb: loading dependencies 'core'
  core: loading dependencies 'mux-epoll, utils'
    mux-epoll: loaded
    utils: loading dependencies 'logger'
      logger: loaded
    utils: loaded
  core: loaded
db-mariadb: loaded
http-server-express-legacy-in: loading dependencies 'net-in-stream-legacy, http-server-express'
  net-in-stream-legacy: loading dependencies 'net-in-stream, core-socket-stream-legacy'
    net-in-stream: loading dependencies 'net-in-phy-stream'
      net-in-phy-stream: loading dependencies 'net-in-phy'
        net-in-phy: loading dependencies 'net-in'
          net-in: loading dependencies 'net'
            net: loading dependencies 'core-socket'
              core-socket: loading dependencies 'core'
                core: loading dependencies 'mux-epoll, utils'
                  mux-epoll: loaded
                  utils: loading dependencies 'logger'
                    logger: loaded
                  utils: loaded
                core: loaded
              core-socket: loaded
            net: loaded
          net-in: loaded
        net-in-phy: loaded
      net-in-phy-stream: loaded
    net-in-stream: loaded
    core-socket-stream-legacy: loading dependencies 'core-socket-stream'
      core-socket-stream: loading dependencies 'core-socket'
        core-socket: already loaded
      core-socket-stream: loaded
    core-socket-stream-legacy: loaded
  net-in-stream-legacy: loaded
  http-server-express: loading dependencies 'http-server'
    http-server: loading dependencies 'http'
      http: loading dependencies 'core-socket-stream'
        core-socket-stream: already loaded
      http: loaded
      http: configured
    http-server: loaded
  http-server-express: loaded
http-server-express-legacy-in: loaded
net-in-stream-legacy: already loaded
mqtt-client: loading dependencies 'mqtt'
  mqtt: loading dependencies 'core-socket-stream'
    core-socket-stream: already loaded
  mqtt: loaded
mqtt-client: loaded
http-server-express-legacy-in: loading dependencies 'net-in-stream-legacy, http-server-express'
  net-in-stream-legacy: loading dependencies 'net-in-stream, core-socket-stream-legacy'
    net-in-stream: loading dependencies 'net-in-phy-stream'
      net-in-phy-stream: loading dependencies 'net-in-phy'
        net-in-phy: loading dependencies 'net-in'
          net-in: loading dependencies 'net'
            net: loading dependencies 'core-socket'
              core-socket: loading dependencies 'core'
                core: loading dependencies 'mux-epoll, utils'
                  mux-epoll: loaded
                  utils: loading dependencies 'logger'
                    logger: loaded
                  utils: loaded
                core: loaded
              core-socket: loaded
            net: loaded
          net-in: loaded
        net-in-phy: loaded
      net-in-phy-stream: loaded
    net-in-stream: loaded
    core-socket-stream-legacy: loading dependencies 'core-socket-stream'
      core-socket-stream: loading dependencies 'core-socket'
        core-socket: already loaded
      core-socket-stream: loaded
    core-socket-stream-legacy: loaded
  net-in-stream-legacy: loaded
  http-server-express: loading dependencies 'http-server'
    http-server: loading dependencies 'http'
      http: loading dependencies 'core-socket-stream'
        core-socket-stream: already loaded
      http: loaded
      http: configured
    http-server: loaded
  http-server-express: loaded
http-server-express-legacy-in: loaded
net-in-stream-legacy: already loaded
mqtt-client: loading dependencies 'mqtt'
  mqtt: loading dependencies 'core-socket-stream'
    core-socket-stream: already loaded
  mqtt: loaded
mqtt-client: loaded
net-un-stream-legacy: loading dependencies 'net-un-stream, core-socket-stream-legacy'
  net-un-stream: loading dependencies 'net-un-phy-stream'
    net-un-phy-stream: loading dependencies 'net-un-phy'
      net-un-phy: loading dependencies 'net-un'
        net-un: loading dependencies 'net'
          net: already loaded
        net-un: loaded
      net-un-phy: loaded
    net-un-phy-stream: loaded
  net-un-stream: loaded
  core-socket-stream-legacy: already loaded
net-un-stream-legacy: loaded
-- Configuring done (0.3s)
-- Generating done (0.0s)
-- Build files have been written to: /home/voc/projects/snodec/publications/book/build/proposal-readiness-phase-1-examples
[1/57] Building CXX object companion/examples/EchoPair/CMakeFiles/echosocketcontext.dir/EchoSocketContext.cpp.o
[2/57] Building CXX object companion/examples/WebSocket-Echo-ServerSubprotocol/CMakeFiles/websocket-echo-server-subprotocol.dir/EchoServer.cpp.o
[3/57] Building CXX object companion/examples/WebSocket-Echo-ServerSubprotocol/CMakeFiles/websocket-echo-server-subprotocol.dir/EchoServerFactory.cpp.o
[4/57] Building CXX object companion/examples/WebSocket-Echo-ClientSubprotocol/CMakeFiles/websocket-echo-client-subprotocol.dir/EchoClient.cpp.o
[5/57] Linking CXX static library companion/examples/EchoPair/libechosocketcontext.a
[6/57] Building CXX object companion/examples/WebSocket-Echo-ClientSubprotocol/CMakeFiles/websocket-echo-client-subprotocol.dir/EchoClientFactory.cpp.o
[7/57] Building CXX object companion/examples/EchoPair/CMakeFiles/echoserver.dir/echoserver.cpp.o
[8/57] Building CXX object companion/examples/EchoPair/CMakeFiles/echoclient.dir/echoclient.cpp.o
[9/57] Building CXX object companion/examples/SemanticLogging/CMakeFiles/semantic-logging.dir/main.cpp.o
[10/57] Building CXX object companion/examples/HttpUpgrade-Server/CMakeFiles/http-upgrade-server.dir/main.cpp.o
[11/57] Building CXX object companion/examples/HttpUpgrade-Client/CMakeFiles/http-upgrade-client.dir/main.cpp.o
[12/57] Building CXX object companion/examples/SSE-Server/CMakeFiles/sse-server.dir/main.cpp.o
[13/57] Linking CXX shared library companion/examples/WebSocket-Echo-ServerSubprotocol/libsnodec-websocket-echo-server.so.2
[14/57] Linking CXX shared library companion/examples/WebSocket-Echo-ClientSubprotocol/libsnodec-websocket-echo-client.so.2
[15/57] Building CXX object companion/examples/SSE-EventSource-Client/CMakeFiles/sse-eventsource-client.dir/main.cpp.o
[16/57] Building CXX object companion/examples/LineProtocol-Server/CMakeFiles/line-protocol-server.dir/LineCommandServerContext.cpp.o
[17/57] Building CXX object companion/examples/LineProtocol-Server/CMakeFiles/line-protocol-server.dir/main.cpp.o
[18/57] Building CXX object companion/examples/LineProtocol-Client/CMakeFiles/line-protocol-client.dir/LineCommandClientContext.cpp.o
[19/57] Building CXX object companion/examples/LineProtocol-Client/CMakeFiles/line-protocol-client.dir/main.cpp.o
[20/57] Building CXX object companion/examples/MariaDB-Minimal/CMakeFiles/mariadb-minimal.dir/main.cpp.o
[21/57] Building CXX object companion/examples/MQTT-ClientRole/CMakeFiles/mqtt-client-role.dir/SensorClient.cpp.o
[22/57] Building CXX object companion/examples/MiniGateway/CMakeFiles/minigateway.dir/MeasurementModel.cpp.o
[23/57] Building CXX object companion/examples/MiniGateway/CMakeFiles/minigateway.dir/MeasurementJsonCodec.cpp.o
[24/57] Building CXX object companion/examples/MiniGateway/CMakeFiles/minigateway.dir/main.cpp.o
[25/57] Building CXX object companion/examples/MiniGateway/CMakeFiles/minigateway.dir/MiniGatewayMqttClient.cpp.o
[26/57] Building CXX object companion/examples/MiniGateway/CMakeFiles/minigateway.dir/MiniGatewayWeb.cpp.o
[27/57] Building CXX object companion/examples/MiniGateway/CMakeFiles/minigateway.dir/MiniGatewayMqtt.cpp.o
[28/57] Building CXX object companion/examples/MiniGateway/CMakeFiles/minigateway.dir/SocketStateReporter.cpp.o
[29/57] Building CXX object companion/examples/MiniGateway/CMakeFiles/minigateway.dir/MiniGatewayMqttSocketContextFactory.cpp.o
[30/57] Building CXX object companion/examples/MiniGateway/CMakeFiles/minigateway.dir/ConfigSections.cpp.o
[31/57] Building CXX object companion/examples/MiniGateway-Extended/CMakeFiles/minigateway-extended.dir/MeasurementModel.cpp.o
[32/57] Building CXX object companion/examples/MiniGateway-Extended/CMakeFiles/minigateway-extended.dir/main.cpp.o
[33/57] Building CXX object companion/examples/MiniGateway-Extended/CMakeFiles/minigateway-extended.dir/MeasurementJsonCodec.cpp.o
[34/57] Building CXX object companion/examples/MiniGateway-Extended/CMakeFiles/minigateway-extended.dir/MiniGatewayWeb.cpp.o
[35/57] Building CXX object companion/examples/MiniGateway-Extended/CMakeFiles/minigateway-extended.dir/MeasurementUnixSocketServer.cpp.o
[36/57] Building CXX object companion/examples/MiniGateway-Extended/CMakeFiles/minigateway-extended.dir/MeasurementUnixSocketContextFactory.cpp.o
[37/57] Building CXX object companion/examples/MiniGateway-Extended/CMakeFiles/minigateway-extended.dir/MeasurementUnixSocketContext.cpp.o
[38/57] Building CXX object companion/examples/MiniGateway-Extended/CMakeFiles/minigateway-extended.dir/MiniGatewayMqtt.cpp.o
[39/57] Building CXX object companion/examples/MiniGateway-Extended/CMakeFiles/minigateway-extended.dir/MiniGatewayMqttClient.cpp.o
[40/57] Building CXX object companion/examples/MiniGateway-Extended/CMakeFiles/minigateway-extended.dir/SocketStateReporter.cpp.o
[41/57] Building CXX object companion/examples/MiniGateway-Extended/CMakeFiles/minigateway-extended.dir/MiniGatewayMqttSocketContextFactory.cpp.o
[42/57] Linking CXX executable companion/examples/EchoPair/echoserver
[43/57] Linking CXX executable companion/examples/EchoPair/echoclient
[44/57] Linking CXX executable companion/examples/SemanticLogging/semantic-logging
[45/57] Linking CXX executable companion/examples/HttpUpgrade-Server/http-upgrade-server
[46/57] Linking CXX executable companion/examples/HttpUpgrade-Client/http-upgrade-client
[47/57] Linking CXX executable companion/examples/SSE-Server/sse-server
[48/57] Linking CXX executable companion/examples/SSE-EventSource-Client/sse-eventsource-client
[49/57] Creating library symlink companion/examples/WebSocket-Echo-ServerSubprotocol/libsnodec-websocket-echo-server.so
[50/57] Creating library symlink companion/examples/WebSocket-Echo-ClientSubprotocol/libsnodec-websocket-echo-client.so
[51/57] Linking CXX executable companion/examples/LineProtocol-Server/line-protocol-server
[52/57] Linking CXX executable companion/examples/LineProtocol-Client/line-protocol-client
[53/57] Linking CXX static library companion/examples/MQTT-ClientRole/libmqtt-client-role.a
[54/57] Linking CXX executable companion/examples/MariaDB-Minimal/mariadb-minimal
[55/57] Linking CXX executable companion/examples/MiniGateway/minigateway
[56/57] Building CXX object companion/examples/MiniGateway-Extended/CMakeFiles/minigateway-extended.dir/ConfigSections.cpp.o
[57/57] Linking CXX executable companion/examples/MiniGateway-Extended/minigateway-extended
Companion example build passed.
